/orcd/software/core/001/pkg/nvhpc/26.1/Linux_x86_64/26.1/comm_libs/mpi/bin/mpirun
/orcd/software/core/001/pkg/nvhpc/26.1/Linux_x86_64/26.1/compilers/bin/nvcc
Bin dir = /orcd/data/orcd/022/benchmarks/nccl-tests/build-nvhpc-26.1
num_gpu_per_task = 8
collectives = sendrecv_perf all_reduce_perf all_gather_perf reduce_scatter_perf reduce_perf broadcast_perf alltoall_perf gather_perf scatter_perf hypercube_perf
%%%%%%%%% sendrecv_perf %%%%%%%%%%
# nThread 1 nGpus 8 minBytes 1048576 maxBytes 17179869184 step: 4(factor) warmup iters: 5 iters: 20 agg iters: 1 validation: 1 graph: 0
#
# Using devices
#  Rank  0 Group  0 Pid   8999 on   node5501 device  0 [0x1b] NVIDIA B200
#  Rank  1 Group  0 Pid   8999 on   node5501 device  1 [0x43] NVIDIA B200
#  Rank  2 Group  0 Pid   8999 on   node5501 device  2 [0x52] NVIDIA B200
#  Rank  3 Group  0 Pid   8999 on   node5501 device  3 [0x61] NVIDIA B200
#  Rank  4 Group  0 Pid   8999 on   node5501 device  4 [0x9d] NVIDIA B200
#  Rank  5 Group  0 Pid   8999 on   node5501 device  5 [0xc3] NVIDIA B200
#  Rank  6 Group  0 Pid   8999 on   node5501 device  6 [0xd1] NVIDIA B200
#  Rank  7 Group  0 Pid   8999 on   node5501 device  7 [0xdf] NVIDIA B200
#
#                                                              out-of-place                       in-place          
#       size         count      type   redop    root     time   algbw   busbw #wrong     time   algbw   busbw #wrong
#        (B)    (elements)                               (us)  (GB/s)  (GB/s)            (us)  (GB/s)  (GB/s)       
     1048576        262144     float     sum      -1    39.66   26.44   26.44      0    40.79   25.71   25.71    N/A
     4194304       1048576     float     sum      -1    67.05   62.56   62.56      0    66.18   63.38   63.38    N/A
    16777216       4194304     float     sum      -1    215.8   77.74   77.74      0    217.7   77.07   77.07    N/A
    67108864      16777216     float     sum      -1    794.3   84.49   84.49      0    787.4   85.23   85.23    N/A
   268435456      67108864     float     sum      -1    807.6  332.40  332.40      0    805.0  333.47  333.47    N/A
  1073741824     268435456     float     sum      -1   1667.3  643.99  643.99      0   1673.3  641.69  641.69    N/A
  4294967296    1073741824     float     sum      -1   6503.9  660.37  660.37      0   6646.3  646.22  646.22    N/A
 17179869184    4294967296     float     sum      -1    25852  664.54  664.54      0    26470  649.02  649.02    N/A
# Out of bounds values : 0 OK
# Avg bus bandwidth    : 317.146 
#

%%%%%%%%% all_reduce_perf %%%%%%%%%%
# nThread 1 nGpus 8 minBytes 1048576 maxBytes 17179869184 step: 4(factor) warmup iters: 5 iters: 20 agg iters: 1 validation: 1 graph: 0
#
# Using devices
#  Rank  0 Group  0 Pid   9086 on   node5501 device  0 [0x1b] NVIDIA B200
#  Rank  1 Group  0 Pid   9086 on   node5501 device  1 [0x43] NVIDIA B200
#  Rank  2 Group  0 Pid   9086 on   node5501 device  2 [0x52] NVIDIA B200
#  Rank  3 Group  0 Pid   9086 on   node5501 device  3 [0x61] NVIDIA B200
#  Rank  4 Group  0 Pid   9086 on   node5501 device  4 [0x9d] NVIDIA B200
#  Rank  5 Group  0 Pid   9086 on   node5501 device  5 [0xc3] NVIDIA B200
#  Rank  6 Group  0 Pid   9086 on   node5501 device  6 [0xd1] NVIDIA B200
#  Rank  7 Group  0 Pid   9086 on   node5501 device  7 [0xdf] NVIDIA B200
#
#                                                              out-of-place                       in-place          
#       size         count      type   redop    root     time   algbw   busbw #wrong     time   algbw   busbw #wrong
#        (B)    (elements)                               (us)  (GB/s)  (GB/s)            (us)  (GB/s)  (GB/s)       
     1048576        262144     float     sum      -1    53.88   19.46   34.06      0    48.86   21.46   37.56      0
     4194304       1048576     float     sum      -1    58.60   71.58  125.27      0    58.25   72.00  126.01      0
    16777216       4194304     float     sum      -1    110.3  152.07  266.13      0    107.9  155.52  272.17      0
    67108864      16777216     float     sum      -1    278.1  241.28  422.24      0    278.3  241.17  422.05      0
   268435456      67108864     float     sum      -1    712.7  376.65  659.13      0    713.7  376.11  658.19      0
  1073741824     268435456     float     sum      -1   2571.9  417.50  730.62      0   2571.2  417.60  730.80      0
  4294967296    1073741824     float     sum      -1   9096.8  472.14  826.25      0   9099.0  472.03  826.04      0
 17179869184    4294967296     float     sum      -1    35956  477.80  836.16      0    35897  478.59  837.54      0
# Out of bounds values : 0 OK
# Avg bus bandwidth    : 488.137 
#

%%%%%%%%% all_gather_perf %%%%%%%%%%
# nThread 1 nGpus 8 minBytes 1048576 maxBytes 17179869184 step: 4(factor) warmup iters: 5 iters: 20 agg iters: 1 validation: 1 graph: 0
#
# Using devices
#  Rank  0 Group  0 Pid   9181 on   node5501 device  0 [0x1b] NVIDIA B200
#  Rank  1 Group  0 Pid   9181 on   node5501 device  1 [0x43] NVIDIA B200
#  Rank  2 Group  0 Pid   9181 on   node5501 device  2 [0x52] NVIDIA B200
#  Rank  3 Group  0 Pid   9181 on   node5501 device  3 [0x61] NVIDIA B200
#  Rank  4 Group  0 Pid   9181 on   node5501 device  4 [0x9d] NVIDIA B200
#  Rank  5 Group  0 Pid   9181 on   node5501 device  5 [0xc3] NVIDIA B200
#  Rank  6 Group  0 Pid   9181 on   node5501 device  6 [0xd1] NVIDIA B200
#  Rank  7 Group  0 Pid   9181 on   node5501 device  7 [0xdf] NVIDIA B200
#
#                                                              out-of-place                       in-place          
#       size         count      type   redop    root     time   algbw   busbw #wrong     time   algbw   busbw #wrong
#        (B)    (elements)                               (us)  (GB/s)  (GB/s)            (us)  (GB/s)  (GB/s)       
     1048576         32768     float    none      -1    58.43   17.95   15.70      0    58.57   17.90   15.67      0
     4194304        131072     float    none      -1    56.39   74.39   65.09      0    55.69   75.32   65.90      0
    16777216        524288     float    none      -1    107.1  156.63  137.05      0    105.6  158.80  138.95      0
    67108864       2097152     float    none      -1    141.2  475.42  416.00      0    140.2  478.77  418.92      0
   268435456       8388608     float    none      -1    405.1  662.57  579.75      0    405.7  661.59  578.89      0
  1073741824      33554432     float    none      -1   1524.5  704.31  616.27      0   1507.8  712.13  623.11      0
  4294967296     134217728     float    none      -1   5789.6  741.85  649.12      0   5708.4  752.39  658.34      0
 17179869184     536870912     float    none      -1    22586  760.66  665.58      0    22330  769.37  673.20      0
# Out of bounds values : 0 OK
# Avg bus bandwidth    : 394.847 
#

%%%%%%%%% reduce_scatter_perf %%%%%%%%%%
# nThread 1 nGpus 8 minBytes 1048576 maxBytes 17179869184 step: 4(factor) warmup iters: 5 iters: 20 agg iters: 1 validation: 1 graph: 0
#
# Using devices
#  Rank  0 Group  0 Pid   9270 on   node5501 device  0 [0x1b] NVIDIA B200
#  Rank  1 Group  0 Pid   9270 on   node5501 device  1 [0x43] NVIDIA B200
#  Rank  2 Group  0 Pid   9270 on   node5501 device  2 [0x52] NVIDIA B200
#  Rank  3 Group  0 Pid   9270 on   node5501 device  3 [0x61] NVIDIA B200
#  Rank  4 Group  0 Pid   9270 on   node5501 device  4 [0x9d] NVIDIA B200
#  Rank  5 Group  0 Pid   9270 on   node5501 device  5 [0xc3] NVIDIA B200
#  Rank  6 Group  0 Pid   9270 on   node5501 device  6 [0xd1] NVIDIA B200
#  Rank  7 Group  0 Pid   9270 on   node5501 device  7 [0xdf] NVIDIA B200
#
#                                                              out-of-place                       in-place          
#       size         count      type   redop    root     time   algbw   busbw #wrong     time   algbw   busbw #wrong
#        (B)    (elements)                               (us)  (GB/s)  (GB/s)            (us)  (GB/s)  (GB/s)       
     1048576         32768     float     sum      -1    49.57   21.15   18.51      0    50.66   20.70   18.11      0
     4194304        131072     float     sum      -1    55.54   75.52   66.08      0    52.33   80.15   70.13      0
    16777216        524288     float     sum      -1    101.3  165.60  144.90      0    100.5  166.93  146.06      0
    67108864       2097152     float     sum      -1    141.0  475.84  416.36      0    140.7  477.00  417.38      0
   268435456       8388608     float     sum      -1    401.5  668.54  584.97      0    398.4  673.81  589.58      0
  1073741824      33554432     float     sum      -1   1462.7  734.10  642.33      0   1461.2  734.82  642.97      0
  4294967296     134217728     float     sum      -1   5552.8  773.48  676.80      0   5538.2  775.51  678.58      0
 17179869184     536870912     float     sum      -1    21799  788.10  689.59      0    21745  790.08  691.32      0
# Out of bounds values : 0 OK
# Avg bus bandwidth    : 405.854 
#

%%%%%%%%% reduce_perf %%%%%%%%%%
# nThread 1 nGpus 8 minBytes 1048576 maxBytes 17179869184 step: 4(factor) warmup iters: 5 iters: 20 agg iters: 1 validation: 1 graph: 0
#
# Using devices
#  Rank  0 Group  0 Pid   9357 on   node5501 device  0 [0x1b] NVIDIA B200
#  Rank  1 Group  0 Pid   9357 on   node5501 device  1 [0x43] NVIDIA B200
#  Rank  2 Group  0 Pid   9357 on   node5501 device  2 [0x52] NVIDIA B200
#  Rank  3 Group  0 Pid   9357 on   node5501 device  3 [0x61] NVIDIA B200
#  Rank  4 Group  0 Pid   9357 on   node5501 device  4 [0x9d] NVIDIA B200
#  Rank  5 Group  0 Pid   9357 on   node5501 device  5 [0xc3] NVIDIA B200
#  Rank  6 Group  0 Pid   9357 on   node5501 device  6 [0xd1] NVIDIA B200
#  Rank  7 Group  0 Pid   9357 on   node5501 device  7 [0xdf] NVIDIA B200
#
#                                                              out-of-place                       in-place          
#       size         count      type   redop    root     time   algbw   busbw #wrong     time   algbw   busbw #wrong
#        (B)    (elements)                               (us)  (GB/s)  (GB/s)            (us)  (GB/s)  (GB/s)       
     1048576        262144     float     sum       0    45.36   23.12   23.12      0    45.79   22.90   22.90      0
     4194304       1048576     float     sum       0    49.15   85.33   85.33      0    48.38   86.69   86.69      0
    16777216       4194304     float     sum       0    56.13  298.92  298.92      0    56.59  296.50  296.50      0
    67108864      16777216     float     sum       0    132.4  506.76  506.76      0    132.9  505.15  505.15      0
   268435456      67108864     float     sum       0    433.2  619.62  619.62      0    433.4  619.31  619.31      0
  1073741824     268435456     float     sum       0   1617.7  663.73  663.73      0   1618.5  663.40  663.40      0
  4294967296    1073741824     float     sum       0   6368.0  674.46  674.46      0   6369.8  674.27  674.27      0
 17179869184    4294967296     float     sum       0    25122  683.86  683.86      0    25051  685.81  685.81      0
# Out of bounds values : 0 OK
# Avg bus bandwidth    : 444.363 
#

%%%%%%%%% broadcast_perf %%%%%%%%%%
# nThread 1 nGpus 8 minBytes 1048576 maxBytes 17179869184 step: 4(factor) warmup iters: 5 iters: 20 agg iters: 1 validation: 1 graph: 0
#
# Using devices
#  Rank  0 Group  0 Pid   9455 on   node5501 device  0 [0x1b] NVIDIA B200
#  Rank  1 Group  0 Pid   9455 on   node5501 device  1 [0x43] NVIDIA B200
#  Rank  2 Group  0 Pid   9455 on   node5501 device  2 [0x52] NVIDIA B200
#  Rank  3 Group  0 Pid   9455 on   node5501 device  3 [0x61] NVIDIA B200
#  Rank  4 Group  0 Pid   9455 on   node5501 device  4 [0x9d] NVIDIA B200
#  Rank  5 Group  0 Pid   9455 on   node5501 device  5 [0xc3] NVIDIA B200
#  Rank  6 Group  0 Pid   9455 on   node5501 device  6 [0xd1] NVIDIA B200
#  Rank  7 Group  0 Pid   9455 on   node5501 device  7 [0xdf] NVIDIA B200
#
#                                                              out-of-place                       in-place          
#       size         count      type   redop    root     time   algbw   busbw #wrong     time   algbw   busbw #wrong
#        (B)    (elements)                               (us)  (GB/s)  (GB/s)            (us)  (GB/s)  (GB/s)       
     1048576        262144     float    none       0    40.32   26.01   26.01      0    39.92   26.27   26.27      0
     4194304       1048576     float    none       0    44.39   94.49   94.49      0    43.97   95.40   95.40      0
    16777216       4194304     float    none       0    54.93  305.44  305.44      0    55.52  302.19  302.19      0
    67108864      16777216     float    none       0    135.2  496.46  496.46      0    135.4  495.70  495.70      0
   268435456      67108864     float    none       0    439.3  611.11  611.11      0    440.4  609.56  609.56      0
  1073741824     268435456     float    none       0   1667.5  643.93  643.93      0   1666.6  644.26  644.26      0
  4294967296    1073741824     float    none       0   6508.8  659.87  659.87      0   6504.7  660.29  660.29      0
 17179869184    4294967296     float    none       0    25355  677.58  677.58      0    25366  677.28  677.28      0
# Out of bounds values : 0 OK
# Avg bus bandwidth    : 439.115 
#

%%%%%%%%% alltoall_perf %%%%%%%%%%
# nThread 1 nGpus 8 minBytes 1048576 maxBytes 17179869184 step: 4(factor) warmup iters: 5 iters: 20 agg iters: 1 validation: 1 graph: 0
#
# Using devices
#  Rank  0 Group  0 Pid   9542 on   node5501 device  0 [0x1b] NVIDIA B200
#  Rank  1 Group  0 Pid   9542 on   node5501 device  1 [0x43] NVIDIA B200
#  Rank  2 Group  0 Pid   9542 on   node5501 device  2 [0x52] NVIDIA B200
#  Rank  3 Group  0 Pid   9542 on   node5501 device  3 [0x61] NVIDIA B200
#  Rank  4 Group  0 Pid   9542 on   node5501 device  4 [0x9d] NVIDIA B200
#  Rank  5 Group  0 Pid   9542 on   node5501 device  5 [0xc3] NVIDIA B200
#  Rank  6 Group  0 Pid   9542 on   node5501 device  6 [0xd1] NVIDIA B200
#  Rank  7 Group  0 Pid   9542 on   node5501 device  7 [0xdf] NVIDIA B200
#
#                                                              out-of-place                       in-place          
#       size         count      type   redop    root     time   algbw   busbw #wrong     time   algbw   busbw #wrong
#        (B)    (elements)                               (us)  (GB/s)  (GB/s)            (us)  (GB/s)  (GB/s)       
     1048576         32768     float    none      -1    64.83   16.17   14.15      0    64.14   16.35   14.31    N/A
     4194304        131072     float    none      -1    66.93   62.67   54.84      0    71.19   58.92   51.55    N/A
    16777216        524288     float    none      -1    70.89  236.68  207.09      0    71.34  235.16  205.77    N/A
    67108864       2097152     float    none      -1    139.7  480.33  420.29      0    141.2  475.21  415.81    N/A
   268435456       8388608     float    none      -1    442.1  607.13  531.24      0    438.2  612.58  536.00    N/A
  1073741824      33554432     float    none      -1   1558.1  689.15  603.01      0   1590.8  674.96  590.59    N/A
  4294967296     134217728     float    none      -1   5813.3  738.81  646.46      0   5812.6  738.91  646.55    N/A
 17179869184     536870912     float    none      -1    22785  754.00  659.75      0    22780  754.18  659.91    N/A
# Out of bounds values : 0 OK
# Avg bus bandwidth    : 391.082 
#

%%%%%%%%% gather_perf %%%%%%%%%%
# nThread 1 nGpus 8 minBytes 1048576 maxBytes 17179869184 step: 4(factor) warmup iters: 5 iters: 20 agg iters: 1 validation: 1 graph: 0
#
# Using devices
#  Rank  0 Group  0 Pid   9629 on   node5501 device  0 [0x1b] NVIDIA B200
#  Rank  1 Group  0 Pid   9629 on   node5501 device  1 [0x43] NVIDIA B200
#  Rank  2 Group  0 Pid   9629 on   node5501 device  2 [0x52] NVIDIA B200
#  Rank  3 Group  0 Pid   9629 on   node5501 device  3 [0x61] NVIDIA B200
#  Rank  4 Group  0 Pid   9629 on   node5501 device  4 [0x9d] NVIDIA B200
#  Rank  5 Group  0 Pid   9629 on   node5501 device  5 [0xc3] NVIDIA B200
#  Rank  6 Group  0 Pid   9629 on   node5501 device  6 [0xd1] NVIDIA B200
#  Rank  7 Group  0 Pid   9629 on   node5501 device  7 [0xdf] NVIDIA B200
#
#                                                              out-of-place                       in-place          
#       size         count      type   redop    root     time   algbw   busbw #wrong     time   algbw   busbw #wrong
#        (B)    (elements)                               (us)  (GB/s)  (GB/s)            (us)  (GB/s)  (GB/s)       
     1048576         32768     float    none       0    37.20   28.19   24.67      0    38.89   26.96   23.59      0
     4194304        131072     float    none       0    38.45  109.09   95.45      0    35.77  117.27  102.61      0
    16777216        524288     float    none       0    37.10  452.23  395.70      0    36.94  454.16  397.39      0
    67108864       2097152     float    none       0    95.86  700.08  612.57      0    95.71  701.17  613.52      0
   268435456       8388608     float    none       0    340.3  788.76  690.16      0    341.9  785.04  686.91      0
  1073741824      33554432     float    none       0   1337.8  802.63  702.30      0   1339.6  801.56  701.37      0
  4294967296     134217728     float    none       0   5253.7  817.52  715.33      0   5255.7  817.20  715.05      0
 17179869184     536870912     float    none       0    20944  820.26  717.73      0    20944  820.29  717.75      0
# Out of bounds values : 0 OK
# Avg bus bandwidth    : 494.507 
#

%%%%%%%%% scatter_perf %%%%%%%%%%
# nThread 1 nGpus 8 minBytes 1048576 maxBytes 17179869184 step: 4(factor) warmup iters: 5 iters: 20 agg iters: 1 validation: 1 graph: 0
#
# Using devices
#  Rank  0 Group  0 Pid   9717 on   node5501 device  0 [0x1b] NVIDIA B200
#  Rank  1 Group  0 Pid   9717 on   node5501 device  1 [0x43] NVIDIA B200
#  Rank  2 Group  0 Pid   9717 on   node5501 device  2 [0x52] NVIDIA B200
#  Rank  3 Group  0 Pid   9717 on   node5501 device  3 [0x61] NVIDIA B200
#  Rank  4 Group  0 Pid   9717 on   node5501 device  4 [0x9d] NVIDIA B200
#  Rank  5 Group  0 Pid   9717 on   node5501 device  5 [0xc3] NVIDIA B200
#  Rank  6 Group  0 Pid   9717 on   node5501 device  6 [0xd1] NVIDIA B200
#  Rank  7 Group  0 Pid   9717 on   node5501 device  7 [0xdf] NVIDIA B200
#
#                                                              out-of-place                       in-place          
#       size         count      type   redop    root     time   algbw   busbw #wrong     time   algbw   busbw #wrong
#        (B)    (elements)                               (us)  (GB/s)  (GB/s)            (us)  (GB/s)  (GB/s)       
     1048576         32768     float    none       0    36.56   28.68   25.09      0    35.93   29.18   25.53      0
     4194304        131072     float    none       0    36.83  113.88   99.65      0    36.67  114.38  100.09      0
    16777216        524288     float    none       0    38.42  436.63  382.05      0    37.70  444.98  389.36      0
    67108864       2097152     float    none       0    98.64  680.33  595.29      0    102.0  657.89  575.66      0
   268435456       8388608     float    none       0    340.4  788.64  690.06      0    368.8  727.92  636.93      0
  1073741824      33554432     float    none       0   1292.2  830.92  727.05      0   1291.5  831.42  727.49      0
  4294967296     134217728     float    none       0   5146.5  834.54  730.23      0   5159.9  832.37  728.33      0
 17179869184     536870912     float    none       0    20472  839.20  734.30      0    20536  836.57  732.00      0
# Out of bounds values : 0 OK
# Avg bus bandwidth    : 493.694 
#

%%%%%%%%% hypercube_perf %%%%%%%%%%
# nThread 1 nGpus 8 minBytes 1048576 maxBytes 17179869184 step: 4(factor) warmup iters: 5 iters: 20 agg iters: 1 validation: 1 graph: 0
#
# Using devices
#  Rank  0 Group  0 Pid   9804 on   node5501 device  0 [0x1b] NVIDIA B200
#  Rank  1 Group  0 Pid   9804 on   node5501 device  1 [0x43] NVIDIA B200
#  Rank  2 Group  0 Pid   9804 on   node5501 device  2 [0x52] NVIDIA B200
#  Rank  3 Group  0 Pid   9804 on   node5501 device  3 [0x61] NVIDIA B200
#  Rank  4 Group  0 Pid   9804 on   node5501 device  4 [0x9d] NVIDIA B200
#  Rank  5 Group  0 Pid   9804 on   node5501 device  5 [0xc3] NVIDIA B200
#  Rank  6 Group  0 Pid   9804 on   node5501 device  6 [0xd1] NVIDIA B200
#  Rank  7 Group  0 Pid   9804 on   node5501 device  7 [0xdf] NVIDIA B200
#
#                                                              out-of-place                       in-place          
#       size         count      type   redop    root     time   algbw   busbw #wrong     time   algbw   busbw #wrong
#        (B)    (elements)                               (us)  (GB/s)  (GB/s)            (us)  (GB/s)  (GB/s)       
     1048576         32768     float              -1    84.96   10.80   10.80  1.00333e+06    53.04   17.30   17.30  1.01382e+06
     4194304        131072     float              -1    85.31   43.02   43.02  3.77632e+06    56.91   64.48   64.48  3.88474e+06
    16777216        524288     float              -1    126.0  116.52  116.52  1.19968e+07    118.1  124.32  124.32  1.19126e+07
    67108864       2097152     float              -1    410.1  143.19  143.19  2.41023e+07    404.8  145.07  145.07  2.40466e+07
   268435456       8388608     float              -1   1212.5  193.72  193.72  1.08451e+08   1197.5  196.15  196.15  1.09418e+08
  1073741824      33554432     float              -1   2262.3  415.30  415.30  6.35164e+08   2215.3  424.12  424.12  6.35833e+08
  4294967296     134217728     float              -1   8122.9  462.65  462.65  9.28547e+08   8001.1  469.70  469.70  9.17825e+08
 17179869184     536870912     float              -1    32451  463.23  463.23  3.21221e+09    31745  473.54  473.54  3.21453e+09
# Out of bounds values : 16 FAILED
# Avg bus bandwidth    : 235.195 
#

--------------------------------------------------------------------------
Primary job  terminated normally, but 1 process returned
a non-zero exit code. Per user-direction, the job has been aborted.
--------------------------------------------------------------------------
--------------------------------------------------------------------------
mpirun detected that one or more processes exited with non-zero status, thus causing
the job to be terminated. The first process to do so was:

  Process name: [[10057,1],0]
  Exit code:    1
--------------------------------------------------------------------------
