/orcd/software/core/001/pkg/nvhpc/26.1/Linux_x86_64/26.1/comm_libs/mpi/bin/mpirun
/orcd/software/core/001/pkg/nvhpc/26.1/Linux_x86_64/26.1/compilers/bin/nvcc
Bin dir = /orcd/data/orcd/022/benchmarks/nccl-tests/build-nvhpc-26.1
num_gpu_per_task = 8
collectives = sendrecv_perf all_reduce_perf all_gather_perf reduce_scatter_perf reduce_perf broadcast_perf alltoall_perf gather_perf scatter_perf hypercube_perf
%%%%%%%%% sendrecv_perf %%%%%%%%%%
# nThread 1 nGpus 8 minBytes 1048576 maxBytes 17179869184 step: 4(factor) warmup iters: 5 iters: 20 agg iters: 1 validation: 1 graph: 0
#
# Using devices
#  Rank  0 Group  0 Pid   5446 on node5600-c1 device  0 [0x1b] NVIDIA B200
#  Rank  1 Group  0 Pid   5446 on node5600-c1 device  1 [0x43] NVIDIA B200
#  Rank  2 Group  0 Pid   5446 on node5600-c1 device  2 [0x52] NVIDIA B200
#  Rank  3 Group  0 Pid   5446 on node5600-c1 device  3 [0x61] NVIDIA B200
#  Rank  4 Group  0 Pid   5446 on node5600-c1 device  4 [0x9d] NVIDIA B200
#  Rank  5 Group  0 Pid   5446 on node5600-c1 device  5 [0xc3] NVIDIA B200
#  Rank  6 Group  0 Pid   5446 on node5600-c1 device  6 [0xd1] NVIDIA B200
#  Rank  7 Group  0 Pid   5446 on node5600-c1 device  7 [0xdf] NVIDIA B200
#
#                                                              out-of-place                       in-place          
#       size         count      type   redop    root     time   algbw   busbw #wrong     time   algbw   busbw #wrong
#        (B)    (elements)                               (us)  (GB/s)  (GB/s)            (us)  (GB/s)  (GB/s)       
     1048576        262144     float     sum      -1    36.71   28.57   28.57      0    36.05   29.08   29.08    N/A
     4194304       1048576     float     sum      -1    66.04   63.51   63.51      0    67.17   62.45   62.45    N/A
    16777216       4194304     float     sum      -1    214.7   78.16   78.16      0    217.1   77.29   77.29    N/A
    67108864      16777216     float     sum      -1    796.5   84.25   84.25      0    794.8   84.44   84.44    N/A
   268435456      67108864     float     sum      -1    812.1  330.53  330.53      0    809.3  331.67  331.67    N/A
  1073741824     268435456     float     sum      -1   1676.0  640.64  640.64      0   1687.8  636.18  636.18    N/A
  4294967296    1073741824     float     sum      -1   6541.8  656.54  656.54      0   6645.5  646.30  646.30    N/A
 17179869184    4294967296     float     sum      -1    26030  660.00  660.00      0    26531  647.54  647.54    N/A
# Out of bounds values : 0 OK
# Avg bus bandwidth    : 316.071 
#

%%%%%%%%% all_reduce_perf %%%%%%%%%%
# nThread 1 nGpus 8 minBytes 1048576 maxBytes 17179869184 step: 4(factor) warmup iters: 5 iters: 20 agg iters: 1 validation: 1 graph: 0
#
# Using devices
#  Rank  0 Group  0 Pid   5533 on node5600-c1 device  0 [0x1b] NVIDIA B200
#  Rank  1 Group  0 Pid   5533 on node5600-c1 device  1 [0x43] NVIDIA B200
#  Rank  2 Group  0 Pid   5533 on node5600-c1 device  2 [0x52] NVIDIA B200
#  Rank  3 Group  0 Pid   5533 on node5600-c1 device  3 [0x61] NVIDIA B200
#  Rank  4 Group  0 Pid   5533 on node5600-c1 device  4 [0x9d] NVIDIA B200
#  Rank  5 Group  0 Pid   5533 on node5600-c1 device  5 [0xc3] NVIDIA B200
#  Rank  6 Group  0 Pid   5533 on node5600-c1 device  6 [0xd1] NVIDIA B200
#  Rank  7 Group  0 Pid   5533 on node5600-c1 device  7 [0xdf] NVIDIA B200
#
#                                                              out-of-place                       in-place          
#       size         count      type   redop    root     time   algbw   busbw #wrong     time   algbw   busbw #wrong
#        (B)    (elements)                               (us)  (GB/s)  (GB/s)            (us)  (GB/s)  (GB/s)       
     1048576        262144     float     sum      -1    54.00   19.42   33.98      0    54.11   19.38   33.92      0
     4194304       1048576     float     sum      -1    57.72   72.67  127.17      0    57.51   72.93  127.63      0
    16777216       4194304     float     sum      -1    110.2  152.24  266.43      0    108.0  155.40  271.94      0
    67108864      16777216     float     sum      -1    279.4  240.15  420.26      0    278.2  241.24  422.17      0
   268435456      67108864     float     sum      -1    712.0  377.02  659.79      0    712.9  376.54  658.95      0
  1073741824     268435456     float     sum      -1   2552.8  420.62  736.09      0   2555.1  420.24  735.42      0
  4294967296    1073741824     float     sum      -1   9063.0  473.90  829.32      0   9051.8  474.49  830.35      0
 17179869184    4294967296     float     sum      -1    35731  480.81  841.41      0    35707  481.13  841.98      0
# Out of bounds values : 0 OK
# Avg bus bandwidth    : 489.801 
#

%%%%%%%%% all_gather_perf %%%%%%%%%%
# nThread 1 nGpus 8 minBytes 1048576 maxBytes 17179869184 step: 4(factor) warmup iters: 5 iters: 20 agg iters: 1 validation: 1 graph: 0
#
# Using devices
#  Rank  0 Group  0 Pid   5628 on node5600-c1 device  0 [0x1b] NVIDIA B200
#  Rank  1 Group  0 Pid   5628 on node5600-c1 device  1 [0x43] NVIDIA B200
#  Rank  2 Group  0 Pid   5628 on node5600-c1 device  2 [0x52] NVIDIA B200
#  Rank  3 Group  0 Pid   5628 on node5600-c1 device  3 [0x61] NVIDIA B200
#  Rank  4 Group  0 Pid   5628 on node5600-c1 device  4 [0x9d] NVIDIA B200
#  Rank  5 Group  0 Pid   5628 on node5600-c1 device  5 [0xc3] NVIDIA B200
#  Rank  6 Group  0 Pid   5628 on node5600-c1 device  6 [0xd1] NVIDIA B200
#  Rank  7 Group  0 Pid   5628 on node5600-c1 device  7 [0xdf] NVIDIA B200
#
#                                                              out-of-place                       in-place          
#       size         count      type   redop    root     time   algbw   busbw #wrong     time   algbw   busbw #wrong
#        (B)    (elements)                               (us)  (GB/s)  (GB/s)            (us)  (GB/s)  (GB/s)       
     1048576         32768     float    none      -1    55.27   18.97   16.60      0    61.95   16.93   14.81      0
     4194304        131072     float    none      -1    56.42   74.34   65.05      0    59.27   70.77   61.92      0
    16777216        524288     float    none      -1    105.9  158.47  138.66      0    104.6  160.35  140.31      0
    67108864       2097152     float    none      -1    140.8  476.50  416.93      0    139.8  480.13  420.11      0
   268435456       8388608     float    none      -1    402.3  667.20  583.80      0    401.6  668.48  584.92      0
  1073741824      33554432     float    none      -1   1516.3  708.14  619.62      0   1502.3  714.72  625.38      0
  4294967296     134217728     float    none      -1   5718.9  751.01  657.14      0   5631.4  762.68  667.34      0
 17179869184     536870912     float    none      -1    22279  771.11  674.72      0    21968  782.06  684.30      0
# Out of bounds values : 0 OK
# Avg bus bandwidth    : 398.226 
#

%%%%%%%%% reduce_scatter_perf %%%%%%%%%%
# nThread 1 nGpus 8 minBytes 1048576 maxBytes 17179869184 step: 4(factor) warmup iters: 5 iters: 20 agg iters: 1 validation: 1 graph: 0
#
# Using devices
#  Rank  0 Group  0 Pid   5715 on node5600-c1 device  0 [0x1b] NVIDIA B200
#  Rank  1 Group  0 Pid   5715 on node5600-c1 device  1 [0x43] NVIDIA B200
#  Rank  2 Group  0 Pid   5715 on node5600-c1 device  2 [0x52] NVIDIA B200
#  Rank  3 Group  0 Pid   5715 on node5600-c1 device  3 [0x61] NVIDIA B200
#  Rank  4 Group  0 Pid   5715 on node5600-c1 device  4 [0x9d] NVIDIA B200
#  Rank  5 Group  0 Pid   5715 on node5600-c1 device  5 [0xc3] NVIDIA B200
#  Rank  6 Group  0 Pid   5715 on node5600-c1 device  6 [0xd1] NVIDIA B200
#  Rank  7 Group  0 Pid   5715 on node5600-c1 device  7 [0xdf] NVIDIA B200
#
#                                                              out-of-place                       in-place          
#       size         count      type   redop    root     time   algbw   busbw #wrong     time   algbw   busbw #wrong
#        (B)    (elements)                               (us)  (GB/s)  (GB/s)            (us)  (GB/s)  (GB/s)       
     1048576         32768     float     sum      -1    48.86   21.46   18.78      0    48.26   21.73   19.01      0
     4194304        131072     float     sum      -1    47.09   89.06   77.93      0    47.02   89.19   78.05      0
    16777216        524288     float     sum      -1    102.0  164.51  143.95      0    102.3  164.01  143.51      0
    67108864       2097152     float     sum      -1    142.3  471.72  412.75      0    141.7  473.65  414.44      0
   268435456       8388608     float     sum      -1    402.7  666.51  583.20      0    402.2  667.36  583.94      0
  1073741824      33554432     float     sum      -1   1489.0  721.12  630.98      0   1484.9  723.12  632.73      0
  4294967296     134217728     float     sum      -1   5586.7  768.78  672.69      0   5496.2  781.44  683.76      0
 17179869184     536870912     float     sum      -1    21477  799.94  699.94      0    21473  800.08  700.07      0
# Out of bounds values : 0 OK
# Avg bus bandwidth    : 405.983 
#

%%%%%%%%% reduce_perf %%%%%%%%%%
# nThread 1 nGpus 8 minBytes 1048576 maxBytes 17179869184 step: 4(factor) warmup iters: 5 iters: 20 agg iters: 1 validation: 1 graph: 0
#
# Using devices
#  Rank  0 Group  0 Pid   5803 on node5600-c1 device  0 [0x1b] NVIDIA B200
#  Rank  1 Group  0 Pid   5803 on node5600-c1 device  1 [0x43] NVIDIA B200
#  Rank  2 Group  0 Pid   5803 on node5600-c1 device  2 [0x52] NVIDIA B200
#  Rank  3 Group  0 Pid   5803 on node5600-c1 device  3 [0x61] NVIDIA B200
#  Rank  4 Group  0 Pid   5803 on node5600-c1 device  4 [0x9d] NVIDIA B200
#  Rank  5 Group  0 Pid   5803 on node5600-c1 device  5 [0xc3] NVIDIA B200
#  Rank  6 Group  0 Pid   5803 on node5600-c1 device  6 [0xd1] NVIDIA B200
#  Rank  7 Group  0 Pid   5803 on node5600-c1 device  7 [0xdf] NVIDIA B200
#
#                                                              out-of-place                       in-place          
#       size         count      type   redop    root     time   algbw   busbw #wrong     time   algbw   busbw #wrong
#        (B)    (elements)                               (us)  (GB/s)  (GB/s)            (us)  (GB/s)  (GB/s)       
     1048576        262144     float     sum       0    39.58   26.49   26.49      0    39.59   26.49   26.49      0
     4194304       1048576     float     sum       0    45.43   92.33   92.33      0    48.67   86.18   86.18      0
    16777216       4194304     float     sum       0    57.63  291.10  291.10      0    55.69  301.27  301.27      0
    67108864      16777216     float     sum       0    132.5  506.40  506.40      0    132.0  508.27  508.27      0
   268435456      67108864     float     sum       0    430.1  624.11  624.11      0    429.2  625.46  625.46      0
  1073741824     268435456     float     sum       0   1616.6  664.21  664.21      0   1621.2  662.32  662.32      0
  4294967296    1073741824     float     sum       0   6335.9  677.88  677.88      0   6339.9  677.46  677.46      0
 17179869184    4294967296     float     sum       0    25007  687.00  687.00      0    24955  688.42  688.42      0
# Out of bounds values : 0 OK
# Avg bus bandwidth    : 446.586 
#

%%%%%%%%% broadcast_perf %%%%%%%%%%
# nThread 1 nGpus 8 minBytes 1048576 maxBytes 17179869184 step: 4(factor) warmup iters: 5 iters: 20 agg iters: 1 validation: 1 graph: 0
#
# Using devices
#  Rank  0 Group  0 Pid   5890 on node5600-c1 device  0 [0x1b] NVIDIA B200
#  Rank  1 Group  0 Pid   5890 on node5600-c1 device  1 [0x43] NVIDIA B200
#  Rank  2 Group  0 Pid   5890 on node5600-c1 device  2 [0x52] NVIDIA B200
#  Rank  3 Group  0 Pid   5890 on node5600-c1 device  3 [0x61] NVIDIA B200
#  Rank  4 Group  0 Pid   5890 on node5600-c1 device  4 [0x9d] NVIDIA B200
#  Rank  5 Group  0 Pid   5890 on node5600-c1 device  5 [0xc3] NVIDIA B200
#  Rank  6 Group  0 Pid   5890 on node5600-c1 device  6 [0xd1] NVIDIA B200
#  Rank  7 Group  0 Pid   5890 on node5600-c1 device  7 [0xdf] NVIDIA B200
#
#                                                              out-of-place                       in-place          
#       size         count      type   redop    root     time   algbw   busbw #wrong     time   algbw   busbw #wrong
#        (B)    (elements)                               (us)  (GB/s)  (GB/s)            (us)  (GB/s)  (GB/s)       
     1048576        262144     float    none       0    41.76   25.11   25.11      0    40.74   25.74   25.74      0
     4194304       1048576     float    none       0    44.29   94.70   94.70      0    44.46   94.34   94.34      0
    16777216       4194304     float    none       0    55.92  300.02  300.02      0    55.44  302.64  302.64      0
    67108864      16777216     float    none       0    136.4  492.07  492.07      0    136.7  490.91  490.91      0
   268435456      67108864     float    none       0    442.4  606.81  606.81      0    442.1  607.21  607.21      0
  1073741824     268435456     float    none       0   1677.1  640.26  640.26      0   1680.4  639.00  639.00      0
  4294967296    1073741824     float    none       0   6561.1  654.61  654.61      0   6560.0  654.72  654.72      0
 17179869184    4294967296     float    none       0    25545  672.54  672.54      0    25600  671.09  671.09      0
# Out of bounds values : 0 OK
# Avg bus bandwidth    : 435.735 
#

%%%%%%%%% alltoall_perf %%%%%%%%%%
# nThread 1 nGpus 8 minBytes 1048576 maxBytes 17179869184 step: 4(factor) warmup iters: 5 iters: 20 agg iters: 1 validation: 1 graph: 0
#
# Using devices
#  Rank  0 Group  0 Pid   5977 on node5600-c1 device  0 [0x1b] NVIDIA B200
#  Rank  1 Group  0 Pid   5977 on node5600-c1 device  1 [0x43] NVIDIA B200
#  Rank  2 Group  0 Pid   5977 on node5600-c1 device  2 [0x52] NVIDIA B200
#  Rank  3 Group  0 Pid   5977 on node5600-c1 device  3 [0x61] NVIDIA B200
#  Rank  4 Group  0 Pid   5977 on node5600-c1 device  4 [0x9d] NVIDIA B200
#  Rank  5 Group  0 Pid   5977 on node5600-c1 device  5 [0xc3] NVIDIA B200
#  Rank  6 Group  0 Pid   5977 on node5600-c1 device  6 [0xd1] NVIDIA B200
#  Rank  7 Group  0 Pid   5977 on node5600-c1 device  7 [0xdf] NVIDIA B200
#
#                                                              out-of-place                       in-place          
#       size         count      type   redop    root     time   algbw   busbw #wrong     time   algbw   busbw #wrong
#        (B)    (elements)                               (us)  (GB/s)  (GB/s)            (us)  (GB/s)  (GB/s)       
     1048576         32768     float    none      -1    57.81   18.14   15.87      0    58.97   17.78   15.56    N/A
     4194304        131072     float    none      -1    69.31   60.52   52.95      0    71.71   58.49   51.18    N/A
    16777216        524288     float    none      -1    70.83  236.87  207.26      0    65.05  257.92  225.68    N/A
    67108864       2097152     float    none      -1    138.8  483.34  422.92      0    140.7  476.95  417.33    N/A
   268435456       8388608     float    none      -1    438.9  611.55  535.11      0    435.9  615.77  538.80    N/A
  1073741824      33554432     float    none      -1   1544.7  695.10  608.21      0   1584.1  677.81  593.08    N/A
  4294967296     134217728     float    none      -1   5779.4  743.16  650.26      0   5804.2  739.97  647.48    N/A
 17179869184     536870912     float    none      -1    22635  759.00  664.13      0    22622  759.42  664.49    N/A
# Out of bounds values : 0 OK
# Avg bus bandwidth    : 394.394 
#

%%%%%%%%% gather_perf %%%%%%%%%%
# nThread 1 nGpus 8 minBytes 1048576 maxBytes 17179869184 step: 4(factor) warmup iters: 5 iters: 20 agg iters: 1 validation: 1 graph: 0
#
# Using devices
#  Rank  0 Group  0 Pid   6064 on node5600-c1 device  0 [0x1b] NVIDIA B200
#  Rank  1 Group  0 Pid   6064 on node5600-c1 device  1 [0x43] NVIDIA B200
#  Rank  2 Group  0 Pid   6064 on node5600-c1 device  2 [0x52] NVIDIA B200
#  Rank  3 Group  0 Pid   6064 on node5600-c1 device  3 [0x61] NVIDIA B200
#  Rank  4 Group  0 Pid   6064 on node5600-c1 device  4 [0x9d] NVIDIA B200
#  Rank  5 Group  0 Pid   6064 on node5600-c1 device  5 [0xc3] NVIDIA B200
#  Rank  6 Group  0 Pid   6064 on node5600-c1 device  6 [0xd1] NVIDIA B200
#  Rank  7 Group  0 Pid   6064 on node5600-c1 device  7 [0xdf] NVIDIA B200
#
#                                                              out-of-place                       in-place          
#       size         count      type   redop    root     time   algbw   busbw #wrong     time   algbw   busbw #wrong
#        (B)    (elements)                               (us)  (GB/s)  (GB/s)            (us)  (GB/s)  (GB/s)       
     1048576         32768     float    none       0    36.76   28.53   24.96      0    40.12   26.14   22.87      0
     4194304        131072     float    none       0    42.19   99.41   86.98      0    40.46  103.68   90.72      0
    16777216        524288     float    none       0    42.72  392.77  343.67      0    41.69  402.47  352.16      0
    67108864       2097152     float    none       0    95.23  704.70  616.61      0    95.73  701.04  613.41      0
   268435456       8388608     float    none       0    340.7  787.85  689.37      0    341.4  786.29  688.00      0
  1073741824      33554432     float    none       0   1335.5  803.99  703.49      0   1333.2  805.40  704.72      0
  4294967296     134217728     float    none       0   5228.5  821.46  718.78      0   5226.7  821.74  719.02      0
 17179869184     536870912     float    none       0    20881  822.75  719.91      0    20879  822.82  719.97      0
# Out of bounds values : 0 OK
# Avg bus bandwidth    : 488.416 
#

%%%%%%%%% scatter_perf %%%%%%%%%%
# nThread 1 nGpus 8 minBytes 1048576 maxBytes 17179869184 step: 4(factor) warmup iters: 5 iters: 20 agg iters: 1 validation: 1 graph: 0
#
# Using devices
#  Rank  0 Group  0 Pid   6151 on node5600-c1 device  0 [0x1b] NVIDIA B200
#  Rank  1 Group  0 Pid   6151 on node5600-c1 device  1 [0x43] NVIDIA B200
#  Rank  2 Group  0 Pid   6151 on node5600-c1 device  2 [0x52] NVIDIA B200
#  Rank  3 Group  0 Pid   6151 on node5600-c1 device  3 [0x61] NVIDIA B200
#  Rank  4 Group  0 Pid   6151 on node5600-c1 device  4 [0x9d] NVIDIA B200
#  Rank  5 Group  0 Pid   6151 on node5600-c1 device  5 [0xc3] NVIDIA B200
#  Rank  6 Group  0 Pid   6151 on node5600-c1 device  6 [0xd1] NVIDIA B200
#  Rank  7 Group  0 Pid   6151 on node5600-c1 device  7 [0xdf] NVIDIA B200
#
#                                                              out-of-place                       in-place          
#       size         count      type   redop    root     time   algbw   busbw #wrong     time   algbw   busbw #wrong
#        (B)    (elements)                               (us)  (GB/s)  (GB/s)            (us)  (GB/s)  (GB/s)       
     1048576         32768     float    none       0    37.05   28.30   24.76      0    38.40   27.31   23.89      0
     4194304        131072     float    none       0    41.08  102.09   89.33      0    41.83  100.27   87.74      0
    16777216        524288     float    none       0    42.90  391.07  342.19      0    42.62  393.64  344.43      0
    67108864       2097152     float    none       0    97.12  691.01  604.63      0    101.8  658.93  576.57      0
   268435456       8388608     float    none       0    341.0  787.17  688.77      0    368.6  728.35  637.31      0
  1073741824      33554432     float    none       0   1288.6  833.29  729.13      0   1288.0  833.64  729.43      0
  4294967296     134217728     float    none       0   5128.3  837.50  732.82      0   5142.3  835.23  730.82      0
 17179869184     536870912     float    none       0    20408  841.84  736.61      0    20473  839.16  734.26      0
# Out of bounds values : 0 OK
# Avg bus bandwidth    : 488.293 
#

%%%%%%%%% hypercube_perf %%%%%%%%%%
# nThread 1 nGpus 8 minBytes 1048576 maxBytes 17179869184 step: 4(factor) warmup iters: 5 iters: 20 agg iters: 1 validation: 1 graph: 0
#
# Using devices
#  Rank  0 Group  0 Pid   6238 on node5600-c1 device  0 [0x1b] NVIDIA B200
#  Rank  1 Group  0 Pid   6238 on node5600-c1 device  1 [0x43] NVIDIA B200
#  Rank  2 Group  0 Pid   6238 on node5600-c1 device  2 [0x52] NVIDIA B200
#  Rank  3 Group  0 Pid   6238 on node5600-c1 device  3 [0x61] NVIDIA B200
#  Rank  4 Group  0 Pid   6238 on node5600-c1 device  4 [0x9d] NVIDIA B200
#  Rank  5 Group  0 Pid   6238 on node5600-c1 device  5 [0xc3] NVIDIA B200
#  Rank  6 Group  0 Pid   6238 on node5600-c1 device  6 [0xd1] NVIDIA B200
#  Rank  7 Group  0 Pid   6238 on node5600-c1 device  7 [0xdf] NVIDIA B200
#
#                                                              out-of-place                       in-place          
#       size         count      type   redop    root     time   algbw   busbw #wrong     time   algbw   busbw #wrong
#        (B)    (elements)                               (us)  (GB/s)  (GB/s)            (us)  (GB/s)  (GB/s)       
     1048576         32768     float              -1    77.76   11.80   11.80  976640    52.50   17.48   17.48  979680
     4194304        131072     float              -1    83.38   44.01   44.01  3.87802e+06    55.09   66.62   66.62  3.81728e+06
    16777216        524288     float              -1    116.2  126.38  126.38  1.22565e+07    110.8  132.45  132.45  1.2147e+07
    67108864       2097152     float              -1    408.4  143.77  143.77  2.42333e+07    402.8  145.77  145.77  2.40827e+07
   268435456       8388608     float              -1   1201.2  195.54  195.54  1.10428e+08   1186.4  197.98  197.98  1.10468e+08
  1073741824      33554432     float              -1   2250.2  417.54  417.54  6.40491e+08   2206.0  425.90  425.90  6.36904e+08
  4294967296     134217728     float              -1   7998.9  469.82  469.82  8.94195e+08   7834.6  479.68  479.68  9.10201e+08
 17179869184     536870912     float              -1    31748  473.49  473.49  3.14902e+09    31199  481.82  481.82  3.18338e+09
# Out of bounds values : 16 FAILED
# Avg bus bandwidth    : 239.378 
#

--------------------------------------------------------------------------
Primary job  terminated normally, but 1 process returned
a non-zero exit code. Per user-direction, the job has been aborted.
--------------------------------------------------------------------------
--------------------------------------------------------------------------
mpirun detected that one or more processes exited with non-zero status, thus causing
the job to be terminated. The first process to do so was:

  Process name: [[1151,1],0]
  Exit code:    1
--------------------------------------------------------------------------
