/orcd/software/core/001/pkg/nvhpc/26.1/Linux_x86_64/26.1/comm_libs/mpi/bin/mpirun
/orcd/software/core/001/pkg/nvhpc/26.1/Linux_x86_64/26.1/compilers/bin/nvcc
Bin dir = /orcd/data/orcd/022/benchmarks/nccl-tests/build-nvhpc-26.1
num_gpu_per_task = 8
collectives = sendrecv_perf all_reduce_perf all_gather_perf reduce_scatter_perf reduce_perf broadcast_perf alltoall_perf gather_perf scatter_perf hypercube_perf
%%%%%%%%% sendrecv_perf %%%%%%%%%%
# nThread 1 nGpus 8 minBytes 1048576 maxBytes 17179869184 step: 4(factor) warmup iters: 5 iters: 20 agg iters: 1 validation: 1 graph: 0
#
# Using devices
#  Rank  0 Group  0 Pid   7314 on node5800-c1 device  0 [0x1b] NVIDIA B200
#  Rank  1 Group  0 Pid   7314 on node5800-c1 device  1 [0x43] NVIDIA B200
#  Rank  2 Group  0 Pid   7314 on node5800-c1 device  2 [0x52] NVIDIA B200
#  Rank  3 Group  0 Pid   7314 on node5800-c1 device  3 [0x61] NVIDIA B200
#  Rank  4 Group  0 Pid   7314 on node5800-c1 device  4 [0x9d] NVIDIA B200
#  Rank  5 Group  0 Pid   7314 on node5800-c1 device  5 [0xc3] NVIDIA B200
#  Rank  6 Group  0 Pid   7314 on node5800-c1 device  6 [0xd1] NVIDIA B200
#  Rank  7 Group  0 Pid   7314 on node5800-c1 device  7 [0xdf] NVIDIA B200
#
#                                                              out-of-place                       in-place          
#       size         count      type   redop    root     time   algbw   busbw #wrong     time   algbw   busbw #wrong
#        (B)    (elements)                               (us)  (GB/s)  (GB/s)            (us)  (GB/s)  (GB/s)       
     1048576        262144     float     sum      -1    35.80   29.29   29.29      0    36.18   28.98   28.98    N/A
     4194304       1048576     float     sum      -1    66.32   63.24   63.24      0    66.67   62.92   62.92    N/A
    16777216       4194304     float     sum      -1    213.7   78.50   78.50      0    217.2   77.23   77.23    N/A
    67108864      16777216     float     sum      -1    792.5   84.68   84.68      0    790.2   84.93   84.93    N/A
   268435456      67108864     float     sum      -1    809.3  331.70  331.70      0    803.8  333.97  333.97    N/A
  1073741824     268435456     float     sum      -1   1663.7  645.39  645.39      0   1674.7  641.17  641.17    N/A
  4294967296    1073741824     float     sum      -1   6503.9  660.37  660.37      0   6610.8  649.69  649.69    N/A
 17179869184    4294967296     float     sum      -1    25826  665.21  665.21      0    26374  651.38  651.38    N/A
# Out of bounds values : 0 OK
# Avg bus bandwidth    : 318.041 
#

%%%%%%%%% all_reduce_perf %%%%%%%%%%
# nThread 1 nGpus 8 minBytes 1048576 maxBytes 17179869184 step: 4(factor) warmup iters: 5 iters: 20 agg iters: 1 validation: 1 graph: 0
#
# Using devices
#  Rank  0 Group  0 Pid   7401 on node5800-c1 device  0 [0x1b] NVIDIA B200
#  Rank  1 Group  0 Pid   7401 on node5800-c1 device  1 [0x43] NVIDIA B200
#  Rank  2 Group  0 Pid   7401 on node5800-c1 device  2 [0x52] NVIDIA B200
#  Rank  3 Group  0 Pid   7401 on node5800-c1 device  3 [0x61] NVIDIA B200
#  Rank  4 Group  0 Pid   7401 on node5800-c1 device  4 [0x9d] NVIDIA B200
#  Rank  5 Group  0 Pid   7401 on node5800-c1 device  5 [0xc3] NVIDIA B200
#  Rank  6 Group  0 Pid   7401 on node5800-c1 device  6 [0xd1] NVIDIA B200
#  Rank  7 Group  0 Pid   7401 on node5800-c1 device  7 [0xdf] NVIDIA B200
#
#                                                              out-of-place                       in-place          
#       size         count      type   redop    root     time   algbw   busbw #wrong     time   algbw   busbw #wrong
#        (B)    (elements)                               (us)  (GB/s)  (GB/s)            (us)  (GB/s)  (GB/s)       
     1048576        262144     float     sum      -1    54.41   19.27   33.73      0    50.24   20.87   36.53      0
     4194304       1048576     float     sum      -1    57.85   72.50  126.87      0    57.78   72.59  127.04      0
    16777216       4194304     float     sum      -1    110.7  151.61  265.31      0    108.7  154.31  270.05      0
    67108864      16777216     float     sum      -1    279.6  240.05  420.08      0    279.9  239.74  419.55      0
   268435456      67108864     float     sum      -1    716.9  374.44  655.27      0    715.1  375.40  656.95      0
  1073741824     268435456     float     sum      -1   2557.7  419.80  734.65      0   2564.1  418.76  732.82      0
  4294967296    1073741824     float     sum      -1   9104.4  471.75  825.56      0   9102.7  471.84  825.71      0
 17179869184    4294967296     float     sum      -1    35875  478.88  838.05      0    35871  478.94  838.15      0
# Out of bounds values : 0 OK
# Avg bus bandwidth    : 487.895 
#

%%%%%%%%% all_gather_perf %%%%%%%%%%
# nThread 1 nGpus 8 minBytes 1048576 maxBytes 17179869184 step: 4(factor) warmup iters: 5 iters: 20 agg iters: 1 validation: 1 graph: 0
#
# Using devices
#  Rank  0 Group  0 Pid   7496 on node5800-c1 device  0 [0x1b] NVIDIA B200
#  Rank  1 Group  0 Pid   7496 on node5800-c1 device  1 [0x43] NVIDIA B200
#  Rank  2 Group  0 Pid   7496 on node5800-c1 device  2 [0x52] NVIDIA B200
#  Rank  3 Group  0 Pid   7496 on node5800-c1 device  3 [0x61] NVIDIA B200
#  Rank  4 Group  0 Pid   7496 on node5800-c1 device  4 [0x9d] NVIDIA B200
#  Rank  5 Group  0 Pid   7496 on node5800-c1 device  5 [0xc3] NVIDIA B200
#  Rank  6 Group  0 Pid   7496 on node5800-c1 device  6 [0xd1] NVIDIA B200
#  Rank  7 Group  0 Pid   7496 on node5800-c1 device  7 [0xdf] NVIDIA B200
#
#                                                              out-of-place                       in-place          
#       size         count      type   redop    root     time   algbw   busbw #wrong     time   algbw   busbw #wrong
#        (B)    (elements)                               (us)  (GB/s)  (GB/s)            (us)  (GB/s)  (GB/s)       
     1048576         32768     float    none      -1    55.98   18.73   16.39      0    56.52   18.55   16.23      0
     4194304        131072     float    none      -1    56.44   74.32   65.03      0    57.20   73.32   64.16      0
    16777216        524288     float    none      -1    106.7  157.29  137.62      0    104.9  159.97  139.97      0
    67108864       2097152     float    none      -1    141.0  476.09  416.58      0    139.7  480.39  420.34      0
   268435456       8388608     float    none      -1    404.8  663.10  580.21      0    403.5  665.24  582.09      0
  1073741824      33554432     float    none      -1   1514.9  708.79  620.19      0   1497.3  717.11  627.47      0
  4294967296     134217728     float    none      -1   5742.3  747.95  654.46      0   5680.6  756.07  661.56      0
 17179869184     536870912     float    none      -1    22474  764.42  668.86      0    22204  773.72  677.01      0
# Out of bounds values : 0 OK
# Avg bus bandwidth    : 396.761 
#

%%%%%%%%% reduce_scatter_perf %%%%%%%%%%
# nThread 1 nGpus 8 minBytes 1048576 maxBytes 17179869184 step: 4(factor) warmup iters: 5 iters: 20 agg iters: 1 validation: 1 graph: 0
#
# Using devices
#  Rank  0 Group  0 Pid   7583 on node5800-c1 device  0 [0x1b] NVIDIA B200
#  Rank  1 Group  0 Pid   7583 on node5800-c1 device  1 [0x43] NVIDIA B200
#  Rank  2 Group  0 Pid   7583 on node5800-c1 device  2 [0x52] NVIDIA B200
#  Rank  3 Group  0 Pid   7583 on node5800-c1 device  3 [0x61] NVIDIA B200
#  Rank  4 Group  0 Pid   7583 on node5800-c1 device  4 [0x9d] NVIDIA B200
#  Rank  5 Group  0 Pid   7583 on node5800-c1 device  5 [0xc3] NVIDIA B200
#  Rank  6 Group  0 Pid   7583 on node5800-c1 device  6 [0xd1] NVIDIA B200
#  Rank  7 Group  0 Pid   7583 on node5800-c1 device  7 [0xdf] NVIDIA B200
#
#                                                              out-of-place                       in-place          
#       size         count      type   redop    root     time   algbw   busbw #wrong     time   algbw   busbw #wrong
#        (B)    (elements)                               (us)  (GB/s)  (GB/s)            (us)  (GB/s)  (GB/s)       
     1048576         32768     float     sum      -1    49.21   21.31   18.65      0    50.74   20.67   18.08      0
     4194304        131072     float     sum      -1    48.59   86.33   75.54      0    51.56   81.35   71.18      0
    16777216        524288     float     sum      -1    101.9  164.57  144.00      0    101.5  165.31  144.64      0
    67108864       2097152     float     sum      -1    141.5  474.30  415.02      0    140.4  478.11  418.34      0
   268435456       8388608     float     sum      -1    397.4  675.50  591.07      0    393.6  681.97  596.72      0
  1073741824      33554432     float     sum      -1   1446.0  742.55  649.73      0   1443.2  743.99  650.99      0
  4294967296     134217728     float     sum      -1   5534.5  776.03  679.03      0   5528.7  776.85  679.74      0
 17179869184     536870912     float     sum      -1    21647  793.63  694.43      0    21646  793.67  694.46      0
# Out of bounds values : 0 OK
# Avg bus bandwidth    : 408.851 
#

%%%%%%%%% reduce_perf %%%%%%%%%%
# nThread 1 nGpus 8 minBytes 1048576 maxBytes 17179869184 step: 4(factor) warmup iters: 5 iters: 20 agg iters: 1 validation: 1 graph: 0
#
# Using devices
#  Rank  0 Group  0 Pid   7670 on node5800-c1 device  0 [0x1b] NVIDIA B200
#  Rank  1 Group  0 Pid   7670 on node5800-c1 device  1 [0x43] NVIDIA B200
#  Rank  2 Group  0 Pid   7670 on node5800-c1 device  2 [0x52] NVIDIA B200
#  Rank  3 Group  0 Pid   7670 on node5800-c1 device  3 [0x61] NVIDIA B200
#  Rank  4 Group  0 Pid   7670 on node5800-c1 device  4 [0x9d] NVIDIA B200
#  Rank  5 Group  0 Pid   7670 on node5800-c1 device  5 [0xc3] NVIDIA B200
#  Rank  6 Group  0 Pid   7670 on node5800-c1 device  6 [0xd1] NVIDIA B200
#  Rank  7 Group  0 Pid   7670 on node5800-c1 device  7 [0xdf] NVIDIA B200
#
#                                                              out-of-place                       in-place          
#       size         count      type   redop    root     time   algbw   busbw #wrong     time   algbw   busbw #wrong
#        (B)    (elements)                               (us)  (GB/s)  (GB/s)            (us)  (GB/s)  (GB/s)       
     1048576        262144     float     sum       0    40.73   25.74   25.74      0    40.38   25.97   25.97      0
     4194304       1048576     float     sum       0    46.11   90.97   90.97      0    43.33   96.80   96.80      0
    16777216       4194304     float     sum       0    53.20  315.36  315.36      0    52.73  318.16  318.16      0
    67108864      16777216     float     sum       0    132.1  508.01  508.01      0    132.3  507.42  507.42      0
   268435456      67108864     float     sum       0    433.0  620.00  620.00      0    432.1  621.19  621.19      0
  1073741824     268435456     float     sum       0   1622.3  661.87  661.87      0   1624.0  661.15  661.15      0
  4294967296    1073741824     float     sum       0   6357.0  675.63  675.63      0   6359.6  675.35  675.35      0
 17179869184    4294967296     float     sum       0    24624  697.69  697.69      0    24675  696.23  696.23      0
# Out of bounds values : 0 OK
# Avg bus bandwidth    : 449.846 
#

%%%%%%%%% broadcast_perf %%%%%%%%%%
# nThread 1 nGpus 8 minBytes 1048576 maxBytes 17179869184 step: 4(factor) warmup iters: 5 iters: 20 agg iters: 1 validation: 1 graph: 0
#
# Using devices
#  Rank  0 Group  0 Pid   7757 on node5800-c1 device  0 [0x1b] NVIDIA B200
#  Rank  1 Group  0 Pid   7757 on node5800-c1 device  1 [0x43] NVIDIA B200
#  Rank  2 Group  0 Pid   7757 on node5800-c1 device  2 [0x52] NVIDIA B200
#  Rank  3 Group  0 Pid   7757 on node5800-c1 device  3 [0x61] NVIDIA B200
#  Rank  4 Group  0 Pid   7757 on node5800-c1 device  4 [0x9d] NVIDIA B200
#  Rank  5 Group  0 Pid   7757 on node5800-c1 device  5 [0xc3] NVIDIA B200
#  Rank  6 Group  0 Pid   7757 on node5800-c1 device  6 [0xd1] NVIDIA B200
#  Rank  7 Group  0 Pid   7757 on node5800-c1 device  7 [0xdf] NVIDIA B200
#
#                                                              out-of-place                       in-place          
#       size         count      type   redop    root     time   algbw   busbw #wrong     time   algbw   busbw #wrong
#        (B)    (elements)                               (us)  (GB/s)  (GB/s)            (us)  (GB/s)  (GB/s)       
     1048576        262144     float    none       0    40.95   25.61   25.61      0    40.02   26.20   26.20      0
     4194304       1048576     float    none       0    44.69   93.86   93.86      0    44.10   95.10   95.10      0
    16777216       4194304     float    none       0    55.24  303.71  303.71      0    55.20  303.93  303.93      0
    67108864      16777216     float    none       0    134.9  497.42  497.42      0    136.4  492.01  492.01      0
   268435456      67108864     float    none       0    439.5  610.71  610.71      0    440.4  609.47  609.47      0
  1073741824     268435456     float    none       0   1667.7  643.85  643.85      0   1667.1  644.08  644.08      0
  4294967296    1073741824     float    none       0   6545.8  656.14  656.14      0   6545.0  656.22  656.22      0
 17179869184    4294967296     float    none       0    25161  682.80  682.80      0    25213  681.39  681.39      0
# Out of bounds values : 0 OK
# Avg bus bandwidth    : 438.907 
#

%%%%%%%%% alltoall_perf %%%%%%%%%%
# nThread 1 nGpus 8 minBytes 1048576 maxBytes 17179869184 step: 4(factor) warmup iters: 5 iters: 20 agg iters: 1 validation: 1 graph: 0
#
# Using devices
#  Rank  0 Group  0 Pid   7844 on node5800-c1 device  0 [0x1b] NVIDIA B200
#  Rank  1 Group  0 Pid   7844 on node5800-c1 device  1 [0x43] NVIDIA B200
#  Rank  2 Group  0 Pid   7844 on node5800-c1 device  2 [0x52] NVIDIA B200
#  Rank  3 Group  0 Pid   7844 on node5800-c1 device  3 [0x61] NVIDIA B200
#  Rank  4 Group  0 Pid   7844 on node5800-c1 device  4 [0x9d] NVIDIA B200
#  Rank  5 Group  0 Pid   7844 on node5800-c1 device  5 [0xc3] NVIDIA B200
#  Rank  6 Group  0 Pid   7844 on node5800-c1 device  6 [0xd1] NVIDIA B200
#  Rank  7 Group  0 Pid   7844 on node5800-c1 device  7 [0xdf] NVIDIA B200
#
#                                                              out-of-place                       in-place          
#       size         count      type   redop    root     time   algbw   busbw #wrong     time   algbw   busbw #wrong
#        (B)    (elements)                               (us)  (GB/s)  (GB/s)            (us)  (GB/s)  (GB/s)       
     1048576         32768     float    none      -1    58.54   17.91   15.67      0    57.63   18.19   15.92    N/A
     4194304        131072     float    none      -1    63.68   65.86   57.63      0    63.13   66.44   58.13    N/A
    16777216        524288     float    none      -1    65.61  255.72  223.76      0    64.44  260.36  227.82    N/A
    67108864       2097152     float    none      -1    140.7  477.11  417.47      0    140.4  477.87  418.13    N/A
   268435456       8388608     float    none      -1    442.2  607.03  531.15      0    439.2  611.22  534.82    N/A
  1073741824      33554432     float    none      -1   1552.6  691.57  605.12      0   1593.9  673.65  589.45    N/A
  4294967296     134217728     float    none      -1   5807.2  739.59  647.14      0   5851.0  734.06  642.31    N/A
 17179869184     536870912     float    none      -1    22760  754.83  660.47      0    22754  755.03  660.65    N/A
# Out of bounds values : 0 OK
# Avg bus bandwidth    : 394.103 
#

%%%%%%%%% gather_perf %%%%%%%%%%
# nThread 1 nGpus 8 minBytes 1048576 maxBytes 17179869184 step: 4(factor) warmup iters: 5 iters: 20 agg iters: 1 validation: 1 graph: 0
#
# Using devices
#  Rank  0 Group  0 Pid   7931 on node5800-c1 device  0 [0x1b] NVIDIA B200
#  Rank  1 Group  0 Pid   7931 on node5800-c1 device  1 [0x43] NVIDIA B200
#  Rank  2 Group  0 Pid   7931 on node5800-c1 device  2 [0x52] NVIDIA B200
#  Rank  3 Group  0 Pid   7931 on node5800-c1 device  3 [0x61] NVIDIA B200
#  Rank  4 Group  0 Pid   7931 on node5800-c1 device  4 [0x9d] NVIDIA B200
#  Rank  5 Group  0 Pid   7931 on node5800-c1 device  5 [0xc3] NVIDIA B200
#  Rank  6 Group  0 Pid   7931 on node5800-c1 device  6 [0xd1] NVIDIA B200
#  Rank  7 Group  0 Pid   7931 on node5800-c1 device  7 [0xdf] NVIDIA B200
#
#                                                              out-of-place                       in-place          
#       size         count      type   redop    root     time   algbw   busbw #wrong     time   algbw   busbw #wrong
#        (B)    (elements)                               (us)  (GB/s)  (GB/s)            (us)  (GB/s)  (GB/s)       
     1048576         32768     float    none       0    39.24   26.72   23.38      0    36.21   28.96   25.34      0
     4194304        131072     float    none       0    36.08  116.25  101.72      0    35.82  117.11  102.47      0
    16777216        524288     float    none       0    37.03  453.07  396.43      0    36.82  455.63  398.68      0
    67108864       2097152     float    none       0    96.00  699.03  611.65      0    96.31  696.83  609.73      0
   268435456       8388608     float    none       0    340.9  787.36  688.94      0    340.2  788.94  690.32      0
  1073741824      33554432     float    none       0   1329.5  807.63  706.68      0   1326.3  809.56  708.36      0
  4294967296     134217728     float    none       0   5243.0  819.19  716.79      0   5255.8  817.19  715.04      0
 17179869184     536870912     float    none       0    20944  820.27  717.74      0    20946  820.21  717.68      0
# Out of bounds values : 0 OK
# Avg bus bandwidth    : 495.685 
#

%%%%%%%%% scatter_perf %%%%%%%%%%
# nThread 1 nGpus 8 minBytes 1048576 maxBytes 17179869184 step: 4(factor) warmup iters: 5 iters: 20 agg iters: 1 validation: 1 graph: 0
#
# Using devices
#  Rank  0 Group  0 Pid   8018 on node5800-c1 device  0 [0x1b] NVIDIA B200
#  Rank  1 Group  0 Pid   8018 on node5800-c1 device  1 [0x43] NVIDIA B200
#  Rank  2 Group  0 Pid   8018 on node5800-c1 device  2 [0x52] NVIDIA B200
#  Rank  3 Group  0 Pid   8018 on node5800-c1 device  3 [0x61] NVIDIA B200
#  Rank  4 Group  0 Pid   8018 on node5800-c1 device  4 [0x9d] NVIDIA B200
#  Rank  5 Group  0 Pid   8018 on node5800-c1 device  5 [0xc3] NVIDIA B200
#  Rank  6 Group  0 Pid   8018 on node5800-c1 device  6 [0xd1] NVIDIA B200
#  Rank  7 Group  0 Pid   8018 on node5800-c1 device  7 [0xdf] NVIDIA B200
#
#                                                              out-of-place                       in-place          
#       size         count      type   redop    root     time   algbw   busbw #wrong     time   algbw   busbw #wrong
#        (B)    (elements)                               (us)  (GB/s)  (GB/s)            (us)  (GB/s)  (GB/s)       
     1048576         32768     float    none       0    37.23   28.17   24.65      0    38.34   27.35   23.93      0
     4194304        131072     float    none       0    39.07  107.35   93.93      0    41.13  101.97   89.22      0
    16777216        524288     float    none       0    44.64  375.83  328.85      0    43.21  388.24  339.71      0
    67108864       2097152     float    none       0    98.64  680.35  595.31      0    102.4  655.24  573.33      0
   268435456       8388608     float    none       0    341.8  785.26  687.10      0    369.5  726.53  635.71      0
  1073741824      33554432     float    none       0   1291.7  831.25  727.35      0   1291.0  831.70  727.74      0
  4294967296     134217728     float    none       0   5144.4  834.88  730.52      0   5157.9  832.70  728.61      0
 17179869184     536870912     float    none       0    20468  839.34  734.42      0    20532  836.73  732.14      0
# Out of bounds values : 0 OK
# Avg bus bandwidth    : 485.782 
#

%%%%%%%%% hypercube_perf %%%%%%%%%%
# nThread 1 nGpus 8 minBytes 1048576 maxBytes 17179869184 step: 4(factor) warmup iters: 5 iters: 20 agg iters: 1 validation: 1 graph: 0
#
# Using devices
#  Rank  0 Group  0 Pid   8105 on node5800-c1 device  0 [0x1b] NVIDIA B200
#  Rank  1 Group  0 Pid   8105 on node5800-c1 device  1 [0x43] NVIDIA B200
#  Rank  2 Group  0 Pid   8105 on node5800-c1 device  2 [0x52] NVIDIA B200
#  Rank  3 Group  0 Pid   8105 on node5800-c1 device  3 [0x61] NVIDIA B200
#  Rank  4 Group  0 Pid   8105 on node5800-c1 device  4 [0x9d] NVIDIA B200
#  Rank  5 Group  0 Pid   8105 on node5800-c1 device  5 [0xc3] NVIDIA B200
#  Rank  6 Group  0 Pid   8105 on node5800-c1 device  6 [0xd1] NVIDIA B200
#  Rank  7 Group  0 Pid   8105 on node5800-c1 device  7 [0xdf] NVIDIA B200
#
#                                                              out-of-place                       in-place          
#       size         count      type   redop    root     time   algbw   busbw #wrong     time   algbw   busbw #wrong
#        (B)    (elements)                               (us)  (GB/s)  (GB/s)            (us)  (GB/s)  (GB/s)       
     1048576         32768     float              -1    77.78   11.80   11.80  998048    52.50   17.48   17.48  993344
     4194304        131072     float              -1    83.11   44.16   44.16  3.85613e+06    53.99   67.97   67.97  3.83946e+06
    16777216        524288     float              -1    127.1  115.51  115.51  1.21461e+07    120.4  121.89  121.89  1.22222e+07
    67108864       2097152     float              -1    411.0  142.87  142.87  2.42138e+07    404.1  145.30  145.30  2.40125e+07
   268435456       8388608     float              -1   1206.8  194.63  194.63  1.09098e+08   1190.7  197.27  197.27  1.0912e+08
  1073741824      33554432     float              -1   2255.5  416.55  416.55  6.3054e+08   2208.8  425.35  425.35  6.23885e+08
  4294967296     134217728     float              -1   8012.1  469.06  469.06  8.36721e+08   7842.1  479.22  479.22  8.53675e+08
 17179869184     536870912     float              -1    31876  471.59  471.59  2.99462e+09    31237  481.24  481.24  2.94318e+09
# Out of bounds values : 16 FAILED
# Avg bus bandwidth    : 237.617 
#

--------------------------------------------------------------------------
Primary job  terminated normally, but 1 process returned
a non-zero exit code. Per user-direction, the job has been aborted.
--------------------------------------------------------------------------
--------------------------------------------------------------------------
mpirun detected that one or more processes exited with non-zero status, thus causing
the job to be terminated. The first process to do so was:

  Process name: [[16829,1],0]
  Exit code:    1
--------------------------------------------------------------------------
