/orcd/software/core/001/pkg/nvhpc/26.1/Linux_x86_64/26.1/comm_libs/mpi/bin/mpirun
/orcd/software/core/001/pkg/nvhpc/26.1/Linux_x86_64/26.1/compilers/bin/nvcc
Bin dir = /orcd/data/orcd/022/benchmarks/nccl-tests/build-nvhpc-26.1
num_gpu_per_task = 8
collectives = sendrecv_perf all_reduce_perf all_gather_perf reduce_scatter_perf reduce_perf broadcast_perf alltoall_perf gather_perf scatter_perf hypercube_perf
%%%%%%%%% sendrecv_perf %%%%%%%%%%
# nThread 1 nGpus 8 minBytes 1048576 maxBytes 17179869184 step: 4(factor) warmup iters: 5 iters: 20 agg iters: 1 validation: 1 graph: 0
#
# Using devices
#  Rank  0 Group  0 Pid   7303 on node5802-c1 device  0 [0x1b] NVIDIA B200
#  Rank  1 Group  0 Pid   7303 on node5802-c1 device  1 [0x43] NVIDIA B200
#  Rank  2 Group  0 Pid   7303 on node5802-c1 device  2 [0x52] NVIDIA B200
#  Rank  3 Group  0 Pid   7303 on node5802-c1 device  3 [0x61] NVIDIA B200
#  Rank  4 Group  0 Pid   7303 on node5802-c1 device  4 [0x9d] NVIDIA B200
#  Rank  5 Group  0 Pid   7303 on node5802-c1 device  5 [0xc3] NVIDIA B200
#  Rank  6 Group  0 Pid   7303 on node5802-c1 device  6 [0xd1] NVIDIA B200
#  Rank  7 Group  0 Pid   7303 on node5802-c1 device  7 [0xdf] NVIDIA B200
#
#                                                              out-of-place                       in-place          
#       size         count      type   redop    root     time   algbw   busbw #wrong     time   algbw   busbw #wrong
#        (B)    (elements)                               (us)  (GB/s)  (GB/s)            (us)  (GB/s)  (GB/s)       
     1048576        262144     float     sum      -1    40.67   25.78   25.78      0    42.06   24.93   24.93    N/A
     4194304       1048576     float     sum      -1    65.91   63.63   63.63      0    66.00   63.55   63.55    N/A
    16777216       4194304     float     sum      -1    215.5   77.85   77.85      0    214.3   78.31   78.31    N/A
    67108864      16777216     float     sum      -1    791.6   84.78   84.78      0    785.8   85.40   85.40    N/A
   268435456      67108864     float     sum      -1    808.3  332.12  332.12      0    804.2  333.78  333.78    N/A
  1073741824     268435456     float     sum      -1   1665.6  644.66  644.66      0   1673.0  641.79  641.79    N/A
  4294967296    1073741824     float     sum      -1   6511.6  659.59  659.59      0   6620.9  648.69  648.69    N/A
 17179869184    4294967296     float     sum      -1    25846  664.70  664.70      0    26368  651.55  651.55    N/A
# Out of bounds values : 0 OK
# Avg bus bandwidth    : 317.57 
#

%%%%%%%%% all_reduce_perf %%%%%%%%%%
# nThread 1 nGpus 8 minBytes 1048576 maxBytes 17179869184 step: 4(factor) warmup iters: 5 iters: 20 agg iters: 1 validation: 1 graph: 0
#
# Using devices
#  Rank  0 Group  0 Pid   7390 on node5802-c1 device  0 [0x1b] NVIDIA B200
#  Rank  1 Group  0 Pid   7390 on node5802-c1 device  1 [0x43] NVIDIA B200
#  Rank  2 Group  0 Pid   7390 on node5802-c1 device  2 [0x52] NVIDIA B200
#  Rank  3 Group  0 Pid   7390 on node5802-c1 device  3 [0x61] NVIDIA B200
#  Rank  4 Group  0 Pid   7390 on node5802-c1 device  4 [0x9d] NVIDIA B200
#  Rank  5 Group  0 Pid   7390 on node5802-c1 device  5 [0xc3] NVIDIA B200
#  Rank  6 Group  0 Pid   7390 on node5802-c1 device  6 [0xd1] NVIDIA B200
#  Rank  7 Group  0 Pid   7390 on node5802-c1 device  7 [0xdf] NVIDIA B200
#
#                                                              out-of-place                       in-place          
#       size         count      type   redop    root     time   algbw   busbw #wrong     time   algbw   busbw #wrong
#        (B)    (elements)                               (us)  (GB/s)  (GB/s)            (us)  (GB/s)  (GB/s)       
     1048576        262144     float     sum      -1    53.89   19.46   34.05      0    48.70   21.53   37.68      0
     4194304       1048576     float     sum      -1    58.42   71.79  125.64      0    58.29   71.95  125.91      0
    16777216       4194304     float     sum      -1    110.6  151.75  265.56      0    107.7  155.83  272.70      0
    67108864      16777216     float     sum      -1    279.1  240.48  420.83      0    278.9  240.58  421.01      0
   268435456      67108864     float     sum      -1    716.9  374.46  655.30      0    718.6  373.54  653.69      0
  1073741824     268435456     float     sum      -1   2562.4  419.04  733.33      0   2566.8  418.32  732.05      0
  4294967296    1073741824     float     sum      -1   9087.1  472.65  827.13      0   9081.4  472.94  827.65      0
 17179869184    4294967296     float     sum      -1    35859  479.09  838.41      0    35836  479.40  838.95      0
# Out of bounds values : 0 OK
# Avg bus bandwidth    : 488.117 
#

%%%%%%%%% all_gather_perf %%%%%%%%%%
# nThread 1 nGpus 8 minBytes 1048576 maxBytes 17179869184 step: 4(factor) warmup iters: 5 iters: 20 agg iters: 1 validation: 1 graph: 0
#
# Using devices
#  Rank  0 Group  0 Pid   7485 on node5802-c1 device  0 [0x1b] NVIDIA B200
#  Rank  1 Group  0 Pid   7485 on node5802-c1 device  1 [0x43] NVIDIA B200
#  Rank  2 Group  0 Pid   7485 on node5802-c1 device  2 [0x52] NVIDIA B200
#  Rank  3 Group  0 Pid   7485 on node5802-c1 device  3 [0x61] NVIDIA B200
#  Rank  4 Group  0 Pid   7485 on node5802-c1 device  4 [0x9d] NVIDIA B200
#  Rank  5 Group  0 Pid   7485 on node5802-c1 device  5 [0xc3] NVIDIA B200
#  Rank  6 Group  0 Pid   7485 on node5802-c1 device  6 [0xd1] NVIDIA B200
#  Rank  7 Group  0 Pid   7485 on node5802-c1 device  7 [0xdf] NVIDIA B200
#
#                                                              out-of-place                       in-place          
#       size         count      type   redop    root     time   algbw   busbw #wrong     time   algbw   busbw #wrong
#        (B)    (elements)                               (us)  (GB/s)  (GB/s)            (us)  (GB/s)  (GB/s)       
     1048576         32768     float    none      -1    56.69   18.50   16.19      0    61.20   17.13   14.99      0
     4194304        131072     float    none      -1    56.25   74.57   65.25      0    55.57   75.48   66.04      0
    16777216        524288     float    none      -1    106.6  157.33  137.67      0    104.4  160.72  140.63      0
    67108864       2097152     float    none      -1    141.2  475.12  415.73      0    140.3  478.36  418.57      0
   268435456       8388608     float    none      -1    415.6  645.86  565.12      0    412.9  650.17  568.90      0
  1073741824      33554432     float    none      -1   1556.2  689.97  603.73      0   1562.7  687.09  601.20      0
  4294967296     134217728     float    none      -1   5802.1  740.24  647.71      0   5760.2  745.63  652.43      0
 17179869184     536870912     float    none      -1    22591  760.47  665.41      0    22448  765.30  669.64      0
# Out of bounds values : 0 OK
# Avg bus bandwidth    : 390.575 
#

%%%%%%%%% reduce_scatter_perf %%%%%%%%%%
# nThread 1 nGpus 8 minBytes 1048576 maxBytes 17179869184 step: 4(factor) warmup iters: 5 iters: 20 agg iters: 1 validation: 1 graph: 0
#
# Using devices
#  Rank  0 Group  0 Pid   7572 on node5802-c1 device  0 [0x1b] NVIDIA B200
#  Rank  1 Group  0 Pid   7572 on node5802-c1 device  1 [0x43] NVIDIA B200
#  Rank  2 Group  0 Pid   7572 on node5802-c1 device  2 [0x52] NVIDIA B200
#  Rank  3 Group  0 Pid   7572 on node5802-c1 device  3 [0x61] NVIDIA B200
#  Rank  4 Group  0 Pid   7572 on node5802-c1 device  4 [0x9d] NVIDIA B200
#  Rank  5 Group  0 Pid   7572 on node5802-c1 device  5 [0xc3] NVIDIA B200
#  Rank  6 Group  0 Pid   7572 on node5802-c1 device  6 [0xd1] NVIDIA B200
#  Rank  7 Group  0 Pid   7572 on node5802-c1 device  7 [0xdf] NVIDIA B200
#
#                                                              out-of-place                       in-place          
#       size         count      type   redop    root     time   algbw   busbw #wrong     time   algbw   busbw #wrong
#        (B)    (elements)                               (us)  (GB/s)  (GB/s)            (us)  (GB/s)  (GB/s)       
     1048576         32768     float     sum      -1    51.39   20.40   17.85      0    48.75   21.51   18.82      0
     4194304        131072     float     sum      -1    46.28   90.63   79.30      0    46.50   90.20   78.92      0
    16777216        524288     float     sum      -1    100.8  166.49  145.68      0    101.3  165.64  144.94      0
    67108864       2097152     float     sum      -1    140.3  478.43  418.63      0    140.3  478.16  418.39      0
   268435456       8388608     float     sum      -1    410.3  654.27  572.49      0    406.7  659.96  577.46      0
  1073741824      33554432     float     sum      -1   1479.7  725.63  634.92      0   1494.0  718.71  628.87      0
  4294967296     134217728     float     sum      -1   5578.2  769.95  673.71      0   5586.7  768.78  672.69      0
 17179869184     536870912     float     sum      -1    21719  791.01  692.14      0    21693  791.96  692.96      0
# Out of bounds values : 0 OK
# Avg bus bandwidth    : 404.235 
#

%%%%%%%%% reduce_perf %%%%%%%%%%
# nThread 1 nGpus 8 minBytes 1048576 maxBytes 17179869184 step: 4(factor) warmup iters: 5 iters: 20 agg iters: 1 validation: 1 graph: 0
#
# Using devices
#  Rank  0 Group  0 Pid   7659 on node5802-c1 device  0 [0x1b] NVIDIA B200
#  Rank  1 Group  0 Pid   7659 on node5802-c1 device  1 [0x43] NVIDIA B200
#  Rank  2 Group  0 Pid   7659 on node5802-c1 device  2 [0x52] NVIDIA B200
#  Rank  3 Group  0 Pid   7659 on node5802-c1 device  3 [0x61] NVIDIA B200
#  Rank  4 Group  0 Pid   7659 on node5802-c1 device  4 [0x9d] NVIDIA B200
#  Rank  5 Group  0 Pid   7659 on node5802-c1 device  5 [0xc3] NVIDIA B200
#  Rank  6 Group  0 Pid   7659 on node5802-c1 device  6 [0xd1] NVIDIA B200
#  Rank  7 Group  0 Pid   7659 on node5802-c1 device  7 [0xdf] NVIDIA B200
#
#                                                              out-of-place                       in-place          
#       size         count      type   redop    root     time   algbw   busbw #wrong     time   algbw   busbw #wrong
#        (B)    (elements)                               (us)  (GB/s)  (GB/s)            (us)  (GB/s)  (GB/s)       
     1048576        262144     float     sum       0    43.51   24.10   24.10      0    45.10   23.25   23.25      0
     4194304       1048576     float     sum       0    49.83   84.16   84.16      0    43.85   95.66   95.66      0
    16777216       4194304     float     sum       0    53.75  312.15  312.15      0    53.37  314.36  314.36      0
    67108864      16777216     float     sum       0    135.1  496.64  496.64      0    135.7  494.67  494.67      0
   268435456      67108864     float     sum       0    433.9  618.66  618.66      0    434.7  617.58  617.58      0
  1073741824     268435456     float     sum       0   1623.0  661.58  661.58      0   1624.7  660.91  660.91      0
  4294967296    1073741824     float     sum       0   6373.0  673.94  673.94      0   6371.9  674.05  674.05      0
 17179869184    4294967296     float     sum       0    25159  682.86  682.86      0    25092  684.66  684.66      0
# Out of bounds values : 0 OK
# Avg bus bandwidth    : 444.951 
#

%%%%%%%%% broadcast_perf %%%%%%%%%%
# nThread 1 nGpus 8 minBytes 1048576 maxBytes 17179869184 step: 4(factor) warmup iters: 5 iters: 20 agg iters: 1 validation: 1 graph: 0
#
# Using devices
#  Rank  0 Group  0 Pid   7746 on node5802-c1 device  0 [0x1b] NVIDIA B200
#  Rank  1 Group  0 Pid   7746 on node5802-c1 device  1 [0x43] NVIDIA B200
#  Rank  2 Group  0 Pid   7746 on node5802-c1 device  2 [0x52] NVIDIA B200
#  Rank  3 Group  0 Pid   7746 on node5802-c1 device  3 [0x61] NVIDIA B200
#  Rank  4 Group  0 Pid   7746 on node5802-c1 device  4 [0x9d] NVIDIA B200
#  Rank  5 Group  0 Pid   7746 on node5802-c1 device  5 [0xc3] NVIDIA B200
#  Rank  6 Group  0 Pid   7746 on node5802-c1 device  6 [0xd1] NVIDIA B200
#  Rank  7 Group  0 Pid   7746 on node5802-c1 device  7 [0xdf] NVIDIA B200
#
#                                                              out-of-place                       in-place          
#       size         count      type   redop    root     time   algbw   busbw #wrong     time   algbw   busbw #wrong
#        (B)    (elements)                               (us)  (GB/s)  (GB/s)            (us)  (GB/s)  (GB/s)       
     1048576        262144     float    none       0    41.61   25.20   25.20      0    45.43   23.08   23.08      0
     4194304       1048576     float    none       0    49.62   84.53   84.53      0    49.55   84.65   84.65      0
    16777216       4194304     float    none       0    58.61  286.26  286.26      0    57.30  292.81  292.81      0
    67108864      16777216     float    none       0    141.7  473.43  473.43      0    141.7  473.68  473.68      0
   268435456      67108864     float    none       0    447.4  599.97  599.97      0    452.8  592.86  592.86      0
  1073741824     268435456     float    none       0   1662.0  646.05  646.05      0   1659.3  647.10  647.10      0
  4294967296    1073741824     float    none       0   6494.9  661.29  661.29      0   6486.1  662.18  662.18      0
 17179869184    4294967296     float    none       0    25133  683.56  683.56      0    25173  682.46  682.46      0
# Out of bounds values : 0 OK
# Avg bus bandwidth    : 432.444 
#

%%%%%%%%% alltoall_perf %%%%%%%%%%
# nThread 1 nGpus 8 minBytes 1048576 maxBytes 17179869184 step: 4(factor) warmup iters: 5 iters: 20 agg iters: 1 validation: 1 graph: 0
#
# Using devices
#  Rank  0 Group  0 Pid   7833 on node5802-c1 device  0 [0x1b] NVIDIA B200
#  Rank  1 Group  0 Pid   7833 on node5802-c1 device  1 [0x43] NVIDIA B200
#  Rank  2 Group  0 Pid   7833 on node5802-c1 device  2 [0x52] NVIDIA B200
#  Rank  3 Group  0 Pid   7833 on node5802-c1 device  3 [0x61] NVIDIA B200
#  Rank  4 Group  0 Pid   7833 on node5802-c1 device  4 [0x9d] NVIDIA B200
#  Rank  5 Group  0 Pid   7833 on node5802-c1 device  5 [0xc3] NVIDIA B200
#  Rank  6 Group  0 Pid   7833 on node5802-c1 device  6 [0xd1] NVIDIA B200
#  Rank  7 Group  0 Pid   7833 on node5802-c1 device  7 [0xdf] NVIDIA B200
#
#                                                              out-of-place                       in-place          
#       size         count      type   redop    root     time   algbw   busbw #wrong     time   algbw   busbw #wrong
#        (B)    (elements)                               (us)  (GB/s)  (GB/s)            (us)  (GB/s)  (GB/s)       
     1048576         32768     float    none      -1    61.59   17.03   14.90      0    64.01   16.38   14.33    N/A
     4194304        131072     float    none      -1    69.97   59.95   52.45      0    71.75   58.46   51.15    N/A
    16777216        524288     float    none      -1    74.62  224.82  196.72      0    66.77  251.29  219.88    N/A
    67108864       2097152     float    none      -1    141.9  473.04  413.91      0    143.2  468.56  409.99    N/A
   268435456       8388608     float    none      -1    442.9  606.07  530.31      0    440.4  609.58  533.39    N/A
  1073741824      33554432     float    none      -1   1554.1  690.91  604.54      0   1602.2  670.17  586.40    N/A
  4294967296     134217728     float    none      -1   5963.8  720.17  630.15      0   6102.6  703.79  615.82    N/A
 17179869184     536870912     float    none      -1    23432  733.17  641.53      0    23501  731.02  639.64    N/A
# Out of bounds values : 0 OK
# Avg bus bandwidth    : 384.694 
#

%%%%%%%%% gather_perf %%%%%%%%%%
# nThread 1 nGpus 8 minBytes 1048576 maxBytes 17179869184 step: 4(factor) warmup iters: 5 iters: 20 agg iters: 1 validation: 1 graph: 0
#
# Using devices
#  Rank  0 Group  0 Pid   7920 on node5802-c1 device  0 [0x1b] NVIDIA B200
#  Rank  1 Group  0 Pid   7920 on node5802-c1 device  1 [0x43] NVIDIA B200
#  Rank  2 Group  0 Pid   7920 on node5802-c1 device  2 [0x52] NVIDIA B200
#  Rank  3 Group  0 Pid   7920 on node5802-c1 device  3 [0x61] NVIDIA B200
#  Rank  4 Group  0 Pid   7920 on node5802-c1 device  4 [0x9d] NVIDIA B200
#  Rank  5 Group  0 Pid   7920 on node5802-c1 device  5 [0xc3] NVIDIA B200
#  Rank  6 Group  0 Pid   7920 on node5802-c1 device  6 [0xd1] NVIDIA B200
#  Rank  7 Group  0 Pid   7920 on node5802-c1 device  7 [0xdf] NVIDIA B200
#
#                                                              out-of-place                       in-place          
#       size         count      type   redop    root     time   algbw   busbw #wrong     time   algbw   busbw #wrong
#        (B)    (elements)                               (us)  (GB/s)  (GB/s)            (us)  (GB/s)  (GB/s)       
     1048576         32768     float    none       0    39.16   26.77   23.43      0    40.41   25.95   22.71      0
     4194304        131072     float    none       0    38.21  109.78   96.06      0    36.01  116.49  101.93      0
    16777216        524288     float    none       0    37.97  441.90  386.66      0    37.35  449.18  393.03      0
    67108864       2097152     float    none       0    95.70  701.23  613.58      0    96.23  697.41  610.23      0
   268435456       8388608     float    none       0    343.6  781.33  683.67      0    344.4  779.50  682.06      0
  1073741824      33554432     float    none       0   1344.7  798.51  698.70      0   1348.0  796.55  696.98      0
  4294967296     134217728     float    none       0   5247.8  818.43  716.13      0   5259.6  816.60  714.52      0
 17179869184     536870912     float    none       0    20965  819.46  717.03      0    20965  819.46  717.03      0
# Out of bounds values : 0 OK
# Avg bus bandwidth    : 492.109 
#

%%%%%%%%% scatter_perf %%%%%%%%%%
# nThread 1 nGpus 8 minBytes 1048576 maxBytes 17179869184 step: 4(factor) warmup iters: 5 iters: 20 agg iters: 1 validation: 1 graph: 0
#
# Using devices
#  Rank  0 Group  0 Pid   8007 on node5802-c1 device  0 [0x1b] NVIDIA B200
#  Rank  1 Group  0 Pid   8007 on node5802-c1 device  1 [0x43] NVIDIA B200
#  Rank  2 Group  0 Pid   8007 on node5802-c1 device  2 [0x52] NVIDIA B200
#  Rank  3 Group  0 Pid   8007 on node5802-c1 device  3 [0x61] NVIDIA B200
#  Rank  4 Group  0 Pid   8007 on node5802-c1 device  4 [0x9d] NVIDIA B200
#  Rank  5 Group  0 Pid   8007 on node5802-c1 device  5 [0xc3] NVIDIA B200
#  Rank  6 Group  0 Pid   8007 on node5802-c1 device  6 [0xd1] NVIDIA B200
#  Rank  7 Group  0 Pid   8007 on node5802-c1 device  7 [0xdf] NVIDIA B200
#
#                                                              out-of-place                       in-place          
#       size         count      type   redop    root     time   algbw   busbw #wrong     time   algbw   busbw #wrong
#        (B)    (elements)                               (us)  (GB/s)  (GB/s)            (us)  (GB/s)  (GB/s)       
     1048576         32768     float    none       0    37.77   27.76   24.29      0    38.76   27.05   23.67      0
     4194304        131072     float    none       0    42.39   98.95   86.58      0    41.78  100.39   87.85      0
    16777216        524288     float    none       0    43.33  387.18  338.78      0    44.74  374.97  328.10      0
    67108864       2097152     float    none       0    102.4  655.20  573.30      0    103.3  649.68  568.47      0
   268435456       8388608     float    none       0    368.4  728.61  637.54      0    370.3  724.92  634.30      0
  1073741824      33554432     float    none       0   1311.4  818.78  716.43      0   1313.2  817.68  715.47      0
  4294967296     134217728     float    none       0   5147.1  834.45  730.14      0   5158.8  832.55  728.48      0
 17179869184     536870912     float    none       0    20468  839.35  734.43      0    20541  836.37  731.83      0
# Out of bounds values : 0 OK
# Avg bus bandwidth    : 478.728 
#

%%%%%%%%% hypercube_perf %%%%%%%%%%
# nThread 1 nGpus 8 minBytes 1048576 maxBytes 17179869184 step: 4(factor) warmup iters: 5 iters: 20 agg iters: 1 validation: 1 graph: 0
#
# Using devices
#  Rank  0 Group  0 Pid   8094 on node5802-c1 device  0 [0x1b] NVIDIA B200
#  Rank  1 Group  0 Pid   8094 on node5802-c1 device  1 [0x43] NVIDIA B200
#  Rank  2 Group  0 Pid   8094 on node5802-c1 device  2 [0x52] NVIDIA B200
#  Rank  3 Group  0 Pid   8094 on node5802-c1 device  3 [0x61] NVIDIA B200
#  Rank  4 Group  0 Pid   8094 on node5802-c1 device  4 [0x9d] NVIDIA B200
#  Rank  5 Group  0 Pid   8094 on node5802-c1 device  5 [0xc3] NVIDIA B200
#  Rank  6 Group  0 Pid   8094 on node5802-c1 device  6 [0xd1] NVIDIA B200
#  Rank  7 Group  0 Pid   8094 on node5802-c1 device  7 [0xdf] NVIDIA B200
#
#                                                              out-of-place                       in-place          
#       size         count      type   redop    root     time   algbw   busbw #wrong     time   algbw   busbw #wrong
#        (B)    (elements)                               (us)  (GB/s)  (GB/s)            (us)  (GB/s)  (GB/s)       
     1048576         32768     float              -1    82.98   11.06   11.06  1.00298e+06    46.71   19.64   19.64  1.04349e+06
     4194304        131072     float              -1    73.00   50.28   50.28  4.02163e+06    48.10   76.30   76.30  4.01667e+06
    16777216        524288     float              -1    115.8  126.75  126.75  1.22427e+07    110.9  132.38  132.38  1.22909e+07
    67108864       2097152     float              -1    409.6  143.35  143.35  2.38905e+07    400.7  146.55  146.55  2.4172e+07
   268435456       8388608     float              -1   1208.1  194.42  194.42  1.10341e+08   1194.5  196.64  196.64  1.09071e+08
  1073741824      33554432     float              -1   2267.1  414.42  414.42  6.36842e+08   2221.4  422.95  422.95  6.37828e+08
  4294967296     134217728     float              -1   8052.5  466.70  466.70  8.82235e+08   7886.9  476.50  476.50  8.99711e+08
 17179869184     536870912     float              -1    31932  470.76  470.76  3.05394e+09    31317  480.00  480.00  3.14642e+09
# Out of bounds values : 16 FAILED
# Avg bus bandwidth    : 239.294 
#

--------------------------------------------------------------------------
Primary job  terminated normally, but 1 process returned
a non-zero exit code. Per user-direction, the job has been aborted.
--------------------------------------------------------------------------
--------------------------------------------------------------------------
mpirun detected that one or more processes exited with non-zero status, thus causing
the job to be terminated. The first process to do so was:

  Process name: [[8797,1],0]
  Exit code:    1
--------------------------------------------------------------------------
