/orcd/software/core/001/pkg/nvhpc/26.1/Linux_x86_64/26.1/comm_libs/mpi/bin/mpirun
/orcd/software/core/001/pkg/nvhpc/26.1/Linux_x86_64/26.1/compilers/bin/nvcc
Bin dir = /orcd/data/orcd/022/benchmarks/nccl-tests/build-nvhpc-26.1
num_gpu_per_task = 8
collectives = sendrecv_perf all_reduce_perf all_gather_perf reduce_scatter_perf reduce_perf broadcast_perf alltoall_perf gather_perf scatter_perf hypercube_perf
%%%%%%%%% sendrecv_perf %%%%%%%%%%
# nThread 1 nGpus 8 minBytes 1048576 maxBytes 17179869184 step: 4(factor) warmup iters: 5 iters: 20 agg iters: 1 validation: 1 graph: 0
#
# Using devices
#  Rank  0 Group  0 Pid  15138 on   node5502 device  0 [0x1b] NVIDIA B200
#  Rank  1 Group  0 Pid  15138 on   node5502 device  1 [0x43] NVIDIA B200
#  Rank  2 Group  0 Pid  15138 on   node5502 device  2 [0x52] NVIDIA B200
#  Rank  3 Group  0 Pid  15138 on   node5502 device  3 [0x61] NVIDIA B200
#  Rank  4 Group  0 Pid  15138 on   node5502 device  4 [0x9d] NVIDIA B200
#  Rank  5 Group  0 Pid  15138 on   node5502 device  5 [0xc3] NVIDIA B200
#  Rank  6 Group  0 Pid  15138 on   node5502 device  6 [0xd1] NVIDIA B200
#  Rank  7 Group  0 Pid  15138 on   node5502 device  7 [0xdf] NVIDIA B200
#
#                                                              out-of-place                       in-place          
#       size         count      type   redop    root     time   algbw   busbw #wrong     time   algbw   busbw #wrong
#        (B)    (elements)                               (us)  (GB/s)  (GB/s)            (us)  (GB/s)  (GB/s)       
     1048576        262144     float     sum      -1    41.42   25.32   25.32      0    36.62   28.63   28.63    N/A
     4194304       1048576     float     sum      -1    67.59   62.05   62.05      0    66.93   62.67   62.67    N/A
    16777216       4194304     float     sum      -1    216.4   77.53   77.53      0    216.5   77.50   77.50    N/A
    67108864      16777216     float     sum      -1    802.0   83.67   83.67      0    801.0   83.78   83.78    N/A
   268435456      67108864     float     sum      -1    817.9  328.21  328.21      0    814.3  329.67  329.67    N/A
  1073741824     268435456     float     sum      -1   1688.7  635.83  635.83      0   1694.0  633.85  633.85    N/A
  4294967296    1073741824     float     sum      -1   6598.4  650.91  650.91      0   6689.4  642.05  642.05    N/A
 17179869184    4294967296     float     sum      -1    26193  655.91  655.91      0    26706  643.31  643.31    N/A
# Out of bounds values : 0 OK
# Avg bus bandwidth    : 313.805 
#

%%%%%%%%% all_reduce_perf %%%%%%%%%%
# nThread 1 nGpus 8 minBytes 1048576 maxBytes 17179869184 step: 4(factor) warmup iters: 5 iters: 20 agg iters: 1 validation: 1 graph: 0
#
# Using devices
#  Rank  0 Group  0 Pid  15225 on   node5502 device  0 [0x1b] NVIDIA B200
#  Rank  1 Group  0 Pid  15225 on   node5502 device  1 [0x43] NVIDIA B200
#  Rank  2 Group  0 Pid  15225 on   node5502 device  2 [0x52] NVIDIA B200
#  Rank  3 Group  0 Pid  15225 on   node5502 device  3 [0x61] NVIDIA B200
#  Rank  4 Group  0 Pid  15225 on   node5502 device  4 [0x9d] NVIDIA B200
#  Rank  5 Group  0 Pid  15225 on   node5502 device  5 [0xc3] NVIDIA B200
#  Rank  6 Group  0 Pid  15225 on   node5502 device  6 [0xd1] NVIDIA B200
#  Rank  7 Group  0 Pid  15225 on   node5502 device  7 [0xdf] NVIDIA B200
#
#                                                              out-of-place                       in-place          
#       size         count      type   redop    root     time   algbw   busbw #wrong     time   algbw   busbw #wrong
#        (B)    (elements)                               (us)  (GB/s)  (GB/s)            (us)  (GB/s)  (GB/s)       
     1048576        262144     float     sum      -1    54.58   19.21   33.62      0    48.82   21.48   37.59      0
     4194304       1048576     float     sum      -1    58.70   71.46  125.05      0    58.89   71.22  124.64      0
    16777216       4194304     float     sum      -1    111.5  150.52  263.40      0    108.9  154.13  269.73      0
    67108864      16777216     float     sum      -1    282.6  237.50  415.63      0    281.7  238.21  416.86      0
   268435456      67108864     float     sum      -1    724.5  370.50  648.38      0    725.2  370.17  647.79      0
  1073741824     268435456     float     sum      -1   2597.0  413.46  723.55      0   2602.9  412.52  721.91      0
  4294967296    1073741824     float     sum      -1   9211.8  466.25  815.94      0   9214.1  466.13  815.73      0
 17179869184    4294967296     float     sum      -1    35470  484.36  847.62      0    34591  496.66  869.15      0
# Out of bounds values : 0 OK
# Avg bus bandwidth    : 486.037 
#

%%%%%%%%% all_gather_perf %%%%%%%%%%
# nThread 1 nGpus 8 minBytes 1048576 maxBytes 17179869184 step: 4(factor) warmup iters: 5 iters: 20 agg iters: 1 validation: 1 graph: 0
#
# Using devices
#  Rank  0 Group  0 Pid  15320 on   node5502 device  0 [0x1b] NVIDIA B200
#  Rank  1 Group  0 Pid  15320 on   node5502 device  1 [0x43] NVIDIA B200
#  Rank  2 Group  0 Pid  15320 on   node5502 device  2 [0x52] NVIDIA B200
#  Rank  3 Group  0 Pid  15320 on   node5502 device  3 [0x61] NVIDIA B200
#  Rank  4 Group  0 Pid  15320 on   node5502 device  4 [0x9d] NVIDIA B200
#  Rank  5 Group  0 Pid  15320 on   node5502 device  5 [0xc3] NVIDIA B200
#  Rank  6 Group  0 Pid  15320 on   node5502 device  6 [0xd1] NVIDIA B200
#  Rank  7 Group  0 Pid  15320 on   node5502 device  7 [0xdf] NVIDIA B200
#
#                                                              out-of-place                       in-place          
#       size         count      type   redop    root     time   algbw   busbw #wrong     time   algbw   busbw #wrong
#        (B)    (elements)                               (us)  (GB/s)  (GB/s)            (us)  (GB/s)  (GB/s)       
     1048576         32768     float    none      -1    61.10   17.16   15.02      0    60.21   17.42   15.24      0
     4194304        131072     float    none      -1    58.08   72.22   63.19      0    57.04   73.53   64.34      0
    16777216        524288     float    none      -1    108.8  154.27  134.98      0    107.2  156.45  136.89      0
    67108864       2097152     float    none      -1    144.1  465.76  407.54      0    143.5  467.53  409.09      0
   268435456       8388608     float    none      -1    414.8  647.19  566.29      0    412.0  651.48  570.04      0
  1073741824      33554432     float    none      -1   1556.5  689.86  603.63      0   1545.6  694.70  607.86      0
  4294967296     134217728     float    none      -1   5895.6  728.50  637.44      0   5806.4  739.69  647.23      0
 17179869184     536870912     float    none      -1    22976  747.73  654.27      0    22731  755.80  661.33      0
# Out of bounds values : 0 OK
# Avg bus bandwidth    : 387.149 
#

%%%%%%%%% reduce_scatter_perf %%%%%%%%%%
# nThread 1 nGpus 8 minBytes 1048576 maxBytes 17179869184 step: 4(factor) warmup iters: 5 iters: 20 agg iters: 1 validation: 1 graph: 0
#
# Using devices
#  Rank  0 Group  0 Pid  15407 on   node5502 device  0 [0x1b] NVIDIA B200
#  Rank  1 Group  0 Pid  15407 on   node5502 device  1 [0x43] NVIDIA B200
#  Rank  2 Group  0 Pid  15407 on   node5502 device  2 [0x52] NVIDIA B200
#  Rank  3 Group  0 Pid  15407 on   node5502 device  3 [0x61] NVIDIA B200
#  Rank  4 Group  0 Pid  15407 on   node5502 device  4 [0x9d] NVIDIA B200
#  Rank  5 Group  0 Pid  15407 on   node5502 device  5 [0xc3] NVIDIA B200
#  Rank  6 Group  0 Pid  15407 on   node5502 device  6 [0xd1] NVIDIA B200
#  Rank  7 Group  0 Pid  15407 on   node5502 device  7 [0xdf] NVIDIA B200
#
#                                                              out-of-place                       in-place          
#       size         count      type   redop    root     time   algbw   busbw #wrong     time   algbw   busbw #wrong
#        (B)    (elements)                               (us)  (GB/s)  (GB/s)            (us)  (GB/s)  (GB/s)       
     1048576         32768     float     sum      -1    48.38   21.67   18.96      0    47.32   22.16   19.39      0
     4194304        131072     float     sum      -1    45.50   92.19   80.67      0    45.56   92.07   80.56      0
    16777216        524288     float     sum      -1    98.07  171.08  149.70      0    98.08  171.06  149.68      0
    67108864       2097152     float     sum      -1    137.0  489.85  428.62      0    136.4  492.14  430.62      0
   268435456       8388608     float     sum      -1    387.3  693.13  606.49      0    387.2  693.22  606.57      0
  1073741824      33554432     float     sum      -1   1436.2  747.62  654.17      0   1431.2  750.24  656.46      0
  4294967296     134217728     float     sum      -1   5351.9  802.51  702.20      0   5352.3  802.45  702.14      0
 17179869184     536870912     float     sum      -1    21001  818.04  715.78      0    20931  820.77  718.18      0
# Out of bounds values : 0 OK
# Avg bus bandwidth    : 420.012 
#

%%%%%%%%% reduce_perf %%%%%%%%%%
# nThread 1 nGpus 8 minBytes 1048576 maxBytes 17179869184 step: 4(factor) warmup iters: 5 iters: 20 agg iters: 1 validation: 1 graph: 0
#
# Using devices
#  Rank  0 Group  0 Pid  15494 on   node5502 device  0 [0x1b] NVIDIA B200
#  Rank  1 Group  0 Pid  15494 on   node5502 device  1 [0x43] NVIDIA B200
#  Rank  2 Group  0 Pid  15494 on   node5502 device  2 [0x52] NVIDIA B200
#  Rank  3 Group  0 Pid  15494 on   node5502 device  3 [0x61] NVIDIA B200
#  Rank  4 Group  0 Pid  15494 on   node5502 device  4 [0x9d] NVIDIA B200
#  Rank  5 Group  0 Pid  15494 on   node5502 device  5 [0xc3] NVIDIA B200
#  Rank  6 Group  0 Pid  15494 on   node5502 device  6 [0xd1] NVIDIA B200
#  Rank  7 Group  0 Pid  15494 on   node5502 device  7 [0xdf] NVIDIA B200
#
#                                                              out-of-place                       in-place          
#       size         count      type   redop    root     time   algbw   busbw #wrong     time   algbw   busbw #wrong
#        (B)    (elements)                               (us)  (GB/s)  (GB/s)            (us)  (GB/s)  (GB/s)       
     1048576        262144     float     sum       0    48.41   21.66   21.66      0    44.00   23.83   23.83      0
     4194304       1048576     float     sum       0    47.57   88.17   88.17      0    47.80   87.74   87.74      0
    16777216       4194304     float     sum       0    55.04  304.83  304.83      0    56.38  297.59  297.59      0
    67108864      16777216     float     sum       0    128.4  522.65  522.65      0    129.6  517.84  517.84      0
   268435456      67108864     float     sum       0    422.8  634.83  634.83      0    422.9  634.81  634.81      0
  1073741824     268435456     float     sum       0   1570.9  683.52  683.52      0   1571.7  683.19  683.19      0
  4294967296    1073741824     float     sum       0   6157.2  697.55  697.55      0   6159.5  697.29  697.29      0
 17179869184    4294967296     float     sum       0    24298  707.03  707.03      0    25701  668.45  668.45      0
# Out of bounds values : 0 OK
# Avg bus bandwidth    : 454.436 
#

%%%%%%%%% broadcast_perf %%%%%%%%%%
# nThread 1 nGpus 8 minBytes 1048576 maxBytes 17179869184 step: 4(factor) warmup iters: 5 iters: 20 agg iters: 1 validation: 1 graph: 0
#
# Using devices
#  Rank  0 Group  0 Pid  15584 on   node5502 device  0 [0x1b] NVIDIA B200
#  Rank  1 Group  0 Pid  15584 on   node5502 device  1 [0x43] NVIDIA B200
#  Rank  2 Group  0 Pid  15584 on   node5502 device  2 [0x52] NVIDIA B200
#  Rank  3 Group  0 Pid  15584 on   node5502 device  3 [0x61] NVIDIA B200
#  Rank  4 Group  0 Pid  15584 on   node5502 device  4 [0x9d] NVIDIA B200
#  Rank  5 Group  0 Pid  15584 on   node5502 device  5 [0xc3] NVIDIA B200
#  Rank  6 Group  0 Pid  15584 on   node5502 device  6 [0xd1] NVIDIA B200
#  Rank  7 Group  0 Pid  15584 on   node5502 device  7 [0xdf] NVIDIA B200
#
#                                                              out-of-place                       in-place          
#       size         count      type   redop    root     time   algbw   busbw #wrong     time   algbw   busbw #wrong
#        (B)    (elements)                               (us)  (GB/s)  (GB/s)            (us)  (GB/s)  (GB/s)       
     1048576        262144     float    none       0    46.79   22.41   22.41      0    46.45   22.57   22.57      0
     4194304       1048576     float    none       0    51.15   82.01   82.01      0    52.51   79.88   79.88      0
    16777216       4194304     float    none       0    58.66  286.03  286.03      0    58.29  287.81  287.81      0
    67108864      16777216     float    none       0    138.5  484.57  484.57      0    139.6  480.66  480.66      0
   268435456      67108864     float    none       0    450.7  595.55  595.55      0    450.6  595.68  595.68      0
  1073741824     268435456     float    none       0   1708.8  628.36  628.36      0   1712.7  626.92  626.92      0
  4294967296    1073741824     float    none       0   6631.5  647.66  647.66      0   6623.4  648.45  648.45      0
 17179869184    4294967296     float    none       0    25853  664.52  664.52      0    25918  662.86  662.86      0
# Out of bounds values : 0 OK
# Avg bus bandwidth    : 425.996 
#

%%%%%%%%% alltoall_perf %%%%%%%%%%
# nThread 1 nGpus 8 minBytes 1048576 maxBytes 17179869184 step: 4(factor) warmup iters: 5 iters: 20 agg iters: 1 validation: 1 graph: 0
#
# Using devices
#  Rank  0 Group  0 Pid  16133 on   node5502 device  0 [0x1b] NVIDIA B200
#  Rank  1 Group  0 Pid  16133 on   node5502 device  1 [0x43] NVIDIA B200
#  Rank  2 Group  0 Pid  16133 on   node5502 device  2 [0x52] NVIDIA B200
#  Rank  3 Group  0 Pid  16133 on   node5502 device  3 [0x61] NVIDIA B200
#  Rank  4 Group  0 Pid  16133 on   node5502 device  4 [0x9d] NVIDIA B200
#  Rank  5 Group  0 Pid  16133 on   node5502 device  5 [0xc3] NVIDIA B200
#  Rank  6 Group  0 Pid  16133 on   node5502 device  6 [0xd1] NVIDIA B200
#  Rank  7 Group  0 Pid  16133 on   node5502 device  7 [0xdf] NVIDIA B200
#
#                                                              out-of-place                       in-place          
#       size         count      type   redop    root     time   algbw   busbw #wrong     time   algbw   busbw #wrong
#        (B)    (elements)                               (us)  (GB/s)  (GB/s)            (us)  (GB/s)  (GB/s)       
     1048576         32768     float    none      -1    64.66   16.22   14.19      0    63.62   16.48   14.42    N/A
     4194304        131072     float    none      -1    69.17   60.64   53.06      0    70.90   59.16   51.76    N/A
    16777216        524288     float    none      -1    72.22  232.30  203.27      0    71.02  236.22  206.69    N/A
    67108864       2097152     float    none      -1    142.5  471.00  412.12      0    144.5  464.35  406.31    N/A
   268435456       8388608     float    none      -1    446.2  601.65  526.44      0    444.7  603.59  528.14    N/A
  1073741824      33554432     float    none      -1   1571.3  683.35  597.93      0   1612.3  665.96  582.71    N/A
  4294967296     134217728     float    none      -1   5885.6  729.74  638.52      0   5905.3  727.31  636.39    N/A
 17179869184     536870912     float    none      -1    23072  744.63  651.55      0    23046  745.44  652.26    N/A
# Out of bounds values : 0 OK
# Avg bus bandwidth    : 385.986 
#

%%%%%%%%% gather_perf %%%%%%%%%%
# nThread 1 nGpus 8 minBytes 1048576 maxBytes 17179869184 step: 4(factor) warmup iters: 5 iters: 20 agg iters: 1 validation: 1 graph: 0
#
# Using devices
#  Rank  0 Group  0 Pid  16220 on   node5502 device  0 [0x1b] NVIDIA B200
#  Rank  1 Group  0 Pid  16220 on   node5502 device  1 [0x43] NVIDIA B200
#  Rank  2 Group  0 Pid  16220 on   node5502 device  2 [0x52] NVIDIA B200
#  Rank  3 Group  0 Pid  16220 on   node5502 device  3 [0x61] NVIDIA B200
#  Rank  4 Group  0 Pid  16220 on   node5502 device  4 [0x9d] NVIDIA B200
#  Rank  5 Group  0 Pid  16220 on   node5502 device  5 [0xc3] NVIDIA B200
#  Rank  6 Group  0 Pid  16220 on   node5502 device  6 [0xd1] NVIDIA B200
#  Rank  7 Group  0 Pid  16220 on   node5502 device  7 [0xdf] NVIDIA B200
#
#                                                              out-of-place                       in-place          
#       size         count      type   redop    root     time   algbw   busbw #wrong     time   algbw   busbw #wrong
#        (B)    (elements)                               (us)  (GB/s)  (GB/s)            (us)  (GB/s)  (GB/s)       
     1048576         32768     float    none       0    41.80   25.09   21.95      0    36.14   29.02   25.39      0
     4194304        131072     float    none       0    36.92  113.61   99.41      0    36.35  115.38  100.95      0
    16777216        524288     float    none       0    37.86  443.15  387.76      0    37.58  446.47  390.66      0
    67108864       2097152     float    none       0    97.52  688.18  602.16      0    97.88  685.61  599.91      0
   268435456       8388608     float    none       0    346.8  774.03  677.27      0    346.7  774.15  677.38      0
  1073741824      33554432     float    none       0   1369.2  784.21  686.18      0   1370.6  783.38  685.46      0
  4294967296     134217728     float    none       0   5350.5  802.73  702.39      0   5350.6  802.71  702.37      0
 17179869184     536870912     float    none       0    21323  805.70  704.99      0    21324  805.67  704.96      0
# Out of bounds values : 0 OK
# Avg bus bandwidth    : 485.575 
#

%%%%%%%%% scatter_perf %%%%%%%%%%
# nThread 1 nGpus 8 minBytes 1048576 maxBytes 17179869184 step: 4(factor) warmup iters: 5 iters: 20 agg iters: 1 validation: 1 graph: 0
#
# Using devices
#  Rank  0 Group  0 Pid  16307 on   node5502 device  0 [0x1b] NVIDIA B200
#  Rank  1 Group  0 Pid  16307 on   node5502 device  1 [0x43] NVIDIA B200
#  Rank  2 Group  0 Pid  16307 on   node5502 device  2 [0x52] NVIDIA B200
#  Rank  3 Group  0 Pid  16307 on   node5502 device  3 [0x61] NVIDIA B200
#  Rank  4 Group  0 Pid  16307 on   node5502 device  4 [0x9d] NVIDIA B200
#  Rank  5 Group  0 Pid  16307 on   node5502 device  5 [0xc3] NVIDIA B200
#  Rank  6 Group  0 Pid  16307 on   node5502 device  6 [0xd1] NVIDIA B200
#  Rank  7 Group  0 Pid  16307 on   node5502 device  7 [0xdf] NVIDIA B200
#
#                                                              out-of-place                       in-place          
#       size         count      type   redop    root     time   algbw   busbw #wrong     time   algbw   busbw #wrong
#        (B)    (elements)                               (us)  (GB/s)  (GB/s)            (us)  (GB/s)  (GB/s)       
     1048576         32768     float    none       0    40.27   26.04   22.79      0    40.77   25.72   22.50      0
     4194304        131072     float    none       0    40.91  102.52   89.71      0    37.90  110.68   96.84      0
    16777216        524288     float    none       0    37.08  452.40  395.85      0    36.50  459.67  402.21      0
    67108864       2097152     float    none       0    99.31  675.77  591.30      0    99.02  677.76  593.04      0
   268435456       8388608     float    none       0    356.6  752.71  658.62      0    357.9  750.05  656.30      0
  1073741824      33554432     float    none       0   1274.0  842.80  737.45      0   1276.8  840.94  735.82      0
  4294967296     134217728     float    none       0   4990.7  860.60  753.02      0   5006.2  857.93  750.69      0
 17179869184     536870912     float    none       0    19856  865.23  757.07      0    19924  862.29  754.50      0
# Out of bounds values : 0 OK
# Avg bus bandwidth    : 501.107 
#

%%%%%%%%% hypercube_perf %%%%%%%%%%
# nThread 1 nGpus 8 minBytes 1048576 maxBytes 17179869184 step: 4(factor) warmup iters: 5 iters: 20 agg iters: 1 validation: 1 graph: 0
#
# Using devices
#  Rank  0 Group  0 Pid  16395 on   node5502 device  0 [0x1b] NVIDIA B200
#  Rank  1 Group  0 Pid  16395 on   node5502 device  1 [0x43] NVIDIA B200
#  Rank  2 Group  0 Pid  16395 on   node5502 device  2 [0x52] NVIDIA B200
#  Rank  3 Group  0 Pid  16395 on   node5502 device  3 [0x61] NVIDIA B200
#  Rank  4 Group  0 Pid  16395 on   node5502 device  4 [0x9d] NVIDIA B200
#  Rank  5 Group  0 Pid  16395 on   node5502 device  5 [0xc3] NVIDIA B200
#  Rank  6 Group  0 Pid  16395 on   node5502 device  6 [0xd1] NVIDIA B200
#  Rank  7 Group  0 Pid  16395 on   node5502 device  7 [0xdf] NVIDIA B200
#
#                                                              out-of-place                       in-place          
#       size         count      type   redop    root     time   algbw   busbw #wrong     time   algbw   busbw #wrong
#        (B)    (elements)                               (us)  (GB/s)  (GB/s)            (us)  (GB/s)  (GB/s)       
     1048576         32768     float              -1    83.00   11.05   11.05  1.00736e+06    47.39   19.36   19.36  1.04352e+06
     4194304        131072     float              -1    73.53   49.91   49.91  4.02886e+06    49.42   74.26   74.26  3.99475e+06
    16777216        524288     float              -1    117.1  125.35  125.35  1.21879e+07    112.8  130.10  130.10  1.22503e+07
    67108864       2097152     float              -1    414.5  141.66  141.66  2.3995e+07    405.8  144.69  144.69  2.4394e+07
   268435456       8388608     float              -1   1219.1  192.67  192.67  1.10326e+08   1205.6  194.83  194.83  1.10832e+08
  1073741824      33554432     float              -1   2285.8  411.03  411.03  6.3233e+08   2241.5  419.15  419.15  6.35091e+08
  4294967296     134217728     float              -1   8121.5  462.73  462.73  8.17824e+08   7953.1  472.53  472.53  8.23932e+08
 17179869184     536870912     float              -1    32496  462.59  462.59  2.84009e+09    31897  471.28  471.28  2.80781e+09
# Out of bounds values : 16 FAILED
# Avg bus bandwidth    : 236.45 
#

--------------------------------------------------------------------------
Primary job  terminated normally, but 1 process returned
a non-zero exit code. Per user-direction, the job has been aborted.
--------------------------------------------------------------------------
--------------------------------------------------------------------------
mpirun detected that one or more processes exited with non-zero status, thus causing
the job to be terminated. The first process to do so was:

  Process name: [[40051,1],0]
  Exit code:    1
--------------------------------------------------------------------------
