=== topology ===
	[4mGPU0	GPU1	GPU2	GPU3	GPU4	GPU5	GPU6	GPU7	NIC0	NIC1	NIC2	NIC3	NIC4	NIC5	NIC6	NIC7	NIC8	NIC9	NIC10	NIC11	CPU Affinity	NUMA Affinity	GPU NUMA ID[0m
GPU0	 X 	NV18	NV18	NV18	NV18	NV18	NV18	NV18	PXB	NODE	NODE	NODE	NODE	NODE	SYS	SYS	SYS	SYS	SYS	SYS	0-55,112-167	0		N/A
GPU1	NV18	 X 	NV18	NV18	NV18	NV18	NV18	NV18	NODE	NODE	NODE	PXB	NODE	NODE	SYS	SYS	SYS	SYS	SYS	SYS	0-55,112-167	0		N/A
GPU2	NV18	NV18	 X 	NV18	NV18	NV18	NV18	NV18	NODE	NODE	NODE	NODE	PXB	NODE	SYS	SYS	SYS	SYS	SYS	SYS	0-55,112-167	0		N/A
GPU3	NV18	NV18	NV18	 X 	NV18	NV18	NV18	NV18	NODE	NODE	NODE	NODE	NODE	PXB	SYS	SYS	SYS	SYS	SYS	SYS	0-55,112-167	0		N/A
GPU4	NV18	NV18	NV18	NV18	 X 	NV18	NV18	NV18	SYS	SYS	SYS	SYS	SYS	SYS	PXB	NODE	NODE	NODE	NODE	NODE	56-111,168-223	1		N/A
GPU5	NV18	NV18	NV18	NV18	NV18	 X 	NV18	NV18	SYS	SYS	SYS	SYS	SYS	SYS	NODE	NODE	NODE	PXB	NODE	NODE	56-111,168-223	1		N/A
GPU6	NV18	NV18	NV18	NV18	NV18	NV18	 X 	NV18	SYS	SYS	SYS	SYS	SYS	SYS	NODE	NODE	NODE	NODE	PXB	NODE	56-111,168-223	1		N/A
GPU7	NV18	NV18	NV18	NV18	NV18	NV18	NV18	 X 	SYS	SYS	SYS	SYS	SYS	SYS	NODE	NODE	NODE	NODE	NODE	PXB	56-111,168-223	1		N/A
NIC0	PXB	NODE	NODE	NODE	SYS	SYS	SYS	SYS	 X 	NODE	NODE	NODE	NODE	NODE	SYS	SYS	SYS	SYS	SYS	SYS				
NIC1	NODE	NODE	NODE	NODE	SYS	SYS	SYS	SYS	NODE	 X 	PIX	NODE	NODE	NODE	SYS	SYS	SYS	SYS	SYS	SYS				
NIC2	NODE	NODE	NODE	NODE	SYS	SYS	SYS	SYS	NODE	PIX	 X 	NODE	NODE	NODE	SYS	SYS	SYS	SYS	SYS	SYS				
=== cores ===
224
affinity: pid 10141's current affinity list: 0-223

########## A: current -- np 1, g 8 (default binding) ##########
  4294967296    1073741824     float     sum      -1    15724  273.14  478.00    N/A    15712  273.35  478.37    N/A
  8589934592    2147483648     float     sum      -1    31308  274.37  480.15    N/A    31314  274.31  480.05    N/A
# Out of bounds values : 0 OK
# Avg bus bandwidth    : 475.571 
#


########## B: np 1, g 8, --bind-to none ##########
  4294967296    1073741824     float     sum      -1    15751  272.69  477.20    N/A    15722  273.18  478.07    N/A
  8589934592    2147483648     float     sum      -1    31325  274.22  479.89    N/A    31335  274.13  479.74    N/A
# Out of bounds values : 0 OK
# Avg bus bandwidth    : 475.201 
#


########## C: np 8, g 1, --bind-to numa (standard) ##########
  4294967296    1073741824     float     sum      -1    15722  273.18  478.06    N/A    15701  273.54  478.69    N/A
  8589934592    2147483648     float     sum      -1    31298  274.46  480.30    N/A    31307  274.38  480.16    N/A
# Out of bounds values : 0 OK
# Avg bus bandwidth    : 475.824 
#

