/orcd/software/core/001/pkg/nvhpc/26.1/Linux_x86_64/26.1/comm_libs/mpi/bin/mpirun
/orcd/software/core/001/pkg/nvhpc/26.1/Linux_x86_64/26.1/compilers/bin/nvcc
Bin dir = /orcd/data/orcd/022/benchmarks/nccl-tests/build-nvhpc-26.1
num_gpu_per_task = 8
collectives = sendrecv_perf all_reduce_perf all_gather_perf reduce_scatter_perf reduce_perf broadcast_perf alltoall_perf gather_perf scatter_perf hypercube_perf
%%%%%%%%% sendrecv_perf %%%%%%%%%%
# nThread 1 nGpus 8 minBytes 1048576 maxBytes 17179869184 step: 4(factor) warmup iters: 5 iters: 20 agg iters: 1 validation: 1 graph: 0
#
# Using devices
#  Rank  0 Group  0 Pid   4532 on node5900-c1 device  0 [0x1a] NVIDIA B300 SXM6 AC
#  Rank  1 Group  0 Pid   4532 on node5900-c1 device  1 [0x3c] NVIDIA B300 SXM6 AC
#  Rank  2 Group  0 Pid   4532 on node5900-c1 device  2 [0x62] NVIDIA B300 SXM6 AC
#  Rank  3 Group  0 Pid   4532 on node5900-c1 device  3 [0x73] NVIDIA B300 SXM6 AC
#  Rank  4 Group  0 Pid   4532 on node5900-c1 device  4 [0x9a] NVIDIA B300 SXM6 AC
#  Rank  5 Group  0 Pid   4532 on node5900-c1 device  5 [0xbc] NVIDIA B300 SXM6 AC
#  Rank  6 Group  0 Pid   4532 on node5900-c1 device  6 [0xdf] NVIDIA B300 SXM6 AC
#  Rank  7 Group  0 Pid   4532 on node5900-c1 device  7 [0xf0] NVIDIA B300 SXM6 AC
#
#                                                              out-of-place                       in-place          
#       size         count      type   redop    root     time   algbw   busbw #wrong     time   algbw   busbw #wrong
#        (B)    (elements)                               (us)  (GB/s)  (GB/s)            (us)  (GB/s)  (GB/s)       
     1048576        262144     float     sum      -1    34.99   29.97   29.97      0    35.30   29.71   29.71    N/A
     4194304       1048576     float     sum      -1    64.13   65.40   65.40      0    64.33   65.20   65.20    N/A
    16777216       4194304     float     sum      -1    208.0   80.67   80.67      0    207.7   80.79   80.79    N/A
    67108864      16777216     float     sum      -1    769.9   87.17   87.17      0    809.2   82.94   82.94    N/A
   268435456      67108864     float     sum      -1    830.1  323.37  323.37      0    827.4  324.41  324.41    N/A
  1073741824     268435456     float     sum      -1   1733.6  619.36  619.36      0   1736.3  618.42  618.42    N/A
  4294967296    1073741824     float     sum      -1   6761.2  635.24  635.24      0   6820.4  629.72  629.72    N/A
 17179869184    4294967296     float     sum      -1    26909  638.43  638.43      0    27204  631.53  631.53    N/A
# Out of bounds values : 0 OK
# Avg bus bandwidth    : 308.895 
#

%%%%%%%%% all_reduce_perf %%%%%%%%%%
# nThread 1 nGpus 8 minBytes 1048576 maxBytes 17179869184 step: 4(factor) warmup iters: 5 iters: 20 agg iters: 1 validation: 1 graph: 0
#
# Using devices
#  Rank  0 Group  0 Pid   4618 on node5900-c1 device  0 [0x1a] NVIDIA B300 SXM6 AC
#  Rank  1 Group  0 Pid   4618 on node5900-c1 device  1 [0x3c] NVIDIA B300 SXM6 AC
#  Rank  2 Group  0 Pid   4618 on node5900-c1 device  2 [0x62] NVIDIA B300 SXM6 AC
#  Rank  3 Group  0 Pid   4618 on node5900-c1 device  3 [0x73] NVIDIA B300 SXM6 AC
#  Rank  4 Group  0 Pid   4618 on node5900-c1 device  4 [0x9a] NVIDIA B300 SXM6 AC
#  Rank  5 Group  0 Pid   4618 on node5900-c1 device  5 [0xbc] NVIDIA B300 SXM6 AC
#  Rank  6 Group  0 Pid   4618 on node5900-c1 device  6 [0xdf] NVIDIA B300 SXM6 AC
#  Rank  7 Group  0 Pid   4618 on node5900-c1 device  7 [0xf0] NVIDIA B300 SXM6 AC
#
#                                                              out-of-place                       in-place          
#       size         count      type   redop    root     time   algbw   busbw #wrong     time   algbw   busbw #wrong
#        (B)    (elements)                               (us)  (GB/s)  (GB/s)            (us)  (GB/s)  (GB/s)       
     1048576        262144     float     sum      -1    47.40   22.12   38.71      0    47.55   22.05   38.59      0
     4194304       1048576     float     sum      -1    60.37   69.48  121.59      0    60.86   68.92  120.61      0
    16777216       4194304     float     sum      -1    114.4  146.70  256.72      0    112.1  149.69  261.95      0
    67108864      16777216     float     sum      -1    291.6  230.15  402.76      0    291.1  230.50  403.38      0
   268435456      67108864     float     sum      -1    655.2  409.69  716.97      0    656.0  409.20  716.10      0
  1073741824     268435456     float     sum      -1   2353.6  456.22  798.38      0   2349.7  456.97  799.69      0
  4294967296    1073741824     float     sum      -1   8310.6  516.81  904.41      0   8324.4  515.95  902.91      0
 17179869184    4294967296     float     sum      -1    32911  522.01  913.52      0    32883  522.45  914.29      0
# Out of bounds values : 0 OK
# Avg bus bandwidth    : 519.411 
#

%%%%%%%%% all_gather_perf %%%%%%%%%%
# nThread 1 nGpus 8 minBytes 1048576 maxBytes 17179869184 step: 4(factor) warmup iters: 5 iters: 20 agg iters: 1 validation: 1 graph: 0
#
# Using devices
#  Rank  0 Group  0 Pid   4712 on node5900-c1 device  0 [0x1a] NVIDIA B300 SXM6 AC
#  Rank  1 Group  0 Pid   4712 on node5900-c1 device  1 [0x3c] NVIDIA B300 SXM6 AC
#  Rank  2 Group  0 Pid   4712 on node5900-c1 device  2 [0x62] NVIDIA B300 SXM6 AC
#  Rank  3 Group  0 Pid   4712 on node5900-c1 device  3 [0x73] NVIDIA B300 SXM6 AC
#  Rank  4 Group  0 Pid   4712 on node5900-c1 device  4 [0x9a] NVIDIA B300 SXM6 AC
#  Rank  5 Group  0 Pid   4712 on node5900-c1 device  5 [0xbc] NVIDIA B300 SXM6 AC
#  Rank  6 Group  0 Pid   4712 on node5900-c1 device  6 [0xdf] NVIDIA B300 SXM6 AC
#  Rank  7 Group  0 Pid   4712 on node5900-c1 device  7 [0xf0] NVIDIA B300 SXM6 AC
#
#                                                              out-of-place                       in-place          
#       size         count      type   redop    root     time   algbw   busbw #wrong     time   algbw   busbw #wrong
#        (B)    (elements)                               (us)  (GB/s)  (GB/s)            (us)  (GB/s)  (GB/s)       
     1048576         32768     float    none      -1    49.37   21.24   18.58      0    49.62   21.13   18.49      0
     4194304        131072     float    none      -1    49.92   84.03   73.52      0    49.36   84.98   74.36      0
    16777216        524288     float    none      -1    111.2  150.83  131.97      0    110.9  151.28  132.37      0
    67108864       2097152     float    none      -1    147.9  453.64  396.93      0    146.9  456.69  399.61      0
   268435456       8388608     float    none      -1    423.3  634.08  554.82      0    424.4  632.52  553.45      0
  1073741824      33554432     float    none      -1   1586.2  676.93  592.32      0   1573.0  682.60  597.28      0
  4294967296     134217728     float    none      -1   5998.8  715.97  626.47      0   5922.7  725.17  634.53      0
 17179869184     536870912     float    none      -1    23466  732.11  640.60      0    23268  738.34  646.05      0
# Out of bounds values : 0 OK
# Avg bus bandwidth    : 380.709 
#

%%%%%%%%% reduce_scatter_perf %%%%%%%%%%
# nThread 1 nGpus 8 minBytes 1048576 maxBytes 17179869184 step: 4(factor) warmup iters: 5 iters: 20 agg iters: 1 validation: 1 graph: 0
#
# Using devices
#  Rank  0 Group  0 Pid   4798 on node5900-c1 device  0 [0x1a] NVIDIA B300 SXM6 AC
#  Rank  1 Group  0 Pid   4798 on node5900-c1 device  1 [0x3c] NVIDIA B300 SXM6 AC
#  Rank  2 Group  0 Pid   4798 on node5900-c1 device  2 [0x62] NVIDIA B300 SXM6 AC
#  Rank  3 Group  0 Pid   4798 on node5900-c1 device  3 [0x73] NVIDIA B300 SXM6 AC
#  Rank  4 Group  0 Pid   4798 on node5900-c1 device  4 [0x9a] NVIDIA B300 SXM6 AC
#  Rank  5 Group  0 Pid   4798 on node5900-c1 device  5 [0xbc] NVIDIA B300 SXM6 AC
#  Rank  6 Group  0 Pid   4798 on node5900-c1 device  6 [0xdf] NVIDIA B300 SXM6 AC
#  Rank  7 Group  0 Pid   4798 on node5900-c1 device  7 [0xf0] NVIDIA B300 SXM6 AC
#
#                                                              out-of-place                       in-place          
#       size         count      type   redop    root     time   algbw   busbw #wrong     time   algbw   busbw #wrong
#        (B)    (elements)                               (us)  (GB/s)  (GB/s)            (us)  (GB/s)  (GB/s)       
     1048576         32768     float     sum      -1    40.84   25.67   22.46      0    40.98   25.59   22.39      0
     4194304        131072     float     sum      -1    40.81  102.77   89.93      0    39.90  105.13   91.99      0
    16777216        524288     float     sum      -1    91.70  182.96  160.09      0    92.18  182.01  159.26      0
    67108864       2097152     float     sum      -1    128.7  521.57  456.38      0    128.3  522.94  457.57      0
   268435456       8388608     float     sum      -1    363.8  737.83  645.60      0    361.6  742.43  649.63      0
  1073741824      33554432     float     sum      -1   1330.2  807.18  706.28      0   1339.6  801.57  701.37      0
  4294967296     134217728     float     sum      -1   5060.8  848.68  742.60      0   5054.3  849.76  743.54      0
 17179869184     536870912     float     sum      -1    19809  867.26  758.85      0    19782  868.46  759.91      0
# Out of bounds values : 0 OK
# Avg bus bandwidth    : 447.991 
#

%%%%%%%%% reduce_perf %%%%%%%%%%
# nThread 1 nGpus 8 minBytes 1048576 maxBytes 17179869184 step: 4(factor) warmup iters: 5 iters: 20 agg iters: 1 validation: 1 graph: 0
#
# Using devices
#  Rank  0 Group  0 Pid   4884 on node5900-c1 device  0 [0x1a] NVIDIA B300 SXM6 AC
#  Rank  1 Group  0 Pid   4884 on node5900-c1 device  1 [0x3c] NVIDIA B300 SXM6 AC
#  Rank  2 Group  0 Pid   4884 on node5900-c1 device  2 [0x62] NVIDIA B300 SXM6 AC
#  Rank  3 Group  0 Pid   4884 on node5900-c1 device  3 [0x73] NVIDIA B300 SXM6 AC
#  Rank  4 Group  0 Pid   4884 on node5900-c1 device  4 [0x9a] NVIDIA B300 SXM6 AC
#  Rank  5 Group  0 Pid   4884 on node5900-c1 device  5 [0xbc] NVIDIA B300 SXM6 AC
#  Rank  6 Group  0 Pid   4884 on node5900-c1 device  6 [0xdf] NVIDIA B300 SXM6 AC
#  Rank  7 Group  0 Pid   4884 on node5900-c1 device  7 [0xf0] NVIDIA B300 SXM6 AC
#
#                                                              out-of-place                       in-place          
#       size         count      type   redop    root     time   algbw   busbw #wrong     time   algbw   busbw #wrong
#        (B)    (elements)                               (us)  (GB/s)  (GB/s)            (us)  (GB/s)  (GB/s)       
     1048576        262144     float     sum       0    38.81   27.02   27.02      0    38.20   27.45   27.45      0
     4194304       1048576     float     sum       0    41.63  100.75  100.75      0    41.95   99.98   99.98      0
    16777216       4194304     float     sum       0    53.50  313.59  313.59      0    53.58  313.12  313.12      0
    67108864      16777216     float     sum       0    132.9  504.79  504.79      0    132.1  508.12  508.12      0
   268435456      67108864     float     sum       0    431.1  622.73  622.73      0    432.2  621.13  621.13      0
  1073741824     268435456     float     sum       0   1619.3  663.11  663.11      0   1621.3  662.27  662.27      0
  4294967296    1073741824     float     sum       0   6342.8  677.14  677.14      0   6344.4  676.97  676.97      0
 17179869184    4294967296     float     sum       0    26265  654.11  654.11      0    26138  657.27  657.27      0
# Out of bounds values : 0 OK
# Avg bus bandwidth    : 445.595 
#

%%%%%%%%% broadcast_perf %%%%%%%%%%
# nThread 1 nGpus 8 minBytes 1048576 maxBytes 17179869184 step: 4(factor) warmup iters: 5 iters: 20 agg iters: 1 validation: 1 graph: 0
#
# Using devices
#  Rank  0 Group  0 Pid   4971 on node5900-c1 device  0 [0x1a] NVIDIA B300 SXM6 AC
#  Rank  1 Group  0 Pid   4971 on node5900-c1 device  1 [0x3c] NVIDIA B300 SXM6 AC
#  Rank  2 Group  0 Pid   4971 on node5900-c1 device  2 [0x62] NVIDIA B300 SXM6 AC
#  Rank  3 Group  0 Pid   4971 on node5900-c1 device  3 [0x73] NVIDIA B300 SXM6 AC
#  Rank  4 Group  0 Pid   4971 on node5900-c1 device  4 [0x9a] NVIDIA B300 SXM6 AC
#  Rank  5 Group  0 Pid   4971 on node5900-c1 device  5 [0xbc] NVIDIA B300 SXM6 AC
#  Rank  6 Group  0 Pid   4971 on node5900-c1 device  6 [0xdf] NVIDIA B300 SXM6 AC
#  Rank  7 Group  0 Pid   4971 on node5900-c1 device  7 [0xf0] NVIDIA B300 SXM6 AC
#
#                                                              out-of-place                       in-place          
#       size         count      type   redop    root     time   algbw   busbw #wrong     time   algbw   busbw #wrong
#        (B)    (elements)                               (us)  (GB/s)  (GB/s)            (us)  (GB/s)  (GB/s)       
     1048576        262144     float    none       0    35.38   29.64   29.64      0    35.04   29.92   29.92      0
     4194304       1048576     float    none       0    38.75  108.24  108.24      0    38.54  108.83  108.83      0
    16777216       4194304     float    none       0    50.84  330.02  330.02      0    50.17  334.40  334.40      0
    67108864      16777216     float    none       0    124.8  537.90  537.90      0    125.0  536.82  536.82      0
   268435456      67108864     float    none       0    404.1  664.35  664.35      0    405.3  662.27  662.27      0
  1073741824     268435456     float    none       0   1537.4  698.44  698.44      0   1536.6  698.79  698.79      0
  4294967296    1073741824     float    none       0   6022.6  713.14  713.14      0   6576.1  653.11  653.11      0
 17179869184    4294967296     float    none       0    25623  670.47  670.47      0    25806  665.73  665.73      0
# Out of bounds values : 0 OK
# Avg bus bandwidth    : 465.13 
#

%%%%%%%%% alltoall_perf %%%%%%%%%%
# nThread 1 nGpus 8 minBytes 1048576 maxBytes 17179869184 step: 4(factor) warmup iters: 5 iters: 20 agg iters: 1 validation: 1 graph: 0
#
# Using devices
#  Rank  0 Group  0 Pid   5057 on node5900-c1 device  0 [0x1a] NVIDIA B300 SXM6 AC
#  Rank  1 Group  0 Pid   5057 on node5900-c1 device  1 [0x3c] NVIDIA B300 SXM6 AC
#  Rank  2 Group  0 Pid   5057 on node5900-c1 device  2 [0x62] NVIDIA B300 SXM6 AC
#  Rank  3 Group  0 Pid   5057 on node5900-c1 device  3 [0x73] NVIDIA B300 SXM6 AC
#  Rank  4 Group  0 Pid   5057 on node5900-c1 device  4 [0x9a] NVIDIA B300 SXM6 AC
#  Rank  5 Group  0 Pid   5057 on node5900-c1 device  5 [0xbc] NVIDIA B300 SXM6 AC
#  Rank  6 Group  0 Pid   5057 on node5900-c1 device  6 [0xdf] NVIDIA B300 SXM6 AC
#  Rank  7 Group  0 Pid   5057 on node5900-c1 device  7 [0xf0] NVIDIA B300 SXM6 AC
#
#                                                              out-of-place                       in-place          
#       size         count      type   redop    root     time   algbw   busbw #wrong     time   algbw   busbw #wrong
#        (B)    (elements)                               (us)  (GB/s)  (GB/s)            (us)  (GB/s)  (GB/s)       
     1048576         32768     float    none      -1    58.29   17.99   15.74      0    58.51   17.92   15.68    N/A
     4194304        131072     float    none      -1    62.52   67.09   58.70      0    61.15   68.59   60.02    N/A
    16777216        524288     float    none      -1    64.14  261.57  228.87      0    62.90  266.73  233.39    N/A
    67108864       2097152     float    none      -1    145.3  461.71  404.00      0    147.8  453.96  397.21    N/A
   268435456       8388608     float    none      -1    454.8  590.25  516.47      0    455.0  589.93  516.19    N/A
  1073741824      33554432     float    none      -1   1601.5  670.48  586.67      0   1669.9  642.99  562.62    N/A
  4294967296     134217728     float    none      -1   6115.0  702.37  614.57      0   6178.1  695.20  608.30    N/A
 17179869184     536870912     float    none      -1    23937  717.70  627.99      0    24227  709.11  620.47    N/A
# Out of bounds values : 0 OK
# Avg bus bandwidth    : 379.18 
#

%%%%%%%%% gather_perf %%%%%%%%%%
# nThread 1 nGpus 8 minBytes 1048576 maxBytes 17179869184 step: 4(factor) warmup iters: 5 iters: 20 agg iters: 1 validation: 1 graph: 0
#
# Using devices
#  Rank  0 Group  0 Pid   5144 on node5900-c1 device  0 [0x1a] NVIDIA B300 SXM6 AC
#  Rank  1 Group  0 Pid   5144 on node5900-c1 device  1 [0x3c] NVIDIA B300 SXM6 AC
#  Rank  2 Group  0 Pid   5144 on node5900-c1 device  2 [0x62] NVIDIA B300 SXM6 AC
#  Rank  3 Group  0 Pid   5144 on node5900-c1 device  3 [0x73] NVIDIA B300 SXM6 AC
#  Rank  4 Group  0 Pid   5144 on node5900-c1 device  4 [0x9a] NVIDIA B300 SXM6 AC
#  Rank  5 Group  0 Pid   5144 on node5900-c1 device  5 [0xbc] NVIDIA B300 SXM6 AC
#  Rank  6 Group  0 Pid   5144 on node5900-c1 device  6 [0xdf] NVIDIA B300 SXM6 AC
#  Rank  7 Group  0 Pid   5144 on node5900-c1 device  7 [0xf0] NVIDIA B300 SXM6 AC
#
#                                                              out-of-place                       in-place          
#       size         count      type   redop    root     time   algbw   busbw #wrong     time   algbw   busbw #wrong
#        (B)    (elements)                               (us)  (GB/s)  (GB/s)            (us)  (GB/s)  (GB/s)       
     1048576         32768     float    none       0    32.01   32.76   28.66      0    31.72   33.06   28.93      0
     4194304        131072     float    none       0    33.39  125.62  109.92      0    31.80  131.90  115.41      0
    16777216        524288     float    none       0    33.20  505.34  442.17      0    32.54  515.53  451.09      0
    67108864       2097152     float    none       0    86.14  779.05  681.67      0    87.47  767.19  671.29      0
   268435456       8388608     float    none       0    303.5  884.54  773.98      0    305.1  879.96  769.96      0
  1073741824      33554432     float    none       0   1206.7  889.83  778.60      0   1206.4  890.03  778.78      0
  4294967296     134217728     float    none       0   4719.0  910.14  796.37      0   4730.2  907.98  794.49      0
 17179869184     536870912     float    none       0    18849  911.44  797.51      0    19781  868.52  759.96      0
# Out of bounds values : 0 OK
# Avg bus bandwidth    : 548.674 
#

%%%%%%%%% scatter_perf %%%%%%%%%%
# nThread 1 nGpus 8 minBytes 1048576 maxBytes 17179869184 step: 4(factor) warmup iters: 5 iters: 20 agg iters: 1 validation: 1 graph: 0
#
# Using devices
#  Rank  0 Group  0 Pid   5230 on node5900-c1 device  0 [0x1a] NVIDIA B300 SXM6 AC
#  Rank  1 Group  0 Pid   5230 on node5900-c1 device  1 [0x3c] NVIDIA B300 SXM6 AC
#  Rank  2 Group  0 Pid   5230 on node5900-c1 device  2 [0x62] NVIDIA B300 SXM6 AC
#  Rank  3 Group  0 Pid   5230 on node5900-c1 device  3 [0x73] NVIDIA B300 SXM6 AC
#  Rank  4 Group  0 Pid   5230 on node5900-c1 device  4 [0x9a] NVIDIA B300 SXM6 AC
#  Rank  5 Group  0 Pid   5230 on node5900-c1 device  5 [0xbc] NVIDIA B300 SXM6 AC
#  Rank  6 Group  0 Pid   5230 on node5900-c1 device  6 [0xdf] NVIDIA B300 SXM6 AC
#  Rank  7 Group  0 Pid   5230 on node5900-c1 device  7 [0xf0] NVIDIA B300 SXM6 AC
#
#                                                              out-of-place                       in-place          
#       size         count      type   redop    root     time   algbw   busbw #wrong     time   algbw   busbw #wrong
#        (B)    (elements)                               (us)  (GB/s)  (GB/s)            (us)  (GB/s)  (GB/s)       
     1048576         32768     float    none       0    33.87   30.96   27.09      0    33.82   31.00   27.13      0
     4194304        131072     float    none       0    34.29  122.31  107.02      0    34.53  121.46  106.27      0
    16777216        524288     float    none       0    35.90  467.38  408.96      0    35.66  470.50  411.69      0
    67108864       2097152     float    none       0    96.38  696.26  609.23      0    99.15  676.85  592.24      0
   268435456       8388608     float    none       0    333.3  805.45  704.77      0    391.2  686.24  600.46      0
  1073741824      33554432     float    none       0   1375.6  780.58  683.01      0   1378.4  778.99  681.62      0
  4294967296     134217728     float    none       0   5478.9  783.92  685.93      0   5494.7  781.66  683.95      0
 17179869184     536870912     float    none       0    21801  788.03  689.53      0    21871  785.53  687.33      0
# Out of bounds values : 0 OK
# Avg bus bandwidth    : 481.64 
#

%%%%%%%%% hypercube_perf %%%%%%%%%%
# nThread 1 nGpus 8 minBytes 1048576 maxBytes 17179869184 step: 4(factor) warmup iters: 5 iters: 20 agg iters: 1 validation: 1 graph: 0
#
# Using devices
#  Rank  0 Group  0 Pid   5316 on node5900-c1 device  0 [0x1a] NVIDIA B300 SXM6 AC
#  Rank  1 Group  0 Pid   5316 on node5900-c1 device  1 [0x3c] NVIDIA B300 SXM6 AC
#  Rank  2 Group  0 Pid   5316 on node5900-c1 device  2 [0x62] NVIDIA B300 SXM6 AC
#  Rank  3 Group  0 Pid   5316 on node5900-c1 device  3 [0x73] NVIDIA B300 SXM6 AC
#  Rank  4 Group  0 Pid   5316 on node5900-c1 device  4 [0x9a] NVIDIA B300 SXM6 AC
#  Rank  5 Group  0 Pid   5316 on node5900-c1 device  5 [0xbc] NVIDIA B300 SXM6 AC
#  Rank  6 Group  0 Pid   5316 on node5900-c1 device  6 [0xdf] NVIDIA B300 SXM6 AC
#  Rank  7 Group  0 Pid   5316 on node5900-c1 device  7 [0xf0] NVIDIA B300 SXM6 AC
#
#                                                              out-of-place                       in-place          
#       size         count      type   redop    root     time   algbw   busbw #wrong     time   algbw   busbw #wrong
#        (B)    (elements)                               (us)  (GB/s)  (GB/s)            (us)  (GB/s)  (GB/s)       
     1048576         32768     float              -1    67.17   13.66   13.66  963328    43.22   21.23   21.23  1.00221e+06
     4194304        131072     float              -1    69.23   53.02   53.02  4.02534e+06    45.72   80.28   80.28  4.04486e+06
    16777216        524288     float              -1    111.0  132.31  132.31  1.24038e+07    105.9  138.69  138.69  1.2249e+07
    67108864       2097152     float              -1    389.9  150.59  150.59  2.43619e+07    379.8  154.62  154.62  2.43557e+07
   268435456       8388608     float              -1   1145.7  205.02  205.02  1.10401e+08   1130.1  207.85  207.85  1.10537e+08
  1073741824      33554432     float              -1   2166.7  433.61  433.61  6.49361e+08   2121.8  442.80  442.80  6.61543e+08
  4294967296     134217728     float              -1   7789.9  482.43  482.43  8.73506e+08   7624.8  492.87  492.87  8.95412e+08
 17179869184     536870912     float              -1    30896  486.55  486.55  2.98158e+09    30268  496.64  496.64  2.77067e+09
# Out of bounds values : 16 FAILED
# Avg bus bandwidth    : 249.51 
#

--------------------------------------------------------------------------
Primary job  terminated normally, but 1 process returned
a non-zero exit code. Per user-direction, the job has been aborted.
--------------------------------------------------------------------------
--------------------------------------------------------------------------
mpirun detected that one or more processes exited with non-zero status, thus causing
the job to be terminated. The first process to do so was:

  Process name: [[25896,1],0]
  Exit code:    1
--------------------------------------------------------------------------
