Nodes       = node5700,node5701
Date        = Mon Aug 10 17:14:36 EDT 2026
OS          = Ubuntu 24.04.4 LTS / 6.8.0-124-generic
mpirun      = /orcd/data/orcd/022/benchmarks/nvhpc/Linux_x86_64/26.1/comm_libs/12.9/hpcx/latest/ompi/bin/mpirun
NVHPC       = /orcd/data/orcd/022/benchmarks/nvhpc/Linux_x86_64/26.1 (CUDA 12.9 flavour)
Bin dir     = /orcd/data/orcd/022/benchmarks/nccl-tests/build-utuntu-nvhpc-26.1
num_cpu = num_mpi_tasks = 2
num_gpu_per_task = 8
collectives = scatter_perf
sizes       = 1M .. 16G (x4)
--- rank placement ---
node5700
node5701
%%%%%%%%% scatter_perf %%%%%%%%%%
# nThread 1 nGpus 8 minBytes 1048576 maxBytes 17179869184 step: 4(factor) warmup iters: 5 iters: 20 agg iters: 1 validation: 1 graph: 0
#
# Using devices
#  Rank  0 Group  0 Pid 1158075 on   node5700 device  0 [0x1b] NVIDIA B200
#  Rank  1 Group  0 Pid 1158075 on   node5700 device  1 [0x43] NVIDIA B200
#  Rank  2 Group  0 Pid 1158075 on   node5700 device  2 [0x52] NVIDIA B200
#  Rank  3 Group  0 Pid 1158075 on   node5700 device  3 [0x61] NVIDIA B200
#  Rank  4 Group  0 Pid 1158075 on   node5700 device  4 [0x9d] NVIDIA B200
#  Rank  5 Group  0 Pid 1158075 on   node5700 device  5 [0xc3] NVIDIA B200
#  Rank  6 Group  0 Pid 1158075 on   node5700 device  6 [0xd1] NVIDIA B200
#  Rank  7 Group  0 Pid 1158075 on   node5700 device  7 [0xdf] NVIDIA B200
#  Rank  8 Group  0 Pid 1153633 on   node5701 device  0 [0x1b] NVIDIA B200
#  Rank  9 Group  0 Pid 1153633 on   node5701 device  1 [0x43] NVIDIA B200
#  Rank 10 Group  0 Pid 1153633 on   node5701 device  2 [0x52] NVIDIA B200
#  Rank 11 Group  0 Pid 1153633 on   node5701 device  3 [0x61] NVIDIA B200
#  Rank 12 Group  0 Pid 1153633 on   node5701 device  4 [0x9d] NVIDIA B200
#  Rank 13 Group  0 Pid 1153633 on   node5701 device  5 [0xc3] NVIDIA B200
#  Rank 14 Group  0 Pid 1153633 on   node5701 device  6 [0xd1] NVIDIA B200
#  Rank 15 Group  0 Pid 1153633 on   node5701 device  7 [0xdf] NVIDIA B200
NCCL version 2.29.2+cuda12.9
#
#                                                              out-of-place                       in-place          
#       size         count      type   redop    root     time   algbw   busbw #wrong     time   algbw   busbw #wrong
#        (B)    (elements)                               (us)  (GB/s)  (GB/s)            (us)  (GB/s)  (GB/s)       
     1048576         16384     float    none       0    168.5    6.22    5.83      0    135.2    7.75    7.27      0
     4194304         65536     float    none       0    100.9   41.56   38.96      0    99.23   42.27   39.63      0
    16777216        262144     float    none       0    135.6  123.71  115.98      0    134.1  125.12  117.30      0
    67108864       1048576     float    none       0    298.5  224.81  210.76      0    281.8  238.17  223.29      0
   268435456       4194304     float    none       0    986.3  272.18  255.17      0    932.1  288.00  270.00      0
  1073741824      16777216     float    none       0   3577.5  300.14  281.38      0   3554.9  302.04  283.17      0
  4294967296      67108864     float    none       0    14003  306.72  287.55      0    13990  307.01  287.82      0
 17179869184     268435456     float    none       0    55512  309.48  290.14      0    55434  309.91  290.54      0
# Out of bounds values : 0 OK
# Avg bus bandwidth    : 187.799 
#

