Node        = node5700
Date        = Mon Aug 10 14:32:47 EDT 2026
OS          = Ubuntu 24.04.4 LTS / 6.8.0-124-generic
mpirun      = /orcd/data/orcd/022/benchmarks/nvhpc/Linux_x86_64/26.1/comm_libs/12.9/hpcx/latest/ompi/bin/mpirun
nvcc        = /orcd/data/orcd/022/benchmarks/nvhpc/Linux_x86_64/26.1/cuda/12.9/bin/nvcc
NVHPC       = /orcd/data/orcd/022/benchmarks/nvhpc/Linux_x86_64/26.1 (CUDA 12.9 flavour)
Bin dir     = /orcd/data/orcd/022/benchmarks/nccl-tests/build-utuntu-nvhpc-26.1
num_gpu_per_task = 8
collectives = sendrecv_perf all_reduce_perf all_gather_perf reduce_scatter_perf reduce_perf broadcast_perf alltoall_perf gather_perf scatter_perf hypercube_perf
sizes       = 1M .. 16G (x4)
%%%%%%%%% sendrecv_perf %%%%%%%%%%
# nThread 1 nGpus 8 minBytes 1048576 maxBytes 17179869184 step: 4(factor) warmup iters: 5 iters: 20 agg iters: 1 validation: 1 graph: 0
#
# Using devices
#  Rank  0 Group  0 Pid 1016956 on   node5700 device  0 [0x1b] NVIDIA B200
#  Rank  1 Group  0 Pid 1016956 on   node5700 device  1 [0x43] NVIDIA B200
#  Rank  2 Group  0 Pid 1016956 on   node5700 device  2 [0x52] NVIDIA B200
#  Rank  3 Group  0 Pid 1016956 on   node5700 device  3 [0x61] NVIDIA B200
#  Rank  4 Group  0 Pid 1016956 on   node5700 device  4 [0x9d] NVIDIA B200
#  Rank  5 Group  0 Pid 1016956 on   node5700 device  5 [0xc3] NVIDIA B200
#  Rank  6 Group  0 Pid 1016956 on   node5700 device  6 [0xd1] NVIDIA B200
#  Rank  7 Group  0 Pid 1016956 on   node5700 device  7 [0xdf] NVIDIA B200
#
#                                                              out-of-place                       in-place          
#       size         count      type   redop    root     time   algbw   busbw #wrong     time   algbw   busbw #wrong
#        (B)    (elements)                               (us)  (GB/s)  (GB/s)            (us)  (GB/s)  (GB/s)       
     1048576        262144     float     sum      -1    34.61   30.29   30.29      0    34.91   30.04   30.04    N/A
     4194304       1048576     float     sum      -1    68.21   61.49   61.49      0    67.41   62.22   62.22    N/A
    16777216       4194304     float     sum      -1    217.7   77.08   77.08      0    216.0   77.69   77.69    N/A
    67108864      16777216     float     sum      -1    796.9   84.21   84.21      0    785.6   85.43   85.43    N/A
   268435456      67108864     float     sum      -1    813.9  329.81  329.81      0    801.1  335.10  335.10    N/A
  1073741824     268435456     float     sum      -1   1687.5  636.31  636.31      0   1679.7  639.24  639.24    N/A
  4294967296    1073741824     float     sum      -1   6595.6  651.18  651.18      0   6712.5  639.85  639.85    N/A
 17179869184    4294967296     float     sum      -1    26206  655.57  655.57      0    26740  642.47  642.47    N/A
# Out of bounds values : 0 OK
# Avg bus bandwidth    : 314.874 
#

%%%%%%%%% all_reduce_perf %%%%%%%%%%
# nThread 1 nGpus 8 minBytes 1048576 maxBytes 17179869184 step: 4(factor) warmup iters: 5 iters: 20 agg iters: 1 validation: 1 graph: 0
#
# Using devices
#  Rank  0 Group  0 Pid 1017399 on   node5700 device  0 [0x1b] NVIDIA B200
#  Rank  1 Group  0 Pid 1017399 on   node5700 device  1 [0x43] NVIDIA B200
#  Rank  2 Group  0 Pid 1017399 on   node5700 device  2 [0x52] NVIDIA B200
#  Rank  3 Group  0 Pid 1017399 on   node5700 device  3 [0x61] NVIDIA B200
#  Rank  4 Group  0 Pid 1017399 on   node5700 device  4 [0x9d] NVIDIA B200
#  Rank  5 Group  0 Pid 1017399 on   node5700 device  5 [0xc3] NVIDIA B200
#  Rank  6 Group  0 Pid 1017399 on   node5700 device  6 [0xd1] NVIDIA B200
#  Rank  7 Group  0 Pid 1017399 on   node5700 device  7 [0xdf] NVIDIA B200
#
#                                                              out-of-place                       in-place          
#       size         count      type   redop    root     time   algbw   busbw #wrong     time   algbw   busbw #wrong
#        (B)    (elements)                               (us)  (GB/s)  (GB/s)            (us)  (GB/s)  (GB/s)       
     1048576        262144     float     sum      -1    44.92   23.35   40.85      0    44.20   23.72   41.52      0
     4194304       1048576     float     sum      -1    58.42   71.80  125.65      0    59.10   70.97  124.20      0
    16777216       4194304     float     sum      -1    110.0  152.50  266.88      0    108.1  155.16  271.54      0
    67108864      16777216     float     sum      -1    278.6  240.89  421.57      0    278.5  240.95  421.67      0
   268435456      67108864     float     sum      -1    710.5  377.82  661.18      0    714.2  375.87  657.78      0
  1073741824     268435456     float     sum      -1   2578.8  416.38  728.66      0   2578.7  416.38  728.67      0
  4294967296    1073741824     float     sum      -1   9011.3  476.62  834.09      0   9017.5  476.29  833.51      0
 17179869184    4294967296     float     sum      -1    35735  480.76  841.32      0    35746  480.61  841.06      0
# Out of bounds values : 0 OK
# Avg bus bandwidth    : 490.01 
#

%%%%%%%%% all_gather_perf %%%%%%%%%%
# nThread 1 nGpus 8 minBytes 1048576 maxBytes 17179869184 step: 4(factor) warmup iters: 5 iters: 20 agg iters: 1 validation: 1 graph: 0
#
# Using devices
#  Rank  0 Group  0 Pid 1017887 on   node5700 device  0 [0x1b] NVIDIA B200
#  Rank  1 Group  0 Pid 1017887 on   node5700 device  1 [0x43] NVIDIA B200
#  Rank  2 Group  0 Pid 1017887 on   node5700 device  2 [0x52] NVIDIA B200
#  Rank  3 Group  0 Pid 1017887 on   node5700 device  3 [0x61] NVIDIA B200
#  Rank  4 Group  0 Pid 1017887 on   node5700 device  4 [0x9d] NVIDIA B200
#  Rank  5 Group  0 Pid 1017887 on   node5700 device  5 [0xc3] NVIDIA B200
#  Rank  6 Group  0 Pid 1017887 on   node5700 device  6 [0xd1] NVIDIA B200
#  Rank  7 Group  0 Pid 1017887 on   node5700 device  7 [0xdf] NVIDIA B200
#
#                                                              out-of-place                       in-place          
#       size         count      type   redop    root     time   algbw   busbw #wrong     time   algbw   busbw #wrong
#        (B)    (elements)                               (us)  (GB/s)  (GB/s)            (us)  (GB/s)  (GB/s)       
     1048576         32768     float    none      -1    48.50   21.62   18.92      0    47.96   21.86   19.13      0
     4194304        131072     float    none      -1    46.46   90.28   78.99      0    46.77   89.68   78.47      0
    16777216        524288     float    none      -1    106.0  158.21  138.43      0    103.4  162.28  142.00      0
    67108864       2097152     float    none      -1    141.5  474.22  414.95      0    140.9  476.37  416.82      0
   268435456       8388608     float    none      -1    405.9  661.31  578.64      0    403.5  665.21  582.06      0
  1073741824      33554432     float    none      -1   1520.2  706.34  618.05      0   1506.9  712.57  623.50      0
  4294967296     134217728     float    none      -1   5738.9  748.39  654.84      0   5672.9  757.10  662.46      0
 17179869184     536870912     float    none      -1    22446  765.39  669.71      0    22110  777.03  679.90      0
# Out of bounds values : 0 OK
# Avg bus bandwidth    : 398.555 
#

%%%%%%%%% reduce_scatter_perf %%%%%%%%%%
# nThread 1 nGpus 8 minBytes 1048576 maxBytes 17179869184 step: 4(factor) warmup iters: 5 iters: 20 agg iters: 1 validation: 1 graph: 0
#
# Using devices
#  Rank  0 Group  0 Pid 1018276 on   node5700 device  0 [0x1b] NVIDIA B200
#  Rank  1 Group  0 Pid 1018276 on   node5700 device  1 [0x43] NVIDIA B200
#  Rank  2 Group  0 Pid 1018276 on   node5700 device  2 [0x52] NVIDIA B200
#  Rank  3 Group  0 Pid 1018276 on   node5700 device  3 [0x61] NVIDIA B200
#  Rank  4 Group  0 Pid 1018276 on   node5700 device  4 [0x9d] NVIDIA B200
#  Rank  5 Group  0 Pid 1018276 on   node5700 device  5 [0xc3] NVIDIA B200
#  Rank  6 Group  0 Pid 1018276 on   node5700 device  6 [0xd1] NVIDIA B200
#  Rank  7 Group  0 Pid 1018276 on   node5700 device  7 [0xdf] NVIDIA B200
#
#                                                              out-of-place                       in-place          
#       size         count      type   redop    root     time   algbw   busbw #wrong     time   algbw   busbw #wrong
#        (B)    (elements)                               (us)  (GB/s)  (GB/s)            (us)  (GB/s)  (GB/s)       
     1048576         32768     float     sum      -1    43.84   23.92   20.93      0    44.16   23.75   20.78      0
     4194304        131072     float     sum      -1    43.18   97.14   85.00      0    43.30   96.86   84.75      0
    16777216        524288     float     sum      -1    102.4  163.80  143.33      0    101.4  165.42  144.75      0
    67108864       2097152     float     sum      -1    141.4  474.58  415.26      0    141.7  473.63  414.43      0
   268435456       8388608     float     sum      -1    400.8  669.80  586.08      0    399.6  671.69  587.73      0
  1073741824      33554432     float     sum      -1   1468.3  731.27  639.86      0   1467.4  731.72  640.26      0
  4294967296     134217728     float     sum      -1   5526.0  777.23  680.08      0   5519.7  778.11  680.85      0
 17179869184     536870912     float     sum      -1    21595  795.55  696.11      0    21598  795.45  696.02      0
# Out of bounds values : 0 OK
# Avg bus bandwidth    : 408.512 
#

%%%%%%%%% reduce_perf %%%%%%%%%%
# nThread 1 nGpus 8 minBytes 1048576 maxBytes 17179869184 step: 4(factor) warmup iters: 5 iters: 20 agg iters: 1 validation: 1 graph: 0
#
# Using devices
#  Rank  0 Group  0 Pid 1018784 on   node5700 device  0 [0x1b] NVIDIA B200
#  Rank  1 Group  0 Pid 1018784 on   node5700 device  1 [0x43] NVIDIA B200
#  Rank  2 Group  0 Pid 1018784 on   node5700 device  2 [0x52] NVIDIA B200
#  Rank  3 Group  0 Pid 1018784 on   node5700 device  3 [0x61] NVIDIA B200
#  Rank  4 Group  0 Pid 1018784 on   node5700 device  4 [0x9d] NVIDIA B200
#  Rank  5 Group  0 Pid 1018784 on   node5700 device  5 [0xc3] NVIDIA B200
#  Rank  6 Group  0 Pid 1018784 on   node5700 device  6 [0xd1] NVIDIA B200
#  Rank  7 Group  0 Pid 1018784 on   node5700 device  7 [0xdf] NVIDIA B200
#
#                                                              out-of-place                       in-place          
#       size         count      type   redop    root     time   algbw   busbw #wrong     time   algbw   busbw #wrong
#        (B)    (elements)                               (us)  (GB/s)  (GB/s)            (us)  (GB/s)  (GB/s)       
     1048576        262144     float     sum       0    38.78   27.04   27.04      0    38.38   27.32   27.32      0
     4194304       1048576     float     sum       0    41.85  100.22  100.22      0    41.63  100.74  100.74      0
    16777216       4194304     float     sum       0    53.09  316.04  316.04      0    52.83  317.56  317.56      0
    67108864      16777216     float     sum       0    133.5  502.69  502.69      0    133.7  502.07  502.07      0
   268435456      67108864     float     sum       0    438.6  612.02  612.02      0    439.3  611.05  611.05      0
  1073741824     268435456     float     sum       0   1631.6  658.08  658.08      0   1631.8  658.02  658.02      0
  4294967296    1073741824     float     sum       0   6366.5  674.62  674.62      0   6362.7  675.02  675.02      0
 17179869184    4294967296     float     sum       0    25231  680.91  680.91      0    25184  682.16  682.16      0
# Out of bounds values : 0 OK
# Avg bus bandwidth    : 446.599 
#

%%%%%%%%% broadcast_perf %%%%%%%%%%
# nThread 1 nGpus 8 minBytes 1048576 maxBytes 17179869184 step: 4(factor) warmup iters: 5 iters: 20 agg iters: 1 validation: 1 graph: 0
#
# Using devices
#  Rank  0 Group  0 Pid 1019079 on   node5700 device  0 [0x1b] NVIDIA B200
#  Rank  1 Group  0 Pid 1019079 on   node5700 device  1 [0x43] NVIDIA B200
#  Rank  2 Group  0 Pid 1019079 on   node5700 device  2 [0x52] NVIDIA B200
#  Rank  3 Group  0 Pid 1019079 on   node5700 device  3 [0x61] NVIDIA B200
#  Rank  4 Group  0 Pid 1019079 on   node5700 device  4 [0x9d] NVIDIA B200
#  Rank  5 Group  0 Pid 1019079 on   node5700 device  5 [0xc3] NVIDIA B200
#  Rank  6 Group  0 Pid 1019079 on   node5700 device  6 [0xd1] NVIDIA B200
#  Rank  7 Group  0 Pid 1019079 on   node5700 device  7 [0xdf] NVIDIA B200
#
#                                                              out-of-place                       in-place          
#       size         count      type   redop    root     time   algbw   busbw #wrong     time   algbw   busbw #wrong
#        (B)    (elements)                               (us)  (GB/s)  (GB/s)            (us)  (GB/s)  (GB/s)       
     1048576        262144     float    none       0    38.85   26.99   26.99      0    38.72   27.08   27.08      0
     4194304       1048576     float    none       0    43.23   97.03   97.03      0    42.69   98.24   98.24      0
    16777216       4194304     float    none       0    55.58  301.84  301.84      0    55.72  301.12  301.12      0
    67108864      16777216     float    none       0    135.1  496.60  496.60      0    136.5  491.51  491.51      0
   268435456      67108864     float    none       0    438.7  611.83  611.83      0    439.1  611.39  611.39      0
  1073741824     268435456     float    none       0   1643.8  653.22  653.22      0   1648.7  651.28  651.28      0
  4294967296    1073741824     float    none       0   6432.3  667.72  667.72      0   6434.1  667.53  667.53      0
 17179869184    4294967296     float    none       0    25268  679.91  679.91      0    25216  681.32  681.32      0
# Out of bounds values : 0 OK
# Avg bus bandwidth    : 441.538 
#

%%%%%%%%% alltoall_perf %%%%%%%%%%
# nThread 1 nGpus 8 minBytes 1048576 maxBytes 17179869184 step: 4(factor) warmup iters: 5 iters: 20 agg iters: 1 validation: 1 graph: 0
#
# Using devices
#  Rank  0 Group  0 Pid 1019682 on   node5700 device  0 [0x1b] NVIDIA B200
#  Rank  1 Group  0 Pid 1019682 on   node5700 device  1 [0x43] NVIDIA B200
#  Rank  2 Group  0 Pid 1019682 on   node5700 device  2 [0x52] NVIDIA B200
#  Rank  3 Group  0 Pid 1019682 on   node5700 device  3 [0x61] NVIDIA B200
#  Rank  4 Group  0 Pid 1019682 on   node5700 device  4 [0x9d] NVIDIA B200
#  Rank  5 Group  0 Pid 1019682 on   node5700 device  5 [0xc3] NVIDIA B200
#  Rank  6 Group  0 Pid 1019682 on   node5700 device  6 [0xd1] NVIDIA B200
#  Rank  7 Group  0 Pid 1019682 on   node5700 device  7 [0xdf] NVIDIA B200
#
#                                                              out-of-place                       in-place          
#       size         count      type   redop    root     time   algbw   busbw #wrong     time   algbw   busbw #wrong
#        (B)    (elements)                               (us)  (GB/s)  (GB/s)            (us)  (GB/s)  (GB/s)       
     1048576         32768     float    none      -1    57.33   18.29   16.00      0    56.16   18.67   16.34    N/A
     4194304        131072     float    none      -1    63.18   66.38   58.09      0    63.99   65.54   57.35    N/A
    16777216        524288     float    none      -1    70.07  239.42  209.50      0    69.73  240.61  210.53    N/A
    67108864       2097152     float    none      -1    140.4  477.92  418.18      0    142.1  472.14  413.12    N/A
   268435456       8388608     float    none      -1    445.9  602.04  526.79      0    443.2  605.67  529.96    N/A
  1073741824      33554432     float    none      -1   1553.9  690.99  604.62      0   1582.3  678.59  593.76    N/A
  4294967296     134217728     float    none      -1   5808.8  739.39  646.96      0   5832.6  736.37  644.32    N/A
 17179869184     536870912     float    none      -1    22749  755.20  660.80      0    22732  755.76  661.29    N/A
# Out of bounds values : 0 OK
# Avg bus bandwidth    : 391.726 
#

%%%%%%%%% gather_perf %%%%%%%%%%
# nThread 1 nGpus 8 minBytes 1048576 maxBytes 17179869184 step: 4(factor) warmup iters: 5 iters: 20 agg iters: 1 validation: 1 graph: 0
#
# Using devices
#  Rank  0 Group  0 Pid 1019970 on   node5700 device  0 [0x1b] NVIDIA B200
#  Rank  1 Group  0 Pid 1019970 on   node5700 device  1 [0x43] NVIDIA B200
#  Rank  2 Group  0 Pid 1019970 on   node5700 device  2 [0x52] NVIDIA B200
#  Rank  3 Group  0 Pid 1019970 on   node5700 device  3 [0x61] NVIDIA B200
#  Rank  4 Group  0 Pid 1019970 on   node5700 device  4 [0x9d] NVIDIA B200
#  Rank  5 Group  0 Pid 1019970 on   node5700 device  5 [0xc3] NVIDIA B200
#  Rank  6 Group  0 Pid 1019970 on   node5700 device  6 [0xd1] NVIDIA B200
#  Rank  7 Group  0 Pid 1019970 on   node5700 device  7 [0xdf] NVIDIA B200
#
#                                                              out-of-place                       in-place          
#       size         count      type   redop    root     time   algbw   busbw #wrong     time   algbw   busbw #wrong
#        (B)    (elements)                               (us)  (GB/s)  (GB/s)            (us)  (GB/s)  (GB/s)       
     1048576         32768     float    none       0    33.61   31.20   27.30      0    33.30   31.49   27.56      0
     4194304        131072     float    none       0    34.25  122.45  107.14      0    34.10  122.99  107.62      0
    16777216        524288     float    none       0    35.54  472.05  413.05      0    35.35  474.54  415.22      0
    67108864       2097152     float    none       0    95.88  699.91  612.42      0    96.20  697.62  610.41      0
   268435456       8388608     float    none       0    339.8  790.07  691.31      0    338.8  792.21  693.18      0
  1073741824      33554432     float    none       0   1346.1  797.68  697.97      0   1347.1  797.06  697.42      0
  4294967296     134217728     float    none       0   5241.0  819.49  717.05      0   5243.9  819.04  716.66      0
 17179869184     536870912     float    none       0    20935  820.65  718.07      0    20936  820.60  718.02      0
# Out of bounds values : 0 OK
# Avg bus bandwidth    : 498.15 
#

%%%%%%%%% scatter_perf %%%%%%%%%%
# nThread 1 nGpus 8 minBytes 1048576 maxBytes 17179869184 step: 4(factor) warmup iters: 5 iters: 20 agg iters: 1 validation: 1 graph: 0
#
# Using devices
#  Rank  0 Group  0 Pid 1020333 on   node5700 device  0 [0x1b] NVIDIA B200
#  Rank  1 Group  0 Pid 1020333 on   node5700 device  1 [0x43] NVIDIA B200
#  Rank  2 Group  0 Pid 1020333 on   node5700 device  2 [0x52] NVIDIA B200
#  Rank  3 Group  0 Pid 1020333 on   node5700 device  3 [0x61] NVIDIA B200
#  Rank  4 Group  0 Pid 1020333 on   node5700 device  4 [0x9d] NVIDIA B200
#  Rank  5 Group  0 Pid 1020333 on   node5700 device  5 [0xc3] NVIDIA B200
#  Rank  6 Group  0 Pid 1020333 on   node5700 device  6 [0xd1] NVIDIA B200
#  Rank  7 Group  0 Pid 1020333 on   node5700 device  7 [0xdf] NVIDIA B200
#
#                                                              out-of-place                       in-place          
#       size         count      type   redop    root     time   algbw   busbw #wrong     time   algbw   busbw #wrong
#        (B)    (elements)                               (us)  (GB/s)  (GB/s)            (us)  (GB/s)  (GB/s)       
     1048576         32768     float    none       0    34.45   30.44   26.63      0    33.98   30.85   27.00      0
     4194304        131072     float    none       0    35.14  119.35  104.43      0    35.21  119.13  104.24      0
    16777216        524288     float    none       0    36.36  461.44  403.76      0    36.09  464.82  406.71      0
    67108864       2097152     float    none       0    98.87  678.73  593.88      0    99.26  676.09  591.58      0
   268435456       8388608     float    none       0    353.1  760.27  665.24      0    353.1  760.27  665.23      0
  1073741824      33554432     float    none       0   1317.9  814.74  712.90      0   1320.8  812.93  711.31      0
  4294967296     134217728     float    none       0   5070.5  847.05  741.17      0   5078.7  845.69  739.98      0
 17179869184     536870912     float    none       0    20150  852.60  746.02      0    20214  849.90  743.66      0
# Out of bounds values : 0 OK
# Avg bus bandwidth    : 498.985 
#

%%%%%%%%% hypercube_perf %%%%%%%%%%
# nThread 1 nGpus 8 minBytes 1048576 maxBytes 17179869184 step: 4(factor) warmup iters: 5 iters: 20 agg iters: 1 validation: 1 graph: 0
#
# Using devices
#  Rank  0 Group  0 Pid 1020688 on   node5700 device  0 [0x1b] NVIDIA B200
#  Rank  1 Group  0 Pid 1020688 on   node5700 device  1 [0x43] NVIDIA B200
#  Rank  2 Group  0 Pid 1020688 on   node5700 device  2 [0x52] NVIDIA B200
#  Rank  3 Group  0 Pid 1020688 on   node5700 device  3 [0x61] NVIDIA B200
#  Rank  4 Group  0 Pid 1020688 on   node5700 device  4 [0x9d] NVIDIA B200
#  Rank  5 Group  0 Pid 1020688 on   node5700 device  5 [0xc3] NVIDIA B200
#  Rank  6 Group  0 Pid 1020688 on   node5700 device  6 [0xd1] NVIDIA B200
#  Rank  7 Group  0 Pid 1020688 on   node5700 device  7 [0xdf] NVIDIA B200
#
#                                                              out-of-place                       in-place          
#       size         count      type   redop    root     time   algbw   busbw #wrong     time   algbw   busbw #wrong
#        (B)    (elements)                               (us)  (GB/s)  (GB/s)            (us)  (GB/s)  (GB/s)       
     1048576         32768     float              -1    70.80   12.96   12.96  1.03882e+06    45.86   20.01   20.01  1.01213e+06
     4194304        131072     float              -1    72.08   50.91   50.91  4.05606e+06    47.10   77.91   77.91  4.05437e+06
    16777216        524288     float              -1    124.9  117.49  117.49  1.21715e+07    120.4  121.92  121.92  1.22349e+07
    67108864       2097152     float              -1    413.6  141.98  141.98  2.3874e+07    407.5  144.11  144.11  2.36312e+07
   268435456       8388608     float              -1   1219.6  192.59  192.59  1.09532e+08   1203.6  195.14  195.14  1.10475e+08
  1073741824      33554432     float              -1   2263.7  415.03  415.03  6.26308e+08   2218.7  423.46  423.46  6.40294e+08
  4294967296     134217728     float              -1   8065.4  465.95  465.95  8.49211e+08   7905.9  475.35  475.35  8.26053e+08
 17179869184     536870912     float              -1    31983  470.01  470.01  2.98572e+09    31320  479.96  479.96  2.86576e+09
# Out of bounds values : 16 FAILED
# Avg bus bandwidth    : 237.8 
#

--------------------------------------------------------------------------
Primary job  terminated normally, but 1 process returned
a non-zero exit code. Per user-direction, the job has been aborted.
--------------------------------------------------------------------------
--------------------------------------------------------------------------
mpirun detected that one or more processes exited with non-zero status, thus causing
the job to be terminated. The first process to do so was:

  Process name: [[21118,1],0]
  Exit code:    1
--------------------------------------------------------------------------
