node5500
node5502
/orcd/software/core/001/pkg/nvhpc/26.1/Linux_x86_64/26.1/comm_libs/mpi/bin/mpirun
Bin dir = /orcd/data/orcd/022/benchmarks/nccl-tests/build-nvhpc-26.1
num_cpu = num_mpi_tasks = 2
num_gpu_per_task = 8
collectives = sendrecv_perf all_reduce_perf all_gather_perf reduce_scatter_perf reduce_perf broadcast_perf alltoall_perf gather_perf scatter_perf hypercube_perf
%%%%%%%%% sendrecv_perf %%%%%%%%%%
# nThread 1 nGpus 8 minBytes 1048576 maxBytes 17179869184 step: 4(factor) warmup iters: 5 iters: 20 agg iters: 1 validation: 1 graph: 0
#
# Using devices
#  Rank  0 Group  0 Pid  16364 on   node5500 device  0 [0x1b] NVIDIA B200
#  Rank  1 Group  0 Pid  16364 on   node5500 device  1 [0x43] NVIDIA B200
#  Rank  2 Group  0 Pid  16364 on   node5500 device  2 [0x52] NVIDIA B200
#  Rank  3 Group  0 Pid  16364 on   node5500 device  3 [0x61] NVIDIA B200
#  Rank  4 Group  0 Pid  16364 on   node5500 device  4 [0x9d] NVIDIA B200
#  Rank  5 Group  0 Pid  16364 on   node5500 device  5 [0xc3] NVIDIA B200
#  Rank  6 Group  0 Pid  16364 on   node5500 device  6 [0xd1] NVIDIA B200
#  Rank  7 Group  0 Pid  16364 on   node5500 device  7 [0xdf] NVIDIA B200
#  Rank  8 Group  0 Pid  10081 on   node5502 device  0 [0x1b] NVIDIA B200
#  Rank  9 Group  0 Pid  10081 on   node5502 device  1 [0x43] NVIDIA B200
#  Rank 10 Group  0 Pid  10081 on   node5502 device  2 [0x52] NVIDIA B200
#  Rank 11 Group  0 Pid  10081 on   node5502 device  3 [0x61] NVIDIA B200
#  Rank 12 Group  0 Pid  10081 on   node5502 device  4 [0x9d] NVIDIA B200
#  Rank 13 Group  0 Pid  10081 on   node5502 device  5 [0xc3] NVIDIA B200
#  Rank 14 Group  0 Pid  10081 on   node5502 device  6 [0xd1] NVIDIA B200
#  Rank 15 Group  0 Pid  10081 on   node5502 device  7 [0xdf] NVIDIA B200
NCCL version 2.29.2+cuda13.1
#
#                                                              out-of-place                       in-place          
#       size         count      type   redop    root     time   algbw   busbw #wrong     time   algbw   busbw #wrong
#        (B)    (elements)                               (us)  (GB/s)  (GB/s)            (us)  (GB/s)  (GB/s)       
     1048576        262144     float     sum      -1    54.42   19.27   19.27      0    52.83   19.85   19.85    N/A
     4194304       1048576     float     sum      -1    102.3   40.98   40.98      0    100.6   41.71   41.71    N/A
    16777216       4194304     float     sum      -1    355.1   47.25   47.25      0    352.3   47.62   47.62    N/A
    67108864      16777216     float     sum      -1   1387.1   48.38   48.38      0   1391.1   48.24   48.24    N/A
   268435456      67108864     float     sum      -1   5513.5   48.69   48.69      0   5511.0   48.71   48.71    N/A
  1073741824     268435456     float     sum      -1    21971   48.87   48.87      0    21965   48.88   48.88    N/A
  4294967296    1073741824     float     sum      -1    92660   46.35   46.35      0    92688   46.34   46.34    N/A
 17179869184    4294967296     float     sum      -1   360229   47.69   47.69      0   355180   48.37   48.37    N/A
# Out of bounds values : 0 OK
# Avg bus bandwidth    : 43.5753 
#

%%%%%%%%% all_reduce_perf %%%%%%%%%%
# nThread 1 nGpus 8 minBytes 1048576 maxBytes 17179869184 step: 4(factor) warmup iters: 5 iters: 20 agg iters: 1 validation: 1 graph: 0
#
# Using devices
#  Rank  0 Group  0 Pid  16450 on   node5500 device  0 [0x1b] NVIDIA B200
#  Rank  1 Group  0 Pid  16450 on   node5500 device  1 [0x43] NVIDIA B200
#  Rank  2 Group  0 Pid  16450 on   node5500 device  2 [0x52] NVIDIA B200
#  Rank  3 Group  0 Pid  16450 on   node5500 device  3 [0x61] NVIDIA B200
#  Rank  4 Group  0 Pid  16450 on   node5500 device  4 [0x9d] NVIDIA B200
#  Rank  5 Group  0 Pid  16450 on   node5500 device  5 [0xc3] NVIDIA B200
#  Rank  6 Group  0 Pid  16450 on   node5500 device  6 [0xd1] NVIDIA B200
#  Rank  7 Group  0 Pid  16450 on   node5500 device  7 [0xdf] NVIDIA B200
#  Rank  8 Group  0 Pid  10625 on   node5502 device  0 [0x1b] NVIDIA B200
#  Rank  9 Group  0 Pid  10625 on   node5502 device  1 [0x43] NVIDIA B200
#  Rank 10 Group  0 Pid  10625 on   node5502 device  2 [0x52] NVIDIA B200
#  Rank 11 Group  0 Pid  10625 on   node5502 device  3 [0x61] NVIDIA B200
#  Rank 12 Group  0 Pid  10625 on   node5502 device  4 [0x9d] NVIDIA B200
#  Rank 13 Group  0 Pid  10625 on   node5502 device  5 [0xc3] NVIDIA B200
#  Rank 14 Group  0 Pid  10625 on   node5502 device  6 [0xd1] NVIDIA B200
#  Rank 15 Group  0 Pid  10625 on   node5502 device  7 [0xdf] NVIDIA B200
NCCL version 2.29.2+cuda13.1
#
#                                                              out-of-place                       in-place          
#       size         count      type   redop    root     time   algbw   busbw #wrong     time   algbw   busbw #wrong
#        (B)    (elements)                               (us)  (GB/s)  (GB/s)            (us)  (GB/s)  (GB/s)       
     1048576        262144     float     sum      -1    383.6    2.73    5.13      0    302.3    3.47    6.50      0
     4194304       1048576     float     sum      -1   1051.3    3.99    7.48      0    894.1    4.69    8.80      0
    16777216       4194304     float     sum      -1   1115.6   15.04   28.20      0   1066.6   15.73   29.49      0
    67108864      16777216     float     sum      -1   2371.9   28.29   53.05      0   2356.4   28.48   53.40      0
   268435456      67108864     float     sum      -1   4654.0   57.68  108.15      0   4818.4   55.71  104.46      0
  1073741824     268435456     float     sum      -1    12871   83.42  156.42      0    12631   85.01  159.39      0
  4294967296    1073741824     float     sum      -1    39648  108.33  203.11      0    38024  112.95  211.79      0
 17179869184    4294967296     float     sum      -1   140810  122.01  228.76      0   138114  124.39  233.23      0
# Out of bounds values : 0 OK
# Avg bus bandwidth    : 99.8353 
#

%%%%%%%%% all_gather_perf %%%%%%%%%%
# nThread 1 nGpus 8 minBytes 1048576 maxBytes 17179869184 step: 4(factor) warmup iters: 5 iters: 20 agg iters: 1 validation: 1 graph: 0
#
# Using devices
#  Rank  0 Group  0 Pid  16551 on   node5500 device  0 [0x1b] NVIDIA B200
#  Rank  1 Group  0 Pid  16551 on   node5500 device  1 [0x43] NVIDIA B200
#  Rank  2 Group  0 Pid  16551 on   node5500 device  2 [0x52] NVIDIA B200
#  Rank  3 Group  0 Pid  16551 on   node5500 device  3 [0x61] NVIDIA B200
#  Rank  4 Group  0 Pid  16551 on   node5500 device  4 [0x9d] NVIDIA B200
#  Rank  5 Group  0 Pid  16551 on   node5500 device  5 [0xc3] NVIDIA B200
#  Rank  6 Group  0 Pid  16551 on   node5500 device  6 [0xd1] NVIDIA B200
#  Rank  7 Group  0 Pid  16551 on   node5500 device  7 [0xdf] NVIDIA B200
#  Rank  8 Group  0 Pid  11185 on   node5502 device  0 [0x1b] NVIDIA B200
#  Rank  9 Group  0 Pid  11185 on   node5502 device  1 [0x43] NVIDIA B200
#  Rank 10 Group  0 Pid  11185 on   node5502 device  2 [0x52] NVIDIA B200
#  Rank 11 Group  0 Pid  11185 on   node5502 device  3 [0x61] NVIDIA B200
#  Rank 12 Group  0 Pid  11185 on   node5502 device  4 [0x9d] NVIDIA B200
#  Rank 13 Group  0 Pid  11185 on   node5502 device  5 [0xc3] NVIDIA B200
#  Rank 14 Group  0 Pid  11185 on   node5502 device  6 [0xd1] NVIDIA B200
#  Rank 15 Group  0 Pid  11185 on   node5502 device  7 [0xdf] NVIDIA B200
NCCL version 2.29.2+cuda13.1
#
#                                                              out-of-place                       in-place          
#       size         count      type   redop    root     time   algbw   busbw #wrong     time   algbw   busbw #wrong
#        (B)    (elements)                               (us)  (GB/s)  (GB/s)            (us)  (GB/s)  (GB/s)       
     1048576         16384     float    none      -1    580.9    1.81    1.69      0    482.2    2.17    2.04      0
     4194304         65536     float    none      -1    507.1    8.27    7.75      0    536.4    7.82    7.33      0
    16777216        262144     float    none      -1    543.0   30.90   28.97      0    454.9   36.88   34.58      0
    67108864       1048576     float    none      -1   1310.6   51.20   48.00      0   1325.4   50.63   47.47      0
   268435456       4194304     float    none      -1   1509.2  177.87  166.75      0   1480.3  181.34  170.01      0
  1073741824      16777216     float    none      -1   3247.1  330.68  310.01      0   3199.5  335.60  314.62      0
  4294967296      67108864     float    none      -1    11645  368.82  345.77      0    11116  386.36  362.21      0
 17179869184     268435456     float    none      -1    42752  401.85  376.73      0    42090  408.17  382.66      0
# Out of bounds values : 0 OK
# Avg bus bandwidth    : 162.913 
#

%%%%%%%%% reduce_scatter_perf %%%%%%%%%%
# nThread 1 nGpus 8 minBytes 1048576 maxBytes 17179869184 step: 4(factor) warmup iters: 5 iters: 20 agg iters: 1 validation: 1 graph: 0
#
# Using devices
#  Rank  0 Group  0 Pid  16644 on   node5500 device  0 [0x1b] NVIDIA B200
#  Rank  1 Group  0 Pid  16644 on   node5500 device  1 [0x43] NVIDIA B200
#  Rank  2 Group  0 Pid  16644 on   node5500 device  2 [0x52] NVIDIA B200
#  Rank  3 Group  0 Pid  16644 on   node5500 device  3 [0x61] NVIDIA B200
#  Rank  4 Group  0 Pid  16644 on   node5500 device  4 [0x9d] NVIDIA B200
#  Rank  5 Group  0 Pid  16644 on   node5500 device  5 [0xc3] NVIDIA B200
#  Rank  6 Group  0 Pid  16644 on   node5500 device  6 [0xd1] NVIDIA B200
#  Rank  7 Group  0 Pid  16644 on   node5500 device  7 [0xdf] NVIDIA B200
#  Rank  8 Group  0 Pid  11736 on   node5502 device  0 [0x1b] NVIDIA B200
#  Rank  9 Group  0 Pid  11736 on   node5502 device  1 [0x43] NVIDIA B200
#  Rank 10 Group  0 Pid  11736 on   node5502 device  2 [0x52] NVIDIA B200
#  Rank 11 Group  0 Pid  11736 on   node5502 device  3 [0x61] NVIDIA B200
#  Rank 12 Group  0 Pid  11736 on   node5502 device  4 [0x9d] NVIDIA B200
#  Rank 13 Group  0 Pid  11736 on   node5502 device  5 [0xc3] NVIDIA B200
#  Rank 14 Group  0 Pid  11736 on   node5502 device  6 [0xd1] NVIDIA B200
#  Rank 15 Group  0 Pid  11736 on   node5502 device  7 [0xdf] NVIDIA B200
NCCL version 2.29.2+cuda13.1
#
#                                                              out-of-place                       in-place          
#       size         count      type   redop    root     time   algbw   busbw #wrong     time   algbw   busbw #wrong
#        (B)    (elements)                               (us)  (GB/s)  (GB/s)            (us)  (GB/s)  (GB/s)       
     1048576         16384     float     sum      -1    504.8    2.08    1.95      0    443.6    2.36    2.22      0
     4194304         65536     float     sum      -1    532.6    7.87    7.38      0    550.5    7.62    7.14      0
    16777216        262144     float     sum      -1    572.4   29.31   27.48      0    645.8   25.98   24.36      0
    67108864       1048576     float     sum      -1   1302.7   51.51   48.29      0   1272.2   52.75   49.45      0
   268435456       4194304     float     sum      -1   1379.1  194.64  182.47      0   1327.1  202.27  189.63      0
  1073741824      16777216     float     sum      -1   3332.0  322.25  302.11      0   3293.8  325.99  305.61      0
  4294967296      67108864     float     sum      -1    11255  381.60  357.75      0    11157  384.95  360.89      0
 17179869184     268435456     float     sum      -1    42749  401.88  376.76      0    42118  407.90  382.41      0
# Out of bounds values : 0 OK
# Avg bus bandwidth    : 164.119 
#

%%%%%%%%% reduce_perf %%%%%%%%%%
# nThread 1 nGpus 8 minBytes 1048576 maxBytes 17179869184 step: 4(factor) warmup iters: 5 iters: 20 agg iters: 1 validation: 1 graph: 0
#
# Using devices
#  Rank  0 Group  0 Pid  16737 on   node5500 device  0 [0x1b] NVIDIA B200
#  Rank  1 Group  0 Pid  16737 on   node5500 device  1 [0x43] NVIDIA B200
#  Rank  2 Group  0 Pid  16737 on   node5500 device  2 [0x52] NVIDIA B200
#  Rank  3 Group  0 Pid  16737 on   node5500 device  3 [0x61] NVIDIA B200
#  Rank  4 Group  0 Pid  16737 on   node5500 device  4 [0x9d] NVIDIA B200
#  Rank  5 Group  0 Pid  16737 on   node5500 device  5 [0xc3] NVIDIA B200
#  Rank  6 Group  0 Pid  16737 on   node5500 device  6 [0xd1] NVIDIA B200
#  Rank  7 Group  0 Pid  16737 on   node5500 device  7 [0xdf] NVIDIA B200
#  Rank  8 Group  0 Pid  12287 on   node5502 device  0 [0x1b] NVIDIA B200
#  Rank  9 Group  0 Pid  12287 on   node5502 device  1 [0x43] NVIDIA B200
#  Rank 10 Group  0 Pid  12287 on   node5502 device  2 [0x52] NVIDIA B200
#  Rank 11 Group  0 Pid  12287 on   node5502 device  3 [0x61] NVIDIA B200
#  Rank 12 Group  0 Pid  12287 on   node5502 device  4 [0x9d] NVIDIA B200
#  Rank 13 Group  0 Pid  12287 on   node5502 device  5 [0xc3] NVIDIA B200
#  Rank 14 Group  0 Pid  12287 on   node5502 device  6 [0xd1] NVIDIA B200
#  Rank 15 Group  0 Pid  12287 on   node5502 device  7 [0xdf] NVIDIA B200
NCCL version 2.29.2+cuda13.1
#
#                                                              out-of-place                       in-place          
#       size         count      type   redop    root     time   algbw   busbw #wrong     time   algbw   busbw #wrong
#        (B)    (elements)                               (us)  (GB/s)  (GB/s)            (us)  (GB/s)  (GB/s)       
     1048576        262144     float     sum       0    514.4    2.04    2.04      0    470.3    2.23    2.23      0
     4194304       1048576     float     sum       0    259.3   16.18   16.18      0    259.3   16.18   16.18      0
    16777216       4194304     float     sum       0    309.4   54.23   54.23      0    312.2   53.74   53.74      0
    67108864      16777216     float     sum       0    481.5  139.39  139.39      0    469.7  142.88  142.88      0
   268435456      67108864     float     sum       0   1218.5  220.30  220.30      0   1208.2  222.18  222.18      0
  1073741824     268435456     float     sum       0   3969.7  270.48  270.48      0   4072.6  263.65  263.65      0
  4294967296    1073741824     float     sum       0    12918  332.49  332.49      0    12804  335.44  335.44      0
 17179869184    4294967296     float     sum       0    46106  372.62  372.62      0    44893  382.69  382.69      0
# Out of bounds values : 0 OK
# Avg bus bandwidth    : 176.668 
#

%%%%%%%%% broadcast_perf %%%%%%%%%%
# nThread 1 nGpus 8 minBytes 1048576 maxBytes 17179869184 step: 4(factor) warmup iters: 5 iters: 20 agg iters: 1 validation: 1 graph: 0
#
# Using devices
#  Rank  0 Group  0 Pid  16830 on   node5500 device  0 [0x1b] NVIDIA B200
#  Rank  1 Group  0 Pid  16830 on   node5500 device  1 [0x43] NVIDIA B200
#  Rank  2 Group  0 Pid  16830 on   node5500 device  2 [0x52] NVIDIA B200
#  Rank  3 Group  0 Pid  16830 on   node5500 device  3 [0x61] NVIDIA B200
#  Rank  4 Group  0 Pid  16830 on   node5500 device  4 [0x9d] NVIDIA B200
#  Rank  5 Group  0 Pid  16830 on   node5500 device  5 [0xc3] NVIDIA B200
#  Rank  6 Group  0 Pid  16830 on   node5500 device  6 [0xd1] NVIDIA B200
#  Rank  7 Group  0 Pid  16830 on   node5500 device  7 [0xdf] NVIDIA B200
#  Rank  8 Group  0 Pid  12838 on   node5502 device  0 [0x1b] NVIDIA B200
#  Rank  9 Group  0 Pid  12838 on   node5502 device  1 [0x43] NVIDIA B200
#  Rank 10 Group  0 Pid  12838 on   node5502 device  2 [0x52] NVIDIA B200
#  Rank 11 Group  0 Pid  12838 on   node5502 device  3 [0x61] NVIDIA B200
#  Rank 12 Group  0 Pid  12838 on   node5502 device  4 [0x9d] NVIDIA B200
#  Rank 13 Group  0 Pid  12838 on   node5502 device  5 [0xc3] NVIDIA B200
#  Rank 14 Group  0 Pid  12838 on   node5502 device  6 [0xd1] NVIDIA B200
#  Rank 15 Group  0 Pid  12838 on   node5502 device  7 [0xdf] NVIDIA B200
NCCL version 2.29.2+cuda13.1
#
#                                                              out-of-place                       in-place          
#       size         count      type   redop    root     time   algbw   busbw #wrong     time   algbw   busbw #wrong
#        (B)    (elements)                               (us)  (GB/s)  (GB/s)            (us)  (GB/s)  (GB/s)       
     1048576        262144     float    none       0    452.8    2.32    2.32      0    518.1    2.02    2.02      0
     4194304       1048576     float    none       0    204.1   20.56   20.56      0    113.0   37.11   37.11      0
    16777216       4194304     float    none       0    191.3   87.70   87.70      0    191.9   87.44   87.44      0
    67108864      16777216     float    none       0    419.1  160.13  160.13      0    416.6  161.08  161.08      0
   268435456      67108864     float    none       0   1397.0  192.15  192.15      0   1405.4  191.01  191.01      0
  1073741824     268435456     float    none       0   4778.0  224.72  224.72      0   4761.6  225.50  225.50      0
  4294967296    1073741824     float    none       0    13737  312.65  312.65      0    13483  318.55  318.55      0
 17179869184    4294967296     float    none       0    47721  360.01  360.01      0    47473  361.89  361.89      0
# Out of bounds values : 0 OK
# Avg bus bandwidth    : 171.552 
#

%%%%%%%%% alltoall_perf %%%%%%%%%%
# nThread 1 nGpus 8 minBytes 1048576 maxBytes 17179869184 step: 4(factor) warmup iters: 5 iters: 20 agg iters: 1 validation: 1 graph: 0
#
# Using devices
#  Rank  0 Group  0 Pid  16924 on   node5500 device  0 [0x1b] NVIDIA B200
#  Rank  1 Group  0 Pid  16924 on   node5500 device  1 [0x43] NVIDIA B200
#  Rank  2 Group  0 Pid  16924 on   node5500 device  2 [0x52] NVIDIA B200
#  Rank  3 Group  0 Pid  16924 on   node5500 device  3 [0x61] NVIDIA B200
#  Rank  4 Group  0 Pid  16924 on   node5500 device  4 [0x9d] NVIDIA B200
#  Rank  5 Group  0 Pid  16924 on   node5500 device  5 [0xc3] NVIDIA B200
#  Rank  6 Group  0 Pid  16924 on   node5500 device  6 [0xd1] NVIDIA B200
#  Rank  7 Group  0 Pid  16924 on   node5500 device  7 [0xdf] NVIDIA B200
#  Rank  8 Group  0 Pid  13389 on   node5502 device  0 [0x1b] NVIDIA B200
#  Rank  9 Group  0 Pid  13389 on   node5502 device  1 [0x43] NVIDIA B200
#  Rank 10 Group  0 Pid  13389 on   node5502 device  2 [0x52] NVIDIA B200
#  Rank 11 Group  0 Pid  13389 on   node5502 device  3 [0x61] NVIDIA B200
#  Rank 12 Group  0 Pid  13389 on   node5502 device  4 [0x9d] NVIDIA B200
#  Rank 13 Group  0 Pid  13389 on   node5502 device  5 [0xc3] NVIDIA B200
#  Rank 14 Group  0 Pid  13389 on   node5502 device  6 [0xd1] NVIDIA B200
#  Rank 15 Group  0 Pid  13389 on   node5502 device  7 [0xdf] NVIDIA B200
NCCL version 2.29.2+cuda13.1
#
#                                                              out-of-place                       in-place          
#       size         count      type   redop    root     time   algbw   busbw #wrong     time   algbw   busbw #wrong
#        (B)    (elements)                               (us)  (GB/s)  (GB/s)            (us)  (GB/s)  (GB/s)       
     1048576         16384     float    none      -1    860.9    1.22    1.14      0    817.2    1.28    1.20    N/A
     4194304         65536     float    none      -1    973.5    4.31    4.04      0    759.5    5.52    5.18    N/A
    16777216        262144     float    none      -1   2018.9    8.31    7.79      0    941.0   17.83   16.72    N/A
    67108864       1048576     float    none      -1   2939.9   22.83   21.40      0   3093.0   21.70   20.34    N/A
   268435456       4194304     float    none      -1   8830.5   30.40   28.50      0   8600.9   31.21   29.26    N/A
  1073741824      16777216     float    none      -1    25850   41.54   38.94      0    24242   44.29   41.52    N/A
  4294967296      67108864     float    none      -1    85899   50.00   46.88      0    85380   50.30   47.16    N/A
 17179869184     268435456     float    none      -1   322932   53.20   49.87      0   332525   51.66   48.44    N/A
# Out of bounds values : 0 OK
# Avg bus bandwidth    : 25.5236 
#

%%%%%%%%% gather_perf %%%%%%%%%%
# nThread 1 nGpus 8 minBytes 1048576 maxBytes 17179869184 step: 4(factor) warmup iters: 5 iters: 20 agg iters: 1 validation: 1 graph: 0
#
# Using devices
#  Rank  0 Group  0 Pid  17017 on   node5500 device  0 [0x1b] NVIDIA B200
#  Rank  1 Group  0 Pid  17017 on   node5500 device  1 [0x43] NVIDIA B200
#  Rank  2 Group  0 Pid  17017 on   node5500 device  2 [0x52] NVIDIA B200
#  Rank  3 Group  0 Pid  17017 on   node5500 device  3 [0x61] NVIDIA B200
#  Rank  4 Group  0 Pid  17017 on   node5500 device  4 [0x9d] NVIDIA B200
#  Rank  5 Group  0 Pid  17017 on   node5500 device  5 [0xc3] NVIDIA B200
#  Rank  6 Group  0 Pid  17017 on   node5500 device  6 [0xd1] NVIDIA B200
#  Rank  7 Group  0 Pid  17017 on   node5500 device  7 [0xdf] NVIDIA B200
#  Rank  8 Group  0 Pid  13940 on   node5502 device  0 [0x1b] NVIDIA B200
#  Rank  9 Group  0 Pid  13940 on   node5502 device  1 [0x43] NVIDIA B200
#  Rank 10 Group  0 Pid  13940 on   node5502 device  2 [0x52] NVIDIA B200
#  Rank 11 Group  0 Pid  13940 on   node5502 device  3 [0x61] NVIDIA B200
#  Rank 12 Group  0 Pid  13940 on   node5502 device  4 [0x9d] NVIDIA B200
#  Rank 13 Group  0 Pid  13940 on   node5502 device  5 [0xc3] NVIDIA B200
#  Rank 14 Group  0 Pid  13940 on   node5502 device  6 [0xd1] NVIDIA B200
#  Rank 15 Group  0 Pid  13940 on   node5502 device  7 [0xdf] NVIDIA B200
NCCL version 2.29.2+cuda13.1
#
#                                                              out-of-place                       in-place          
#       size         count      type   redop    root     time   algbw   busbw #wrong     time   algbw   busbw #wrong
#        (B)    (elements)                               (us)  (GB/s)  (GB/s)            (us)  (GB/s)  (GB/s)       
     1048576         16384     float    none       0    51.09   20.52   19.24      0    52.96   19.80   18.56      0
     4194304         65536     float    none       0    68.92   60.85   57.05      0    67.71   61.95   58.07      0
    16777216        262144     float    none       0    176.3   95.16   89.21      0    176.0   95.31   89.35      0
    67108864       1048576     float    none       0    675.3   99.38   93.17      0    675.7   99.32   93.11      0
   268435456       4194304     float    none       0   2707.0   99.16   92.96      0   2706.6   99.18   92.98      0
  1073741824      16777216     float    none       0    10834   99.11   92.91      0    10834   99.11   92.91      0
  4294967296      67108864     float    none       0    43346   99.09   92.89      0    43345   99.09   92.90      0
 17179869184     268435456     float    none       0   173387   99.08   92.89      0   173387   99.08   92.89      0
# Out of bounds values : 0 OK
# Avg bus bandwidth    : 78.8198 
#

%%%%%%%%% scatter_perf %%%%%%%%%%
# nThread 1 nGpus 8 minBytes 1048576 maxBytes 17179869184 step: 4(factor) warmup iters: 5 iters: 20 agg iters: 1 validation: 1 graph: 0
#
# Using devices
#  Rank  0 Group  0 Pid  17103 on   node5500 device  0 [0x1b] NVIDIA B200
#  Rank  1 Group  0 Pid  17103 on   node5500 device  1 [0x43] NVIDIA B200
#  Rank  2 Group  0 Pid  17103 on   node5500 device  2 [0x52] NVIDIA B200
#  Rank  3 Group  0 Pid  17103 on   node5500 device  3 [0x61] NVIDIA B200
#  Rank  4 Group  0 Pid  17103 on   node5500 device  4 [0x9d] NVIDIA B200
#  Rank  5 Group  0 Pid  17103 on   node5500 device  5 [0xc3] NVIDIA B200
#  Rank  6 Group  0 Pid  17103 on   node5500 device  6 [0xd1] NVIDIA B200
#  Rank  7 Group  0 Pid  17103 on   node5500 device  7 [0xdf] NVIDIA B200
#  Rank  8 Group  0 Pid  14484 on   node5502 device  0 [0x1b] NVIDIA B200
#  Rank  9 Group  0 Pid  14484 on   node5502 device  1 [0x43] NVIDIA B200
#  Rank 10 Group  0 Pid  14484 on   node5502 device  2 [0x52] NVIDIA B200
#  Rank 11 Group  0 Pid  14484 on   node5502 device  3 [0x61] NVIDIA B200
#  Rank 12 Group  0 Pid  14484 on   node5502 device  4 [0x9d] NVIDIA B200
#  Rank 13 Group  0 Pid  14484 on   node5502 device  5 [0xc3] NVIDIA B200
#  Rank 14 Group  0 Pid  14484 on   node5502 device  6 [0xd1] NVIDIA B200
#  Rank 15 Group  0 Pid  14484 on   node5502 device  7 [0xdf] NVIDIA B200
NCCL version 2.29.2+cuda13.1
#
#                                                              out-of-place                       in-place          
#       size         count      type   redop    root     time   algbw   busbw #wrong     time   algbw   busbw #wrong
#        (B)    (elements)                               (us)  (GB/s)  (GB/s)            (us)  (GB/s)  (GB/s)       
     1048576         16384     float    none       0    363.8    2.88    2.70      0    248.5    4.22    3.96      0
     4194304         65536     float    none       0    354.4   11.83   11.09      0    185.7   22.59   21.17      0
    16777216        262144     float    none       0    167.5  100.16   93.90      0    163.0  102.93   96.50      0
    67108864       1048576     float    none       0    325.3  206.27  193.38      0    328.4  204.35  191.58      0
   268435456       4194304     float    none       0   1166.3  230.16  215.78      0   1163.4  230.74  216.32      0
  1073741824      16777216     float    none       0   4262.2  251.92  236.18      0   4154.0  258.48  242.33      0
  4294967296      67108864     float    none       0    12664  339.15  317.96      0    12517  343.13  321.69      0
 17179869184     268435456     float    none       0    49257  348.78  326.98      0    49633  346.14  324.51      0
# Out of bounds values : 0 OK
# Avg bus bandwidth    : 176.001 
#

%%%%%%%%% hypercube_perf %%%%%%%%%%
# nThread 1 nGpus 8 minBytes 1048576 maxBytes 17179869184 step: 4(factor) warmup iters: 5 iters: 20 agg iters: 1 validation: 1 graph: 0
#
# Using devices
#  Rank  0 Group  0 Pid  17196 on   node5500 device  0 [0x1b] NVIDIA B200
#  Rank  1 Group  0 Pid  17196 on   node5500 device  1 [0x43] NVIDIA B200
#  Rank  2 Group  0 Pid  17196 on   node5500 device  2 [0x52] NVIDIA B200
#  Rank  3 Group  0 Pid  17196 on   node5500 device  3 [0x61] NVIDIA B200
#  Rank  4 Group  0 Pid  17196 on   node5500 device  4 [0x9d] NVIDIA B200
#  Rank  5 Group  0 Pid  17196 on   node5500 device  5 [0xc3] NVIDIA B200
#  Rank  6 Group  0 Pid  17196 on   node5500 device  6 [0xd1] NVIDIA B200
#  Rank  7 Group  0 Pid  17196 on   node5500 device  7 [0xdf] NVIDIA B200
#  Rank  8 Group  0 Pid  15035 on   node5502 device  0 [0x1b] NVIDIA B200
#  Rank  9 Group  0 Pid  15035 on   node5502 device  1 [0x43] NVIDIA B200
#  Rank 10 Group  0 Pid  15035 on   node5502 device  2 [0x52] NVIDIA B200
#  Rank 11 Group  0 Pid  15035 on   node5502 device  3 [0x61] NVIDIA B200
#  Rank 12 Group  0 Pid  15035 on   node5502 device  4 [0x9d] NVIDIA B200
#  Rank 13 Group  0 Pid  15035 on   node5502 device  5 [0xc3] NVIDIA B200
#  Rank 14 Group  0 Pid  15035 on   node5502 device  6 [0xd1] NVIDIA B200
#  Rank 15 Group  0 Pid  15035 on   node5502 device  7 [0xdf] NVIDIA B200
NCCL version 2.29.2+cuda13.1
#
#                                                              out-of-place                       in-place          
#       size         count      type   redop    root     time   algbw   busbw #wrong     time   algbw   busbw #wrong
#        (B)    (elements)                               (us)  (GB/s)  (GB/s)            (us)  (GB/s)  (GB/s)       
     1048576         16384     float              -1    570.3    1.72    1.72  2.18394e+06    338.6    2.90    2.90  2.38819e+06
     4194304         65536     float              -1    368.8   10.66   10.66  8.44022e+06    346.8   11.34   11.34  8.81546e+06
    16777216        262144     float              -1   1011.4   15.55   15.55  2.1658e+07    968.4   16.24   16.24  2.12991e+07
    67108864       1048576     float              -1   4009.6   15.69   15.69  4.11095e+07   3483.7   18.06   18.06  4.18748e+07
   268435456       4194304     float              -1    12809   19.65   19.65  9.99983e+07    10136   24.83   24.83  1.30848e+08
  1073741824      16777216     float              -1    34633   29.07   29.07  4.08029e+08    34108   29.51   29.51  4.14112e+08
  4294967296      67108864     float              -1   138252   29.12   29.12  1.60699e+09   135102   29.80   29.80  1.57586e+09
 17179869184     268435456     float              -1   539472   29.86   29.86  5.86748e+09   548774   29.35   29.35  6.30756e+09
# Out of bounds values : 32 FAILED
# Avg bus bandwidth    : 19.5847 
#

--------------------------------------------------------------------------
Primary job  terminated normally, but 1 process returned
a non-zero exit code. Per user-direction, the job has been aborted.
--------------------------------------------------------------------------
--------------------------------------------------------------------------
mpirun detected that one or more processes exited with non-zero status, thus causing
the job to be terminated. The first process to do so was:

  Process name: [[38131,1],1]
  Exit code:    1
--------------------------------------------------------------------------
