node5501
node5500
/orcd/software/core/001/pkg/nvhpc/26.1/Linux_x86_64/26.1/comm_libs/mpi/bin/mpirun
Bin dir = /orcd/data/orcd/022/benchmarks/nccl-tests/build-nvhpc-26.1
num_cpu = num_mpi_tasks = 2
num_gpu_per_task = 8
collectives = sendrecv_perf all_reduce_perf all_gather_perf reduce_scatter_perf reduce_perf broadcast_perf alltoall_perf gather_perf scatter_perf hypercube_perf
%%%%%%%%% sendrecv_perf %%%%%%%%%%
# nThread 1 nGpus 8 minBytes 1048576 maxBytes 17179869184 step: 4(factor) warmup iters: 5 iters: 20 agg iters: 1 validation: 1 graph: 0
#
# Using devices
#  Rank  0 Group  0 Pid  14379 on   node5500 device  0 [0x1b] NVIDIA B200
#  Rank  1 Group  0 Pid  14379 on   node5500 device  1 [0x43] NVIDIA B200
#  Rank  2 Group  0 Pid  14379 on   node5500 device  2 [0x52] NVIDIA B200
#  Rank  3 Group  0 Pid  14379 on   node5500 device  3 [0x61] NVIDIA B200
#  Rank  4 Group  0 Pid  14379 on   node5500 device  4 [0x9d] NVIDIA B200
#  Rank  5 Group  0 Pid  14379 on   node5500 device  5 [0xc3] NVIDIA B200
#  Rank  6 Group  0 Pid  14379 on   node5500 device  6 [0xd1] NVIDIA B200
#  Rank  7 Group  0 Pid  14379 on   node5500 device  7 [0xdf] NVIDIA B200
#  Rank  8 Group  0 Pid  11372 on   node5501 device  0 [0x1b] NVIDIA B200
#  Rank  9 Group  0 Pid  11372 on   node5501 device  1 [0x43] NVIDIA B200
#  Rank 10 Group  0 Pid  11372 on   node5501 device  2 [0x52] NVIDIA B200
#  Rank 11 Group  0 Pid  11372 on   node5501 device  3 [0x61] NVIDIA B200
#  Rank 12 Group  0 Pid  11372 on   node5501 device  4 [0x9d] NVIDIA B200
#  Rank 13 Group  0 Pid  11372 on   node5501 device  5 [0xc3] NVIDIA B200
#  Rank 14 Group  0 Pid  11372 on   node5501 device  6 [0xd1] NVIDIA B200
#  Rank 15 Group  0 Pid  11372 on   node5501 device  7 [0xdf] NVIDIA B200
NCCL version 2.29.2+cuda13.1
#
#                                                              out-of-place                       in-place          
#       size         count      type   redop    root     time   algbw   busbw #wrong     time   algbw   busbw #wrong
#        (B)    (elements)                               (us)  (GB/s)  (GB/s)            (us)  (GB/s)  (GB/s)       
     1048576        262144     float     sum      -1    52.51   19.97   19.97      0    55.73   18.81   18.81    N/A
     4194304       1048576     float     sum      -1    102.1   41.09   41.09      0    98.47   42.59   42.59    N/A
    16777216       4194304     float     sum      -1    346.1   48.48   48.48      0    346.9   48.36   48.36    N/A
    67108864      16777216     float     sum      -1   1358.1   49.41   49.41      0   1360.4   49.33   49.33    N/A
   268435456      67108864     float     sum      -1   5397.5   49.73   49.73      0   5388.8   49.81   49.81    N/A
  1073741824     268435456     float     sum      -1    21516   49.90   49.90      0    21518   49.90   49.90    N/A
  4294967296    1073741824     float     sum      -1    85887   50.01   50.01      0    85845   50.03   50.03    N/A
 17179869184    4294967296     float     sum      -1   345811   49.68   49.68      0   359201   47.83   47.83    N/A
# Out of bounds values : 0 OK
# Avg bus bandwidth    : 44.6842 
#

%%%%%%%%% all_reduce_perf %%%%%%%%%%
# nThread 1 nGpus 8 minBytes 1048576 maxBytes 17179869184 step: 4(factor) warmup iters: 5 iters: 20 agg iters: 1 validation: 1 graph: 0
#
# Using devices
#  Rank  0 Group  0 Pid  14465 on   node5500 device  0 [0x1b] NVIDIA B200
#  Rank  1 Group  0 Pid  14465 on   node5500 device  1 [0x43] NVIDIA B200
#  Rank  2 Group  0 Pid  14465 on   node5500 device  2 [0x52] NVIDIA B200
#  Rank  3 Group  0 Pid  14465 on   node5500 device  3 [0x61] NVIDIA B200
#  Rank  4 Group  0 Pid  14465 on   node5500 device  4 [0x9d] NVIDIA B200
#  Rank  5 Group  0 Pid  14465 on   node5500 device  5 [0xc3] NVIDIA B200
#  Rank  6 Group  0 Pid  14465 on   node5500 device  6 [0xd1] NVIDIA B200
#  Rank  7 Group  0 Pid  14465 on   node5500 device  7 [0xdf] NVIDIA B200
#  Rank  8 Group  0 Pid  11916 on   node5501 device  0 [0x1b] NVIDIA B200
#  Rank  9 Group  0 Pid  11916 on   node5501 device  1 [0x43] NVIDIA B200
#  Rank 10 Group  0 Pid  11916 on   node5501 device  2 [0x52] NVIDIA B200
#  Rank 11 Group  0 Pid  11916 on   node5501 device  3 [0x61] NVIDIA B200
#  Rank 12 Group  0 Pid  11916 on   node5501 device  4 [0x9d] NVIDIA B200
#  Rank 13 Group  0 Pid  11916 on   node5501 device  5 [0xc3] NVIDIA B200
#  Rank 14 Group  0 Pid  11916 on   node5501 device  6 [0xd1] NVIDIA B200
#  Rank 15 Group  0 Pid  11916 on   node5501 device  7 [0xdf] NVIDIA B200
NCCL version 2.29.2+cuda13.1
#
#                                                              out-of-place                       in-place          
#       size         count      type   redop    root     time   algbw   busbw #wrong     time   algbw   busbw #wrong
#        (B)    (elements)                               (us)  (GB/s)  (GB/s)            (us)  (GB/s)  (GB/s)       
     1048576        262144     float     sum      -1    568.7    1.84    3.46      0    472.9    2.22    4.16      0
     4194304       1048576     float     sum      -1   1098.5    3.82    7.16      0    879.3    4.77    8.94      0
    16777216       4194304     float     sum      -1    884.5   18.97   35.57      0    929.3   18.05   33.85      0
    67108864      16777216     float     sum      -1   2111.1   31.79   59.60      0   2096.5   32.01   60.02      0
   268435456      67108864     float     sum      -1   3434.1   78.17  146.56      0   3733.9   71.89  134.79      0
  1073741824     268435456     float     sum      -1    12552   85.54  160.39      0    11463   93.67  175.63      0
  4294967296    1073741824     float     sum      -1    37186  115.50  216.56      0    36504  117.66  220.61      0
 17179869184    4294967296     float     sum      -1   134289  127.93  239.87      0   135645  126.65  237.47      0
# Out of bounds values : 0 OK
# Avg bus bandwidth    : 109.041 
#

%%%%%%%%% all_gather_perf %%%%%%%%%%
# nThread 1 nGpus 8 minBytes 1048576 maxBytes 17179869184 step: 4(factor) warmup iters: 5 iters: 20 agg iters: 1 validation: 1 graph: 0
#
# Using devices
#  Rank  0 Group  0 Pid  14566 on   node5500 device  0 [0x1b] NVIDIA B200
#  Rank  1 Group  0 Pid  14566 on   node5500 device  1 [0x43] NVIDIA B200
#  Rank  2 Group  0 Pid  14566 on   node5500 device  2 [0x52] NVIDIA B200
#  Rank  3 Group  0 Pid  14566 on   node5500 device  3 [0x61] NVIDIA B200
#  Rank  4 Group  0 Pid  14566 on   node5500 device  4 [0x9d] NVIDIA B200
#  Rank  5 Group  0 Pid  14566 on   node5500 device  5 [0xc3] NVIDIA B200
#  Rank  6 Group  0 Pid  14566 on   node5500 device  6 [0xd1] NVIDIA B200
#  Rank  7 Group  0 Pid  14566 on   node5500 device  7 [0xdf] NVIDIA B200
#  Rank  8 Group  0 Pid  12475 on   node5501 device  0 [0x1b] NVIDIA B200
#  Rank  9 Group  0 Pid  12475 on   node5501 device  1 [0x43] NVIDIA B200
#  Rank 10 Group  0 Pid  12475 on   node5501 device  2 [0x52] NVIDIA B200
#  Rank 11 Group  0 Pid  12475 on   node5501 device  3 [0x61] NVIDIA B200
#  Rank 12 Group  0 Pid  12475 on   node5501 device  4 [0x9d] NVIDIA B200
#  Rank 13 Group  0 Pid  12475 on   node5501 device  5 [0xc3] NVIDIA B200
#  Rank 14 Group  0 Pid  12475 on   node5501 device  6 [0xd1] NVIDIA B200
#  Rank 15 Group  0 Pid  12475 on   node5501 device  7 [0xdf] NVIDIA B200
NCCL version 2.29.2+cuda13.1
#
#                                                              out-of-place                       in-place          
#       size         count      type   redop    root     time   algbw   busbw #wrong     time   algbw   busbw #wrong
#        (B)    (elements)                               (us)  (GB/s)  (GB/s)            (us)  (GB/s)  (GB/s)       
     1048576         16384     float    none      -1    584.8    1.79    1.68      0    632.9    1.66    1.55      0
     4194304         65536     float    none      -1    700.7    5.99    5.61      0    684.1    6.13    5.75      0
    16777216        262144     float    none      -1    615.1   27.28   25.57      0    557.8   30.08   28.20      0
    67108864       1048576     float    none      -1   1281.6   52.36   49.09      0   1264.4   53.08   49.76      0
   268435456       4194304     float    none      -1   1334.4  201.16  188.59      0   1344.6  199.63  187.16      0
  1073741824      16777216     float    none      -1   3374.8  318.17  298.28      0   3495.1  307.21  288.01      0
  4294967296      67108864     float    none      -1    12209  351.79  329.80      0    11881  361.49  338.90      0
 17179869184     268435456     float    none      -1    45084  381.06  357.25      0    43911  391.24  366.79      0
# Out of bounds values : 0 OK
# Avg bus bandwidth    : 157.624 
#

%%%%%%%%% reduce_scatter_perf %%%%%%%%%%
# nThread 1 nGpus 8 minBytes 1048576 maxBytes 17179869184 step: 4(factor) warmup iters: 5 iters: 20 agg iters: 1 validation: 1 graph: 0
#
# Using devices
#  Rank  0 Group  0 Pid  14659 on   node5500 device  0 [0x1b] NVIDIA B200
#  Rank  1 Group  0 Pid  14659 on   node5500 device  1 [0x43] NVIDIA B200
#  Rank  2 Group  0 Pid  14659 on   node5500 device  2 [0x52] NVIDIA B200
#  Rank  3 Group  0 Pid  14659 on   node5500 device  3 [0x61] NVIDIA B200
#  Rank  4 Group  0 Pid  14659 on   node5500 device  4 [0x9d] NVIDIA B200
#  Rank  5 Group  0 Pid  14659 on   node5500 device  5 [0xc3] NVIDIA B200
#  Rank  6 Group  0 Pid  14659 on   node5500 device  6 [0xd1] NVIDIA B200
#  Rank  7 Group  0 Pid  14659 on   node5500 device  7 [0xdf] NVIDIA B200
#  Rank  8 Group  0 Pid  13026 on   node5501 device  0 [0x1b] NVIDIA B200
#  Rank  9 Group  0 Pid  13026 on   node5501 device  1 [0x43] NVIDIA B200
#  Rank 10 Group  0 Pid  13026 on   node5501 device  2 [0x52] NVIDIA B200
#  Rank 11 Group  0 Pid  13026 on   node5501 device  3 [0x61] NVIDIA B200
#  Rank 12 Group  0 Pid  13026 on   node5501 device  4 [0x9d] NVIDIA B200
#  Rank 13 Group  0 Pid  13026 on   node5501 device  5 [0xc3] NVIDIA B200
#  Rank 14 Group  0 Pid  13026 on   node5501 device  6 [0xd1] NVIDIA B200
#  Rank 15 Group  0 Pid  13026 on   node5501 device  7 [0xdf] NVIDIA B200
NCCL version 2.29.2+cuda13.1
#
#                                                              out-of-place                       in-place          
#       size         count      type   redop    root     time   algbw   busbw #wrong     time   algbw   busbw #wrong
#        (B)    (elements)                               (us)  (GB/s)  (GB/s)            (us)  (GB/s)  (GB/s)       
     1048576         16384     float     sum      -1    491.0    2.14    2.00      0    715.0    1.47    1.37      0
     4194304         65536     float     sum      -1    539.0    7.78    7.30      0    529.5    7.92    7.43      0
    16777216        262144     float     sum      -1    455.5   36.84   34.53      0    451.3   37.18   34.85      0
    67108864       1048576     float     sum      -1   1219.2   55.04   51.60      0   1197.0   56.06   52.56      0
   268435456       4194304     float     sum      -1   1415.0  189.71  177.85      0   1318.3  203.62  190.89      0
  1073741824      16777216     float     sum      -1   3184.6  337.17  316.09      0   3202.7  335.26  314.31      0
