node5800-c1
node5801-c1
/orcd/software/core/001/pkg/nvhpc/26.1/Linux_x86_64/26.1/comm_libs/mpi/bin/mpirun
Bin dir = /orcd/data/orcd/022/benchmarks/nccl-tests/build-nvhpc-26.1
num_cpu = num_mpi_tasks = 2
num_gpu_per_task = 8
collectives = sendrecv_perf all_reduce_perf all_gather_perf reduce_scatter_perf reduce_perf broadcast_perf alltoall_perf gather_perf scatter_perf hypercube_perf
%%%%%%%%% sendrecv_perf %%%%%%%%%%
# nThread 1 nGpus 8 minBytes 1048576 maxBytes 17179869184 step: 4(factor) warmup iters: 5 iters: 20 agg iters: 1 validation: 1 graph: 0
#
# Using devices
#  Rank  0 Group  0 Pid   9255 on node5800-c1 device  0 [0x1b] NVIDIA B200
#  Rank  1 Group  0 Pid   9255 on node5800-c1 device  1 [0x43] NVIDIA B200
#  Rank  2 Group  0 Pid   9255 on node5800-c1 device  2 [0x52] NVIDIA B200
#  Rank  3 Group  0 Pid   9255 on node5800-c1 device  3 [0x61] NVIDIA B200
#  Rank  4 Group  0 Pid   9255 on node5800-c1 device  4 [0x9d] NVIDIA B200
#  Rank  5 Group  0 Pid   9255 on node5800-c1 device  5 [0xc3] NVIDIA B200
#  Rank  6 Group  0 Pid   9255 on node5800-c1 device  6 [0xd1] NVIDIA B200
#  Rank  7 Group  0 Pid   9255 on node5800-c1 device  7 [0xdf] NVIDIA B200
#  Rank  8 Group  0 Pid   9660 on node5801-c1 device  0 [0x1b] NVIDIA B200
#  Rank  9 Group  0 Pid   9660 on node5801-c1 device  1 [0x43] NVIDIA B200
#  Rank 10 Group  0 Pid   9660 on node5801-c1 device  2 [0x52] NVIDIA B200
#  Rank 11 Group  0 Pid   9660 on node5801-c1 device  3 [0x61] NVIDIA B200
#  Rank 12 Group  0 Pid   9660 on node5801-c1 device  4 [0x9d] NVIDIA B200
#  Rank 13 Group  0 Pid   9660 on node5801-c1 device  5 [0xc3] NVIDIA B200
#  Rank 14 Group  0 Pid   9660 on node5801-c1 device  6 [0xd1] NVIDIA B200
#  Rank 15 Group  0 Pid   9660 on node5801-c1 device  7 [0xdf] NVIDIA B200
NCCL version 2.29.2+cuda13.1
#
#                                                              out-of-place                       in-place          
#       size         count      type   redop    root     time   algbw   busbw #wrong     time   algbw   busbw #wrong
#        (B)    (elements)                               (us)  (GB/s)  (GB/s)            (us)  (GB/s)  (GB/s)       
     1048576        262144     float     sum      -1    54.65   19.19   19.19      0    71.48   14.67   14.67    N/A
     4194304       1048576     float     sum      -1    102.2   41.04   41.04      0    101.2   41.44   41.44    N/A
    16777216       4194304     float     sum      -1    360.4   46.55   46.55      0    394.1   42.57   42.57    N/A
    67108864      16777216     float     sum      -1   1404.7   47.77   47.77      0   1402.0   47.86   47.86    N/A
   268435456      67108864     float     sum      -1   5569.8   48.20   48.20      0   5574.7   48.15   48.15    N/A
  1073741824     268435456     float     sum      -1    22244   48.27   48.27      0    22232   48.30   48.30    N/A
  4294967296    1073741824     float     sum      -1    88761   48.39   48.39      0    88772   48.38   48.38    N/A
 17179869184    4294967296     float     sum      -1   354824   48.42   48.42      0   353947   48.54   48.54    N/A
# Out of bounds values : 0 OK
# Avg bus bandwidth    : 42.9839 
#

%%%%%%%%% all_reduce_perf %%%%%%%%%%
# nThread 1 nGpus 8 minBytes 1048576 maxBytes 17179869184 step: 4(factor) warmup iters: 5 iters: 20 agg iters: 1 validation: 1 graph: 0
#
# Using devices
#  Rank  0 Group  0 Pid   9341 on node5800-c1 device  0 [0x1b] NVIDIA B200
#  Rank  1 Group  0 Pid   9341 on node5800-c1 device  1 [0x43] NVIDIA B200
#  Rank  2 Group  0 Pid   9341 on node5800-c1 device  2 [0x52] NVIDIA B200
#  Rank  3 Group  0 Pid   9341 on node5800-c1 device  3 [0x61] NVIDIA B200
#  Rank  4 Group  0 Pid   9341 on node5800-c1 device  4 [0x9d] NVIDIA B200
#  Rank  5 Group  0 Pid   9341 on node5800-c1 device  5 [0xc3] NVIDIA B200
#  Rank  6 Group  0 Pid   9341 on node5800-c1 device  6 [0xd1] NVIDIA B200
#  Rank  7 Group  0 Pid   9341 on node5800-c1 device  7 [0xdf] NVIDIA B200
#  Rank  8 Group  0 Pid  10204 on node5801-c1 device  0 [0x1b] NVIDIA B200
#  Rank  9 Group  0 Pid  10204 on node5801-c1 device  1 [0x43] NVIDIA B200
#  Rank 10 Group  0 Pid  10204 on node5801-c1 device  2 [0x52] NVIDIA B200
#  Rank 11 Group  0 Pid  10204 on node5801-c1 device  3 [0x61] NVIDIA B200
#  Rank 12 Group  0 Pid  10204 on node5801-c1 device  4 [0x9d] NVIDIA B200
#  Rank 13 Group  0 Pid  10204 on node5801-c1 device  5 [0xc3] NVIDIA B200
#  Rank 14 Group  0 Pid  10204 on node5801-c1 device  6 [0xd1] NVIDIA B200
#  Rank 15 Group  0 Pid  10204 on node5801-c1 device  7 [0xdf] NVIDIA B200
NCCL version 2.29.2+cuda13.1
#
#                                                              out-of-place                       in-place          
#       size         count      type   redop    root     time   algbw   busbw #wrong     time   algbw   busbw #wrong
#        (B)    (elements)                               (us)  (GB/s)  (GB/s)            (us)  (GB/s)  (GB/s)       
     1048576        262144     float     sum      -1    417.8    2.51    4.71      0    360.2    2.91    5.46      0
     4194304       1048576     float     sum      -1   1069.9    3.92    7.35      0    857.9    4.89    9.17      0
    16777216       4194304     float     sum      -1    960.8   17.46   32.74      0    866.4   19.37   36.31      0
    67108864      16777216     float     sum      -1   1607.9   41.74   78.26      0   1709.4   39.26   73.61      0
   268435456      67108864     float     sum      -1   2923.5   91.82  172.16      0   2940.2   91.30  171.18      0
  1073741824     268435456     float     sum      -1    10341  103.83  194.69      0    11592   92.62  173.67      0
  4294967296    1073741824     float     sum      -1    36608  117.32  219.98      0    36098  118.98  223.09      0
 17179869184    4294967296     float     sum      -1   139090  123.52  231.59      0   140331  122.42  229.55      0
# Out of bounds values : 0 OK
# Avg bus bandwidth    : 116.469 
#

%%%%%%%%% all_gather_perf %%%%%%%%%%
# nThread 1 nGpus 8 minBytes 1048576 maxBytes 17179869184 step: 4(factor) warmup iters: 5 iters: 20 agg iters: 1 validation: 1 graph: 0
#
# Using devices
#  Rank  0 Group  0 Pid   9442 on node5800-c1 device  0 [0x1b] NVIDIA B200
#  Rank  1 Group  0 Pid   9442 on node5800-c1 device  1 [0x43] NVIDIA B200
#  Rank  2 Group  0 Pid   9442 on node5800-c1 device  2 [0x52] NVIDIA B200
#  Rank  3 Group  0 Pid   9442 on node5800-c1 device  3 [0x61] NVIDIA B200
#  Rank  4 Group  0 Pid   9442 on node5800-c1 device  4 [0x9d] NVIDIA B200
#  Rank  5 Group  0 Pid   9442 on node5800-c1 device  5 [0xc3] NVIDIA B200
#  Rank  6 Group  0 Pid   9442 on node5800-c1 device  6 [0xd1] NVIDIA B200
#  Rank  7 Group  0 Pid   9442 on node5800-c1 device  7 [0xdf] NVIDIA B200
#  Rank  8 Group  0 Pid  10763 on node5801-c1 device  0 [0x1b] NVIDIA B200
#  Rank  9 Group  0 Pid  10763 on node5801-c1 device  1 [0x43] NVIDIA B200
#  Rank 10 Group  0 Pid  10763 on node5801-c1 device  2 [0x52] NVIDIA B200
#  Rank 11 Group  0 Pid  10763 on node5801-c1 device  3 [0x61] NVIDIA B200
#  Rank 12 Group  0 Pid  10763 on node5801-c1 device  4 [0x9d] NVIDIA B200
#  Rank 13 Group  0 Pid  10763 on node5801-c1 device  5 [0xc3] NVIDIA B200
#  Rank 14 Group  0 Pid  10763 on node5801-c1 device  6 [0xd1] NVIDIA B200
#  Rank 15 Group  0 Pid  10763 on node5801-c1 device  7 [0xdf] NVIDIA B200
NCCL version 2.29.2+cuda13.1
#
#                                                              out-of-place                       in-place          
#       size         count      type   redop    root     time   algbw   busbw #wrong     time   algbw   busbw #wrong
#        (B)    (elements)                               (us)  (GB/s)  (GB/s)            (us)  (GB/s)  (GB/s)       
     1048576         16384     float    none      -1    581.2    1.80    1.69      0    536.1    1.96    1.83      0
     4194304         65536     float    none      -1    472.0    8.89    8.33      0    497.2    8.44    7.91      0
    16777216        262144     float    none      -1    532.4   31.51   29.54      0    499.9   33.56   31.46      0
    67108864       1048576     float    none      -1   1376.9   48.74   45.69      0   1418.3   47.32   44.36      0
   268435456       4194304     float    none      -1   1542.4  174.04  163.16      0   1529.2  175.54  164.57      0
  1073741824      16777216     float    none      -1   3505.0  306.35  287.20      0   3302.0  325.18  304.85      0
  4294967296      67108864     float    none      -1    12015  357.46  335.12      0    11084  387.48  363.26      0
 17179869184     268435456     float    none      -1    44020  390.28  365.88      0    43461  395.29  370.59      0
# Out of bounds values : 0 OK
# Avg bus bandwidth    : 157.842 
#

%%%%%%%%% reduce_scatter_perf %%%%%%%%%%
# nThread 1 nGpus 8 minBytes 1048576 maxBytes 17179869184 step: 4(factor) warmup iters: 5 iters: 20 agg iters: 1 validation: 1 graph: 0
#
# Using devices
#  Rank  0 Group  0 Pid   9535 on node5800-c1 device  0 [0x1b] NVIDIA B200
#  Rank  1 Group  0 Pid   9535 on node5800-c1 device  1 [0x43] NVIDIA B200
#  Rank  2 Group  0 Pid   9535 on node5800-c1 device  2 [0x52] NVIDIA B200
#  Rank  3 Group  0 Pid   9535 on node5800-c1 device  3 [0x61] NVIDIA B200
#  Rank  4 Group  0 Pid   9535 on node5800-c1 device  4 [0x9d] NVIDIA B200
#  Rank  5 Group  0 Pid   9535 on node5800-c1 device  5 [0xc3] NVIDIA B200
#  Rank  6 Group  0 Pid   9535 on node5800-c1 device  6 [0xd1] NVIDIA B200
#  Rank  7 Group  0 Pid   9535 on node5800-c1 device  7 [0xdf] NVIDIA B200
#  Rank  8 Group  0 Pid  11314 on node5801-c1 device  0 [0x1b] NVIDIA B200
#  Rank  9 Group  0 Pid  11314 on node5801-c1 device  1 [0x43] NVIDIA B200
#  Rank 10 Group  0 Pid  11314 on node5801-c1 device  2 [0x52] NVIDIA B200
#  Rank 11 Group  0 Pid  11314 on node5801-c1 device  3 [0x61] NVIDIA B200
#  Rank 12 Group  0 Pid  11314 on node5801-c1 device  4 [0x9d] NVIDIA B200
#  Rank 13 Group  0 Pid  11314 on node5801-c1 device  5 [0xc3] NVIDIA B200
#  Rank 14 Group  0 Pid  11314 on node5801-c1 device  6 [0xd1] NVIDIA B200
#  Rank 15 Group  0 Pid  11314 on node5801-c1 device  7 [0xdf] NVIDIA B200
NCCL version 2.29.2+cuda13.1
#
#                                                              out-of-place                       in-place          
#       size         count      type   redop    root     time   algbw   busbw #wrong     time   algbw   busbw #wrong
#        (B)    (elements)                               (us)  (GB/s)  (GB/s)            (us)  (GB/s)  (GB/s)       
     1048576         16384     float     sum      -1    510.9    2.05    1.92      0    486.5    2.16    2.02      0
     4194304         65536     float     sum      -1    451.4    9.29    8.71      0    580.8    7.22    6.77      0
    16777216        262144     float     sum      -1    473.0   35.47   33.25      0    666.4   25.18   23.60      0
    67108864       1048576     float     sum      -1   1124.5   59.68   55.95      0   1053.4   63.71   59.72      0
   268435456       4194304     float     sum      -1   1317.2  203.80  191.06      0   1368.9  196.09  183.84      0
  1073741824      16777216     float     sum      -1   3180.3  337.63  316.53      0   3220.4  333.42  312.58      0
  4294967296      67108864     float     sum      -1    11441  375.41  351.94      0    11031  389.35  365.02      0
 17179869184     268435456     float     sum      -1    41991  409.14  383.57      0    41887  410.15  384.51      0
# Out of bounds values : 0 OK
# Avg bus bandwidth    : 167.562 
#

%%%%%%%%% reduce_perf %%%%%%%%%%
# nThread 1 nGpus 8 minBytes 1048576 maxBytes 17179869184 step: 4(factor) warmup iters: 5 iters: 20 agg iters: 1 validation: 1 graph: 0
#
# Using devices
#  Rank  0 Group  0 Pid   9628 on node5800-c1 device  0 [0x1b] NVIDIA B200
#  Rank  1 Group  0 Pid   9628 on node5800-c1 device  1 [0x43] NVIDIA B200
#  Rank  2 Group  0 Pid   9628 on node5800-c1 device  2 [0x52] NVIDIA B200
#  Rank  3 Group  0 Pid   9628 on node5800-c1 device  3 [0x61] NVIDIA B200
#  Rank  4 Group  0 Pid   9628 on node5800-c1 device  4 [0x9d] NVIDIA B200
#  Rank  5 Group  0 Pid   9628 on node5800-c1 device  5 [0xc3] NVIDIA B200
#  Rank  6 Group  0 Pid   9628 on node5800-c1 device  6 [0xd1] NVIDIA B200
#  Rank  7 Group  0 Pid   9628 on node5800-c1 device  7 [0xdf] NVIDIA B200
#  Rank  8 Group  0 Pid  11865 on node5801-c1 device  0 [0x1b] NVIDIA B200
#  Rank  9 Group  0 Pid  11865 on node5801-c1 device  1 [0x43] NVIDIA B200
#  Rank 10 Group  0 Pid  11865 on node5801-c1 device  2 [0x52] NVIDIA B200
#  Rank 11 Group  0 Pid  11865 on node5801-c1 device  3 [0x61] NVIDIA B200
#  Rank 12 Group  0 Pid  11865 on node5801-c1 device  4 [0x9d] NVIDIA B200
#  Rank 13 Group  0 Pid  11865 on node5801-c1 device  5 [0xc3] NVIDIA B200
#  Rank 14 Group  0 Pid  11865 on node5801-c1 device  6 [0xd1] NVIDIA B200
#  Rank 15 Group  0 Pid  11865 on node5801-c1 device  7 [0xdf] NVIDIA B200
NCCL version 2.29.2+cuda13.1
#
#                                                              out-of-place                       in-place          
#       size         count      type   redop    root     time   algbw   busbw #wrong     time   algbw   busbw #wrong
#        (B)    (elements)                               (us)  (GB/s)  (GB/s)            (us)  (GB/s)  (GB/s)       
     1048576        262144     float     sum       0    645.9    1.62    1.62      0    427.2    2.45    2.45      0
     4194304       1048576     float     sum       0    252.5   16.61   16.61      0    167.5   25.04   25.04      0
    16777216       4194304     float     sum       0    233.3   71.92   71.92      0    236.0   71.08   71.08      0
    67108864      16777216     float     sum       0    423.3  158.55  158.55      0    428.2  156.72  156.72      0
   268435456      67108864     float     sum       0   1186.2  226.29  226.29      0   1172.0  229.04  229.04      0
  1073741824     268435456     float     sum       0   4182.1  256.75  256.75      0   3882.7  276.54  276.54      0
  4294967296    1073741824     float     sum       0    13387  320.82  320.82      0    11631  369.27  369.27      0
 17179869184    4294967296     float     sum       0    45748  375.53  375.53      0    45906  374.24  374.24      0
# Out of bounds values : 0 OK
# Avg bus bandwidth    : 183.281 
#

%%%%%%%%% broadcast_perf %%%%%%%%%%
# nThread 1 nGpus 8 minBytes 1048576 maxBytes 17179869184 step: 4(factor) warmup iters: 5 iters: 20 agg iters: 1 validation: 1 graph: 0
#
# Using devices
#  Rank  0 Group  0 Pid   9721 on node5800-c1 device  0 [0x1b] NVIDIA B200
#  Rank  1 Group  0 Pid   9721 on node5800-c1 device  1 [0x43] NVIDIA B200
#  Rank  2 Group  0 Pid   9721 on node5800-c1 device  2 [0x52] NVIDIA B200
#  Rank  3 Group  0 Pid   9721 on node5800-c1 device  3 [0x61] NVIDIA B200
#  Rank  4 Group  0 Pid   9721 on node5800-c1 device  4 [0x9d] NVIDIA B200
#  Rank  5 Group  0 Pid   9721 on node5800-c1 device  5 [0xc3] NVIDIA B200
#  Rank  6 Group  0 Pid   9721 on node5800-c1 device  6 [0xd1] NVIDIA B200
#  Rank  7 Group  0 Pid   9721 on node5800-c1 device  7 [0xdf] NVIDIA B200
#  Rank  8 Group  0 Pid  12416 on node5801-c1 device  0 [0x1b] NVIDIA B200
#  Rank  9 Group  0 Pid  12416 on node5801-c1 device  1 [0x43] NVIDIA B200
#  Rank 10 Group  0 Pid  12416 on node5801-c1 device  2 [0x52] NVIDIA B200
#  Rank 11 Group  0 Pid  12416 on node5801-c1 device  3 [0x61] NVIDIA B200
#  Rank 12 Group  0 Pid  12416 on node5801-c1 device  4 [0x9d] NVIDIA B200
#  Rank 13 Group  0 Pid  12416 on node5801-c1 device  5 [0xc3] NVIDIA B200
#  Rank 14 Group  0 Pid  12416 on node5801-c1 device  6 [0xd1] NVIDIA B200
#  Rank 15 Group  0 Pid  12416 on node5801-c1 device  7 [0xdf] NVIDIA B200
NCCL version 2.29.2+cuda13.1
#
#                                                              out-of-place                       in-place          
#       size         count      type   redop    root     time   algbw   busbw #wrong     time   algbw   busbw #wrong
#        (B)    (elements)                               (us)  (GB/s)  (GB/s)            (us)  (GB/s)  (GB/s)       
     1048576        262144     float    none       0    568.1    1.85    1.85      0    370.6    2.83    2.83      0
     4194304       1048576     float    none       0    161.9   25.90   25.90      0    157.5   26.63   26.63      0
    16777216       4194304     float    none       0    229.5   73.11   73.11      0    231.1   72.58   72.58      0
    67108864      16777216     float    none       0    422.8  158.73  158.73      0    419.8  159.87  159.87      0
   268435456      67108864     float    none       0   1235.7  217.24  217.24      0   1236.3  217.12  217.12      0
  1073741824     268435456     float    none       0   4282.3  250.74  250.74      0   4295.7  249.96  249.96      0
  4294967296    1073741824     float    none       0    13892  309.17  309.17      0    12175  352.76  352.76      0
 17179869184    4294967296     float    none       0    47270  363.44  363.44      0    47170  364.21  364.21      0
# Out of bounds values : 0 OK
# Avg bus bandwidth    : 177.883 
#

%%%%%%%%% alltoall_perf %%%%%%%%%%
# nThread 1 nGpus 8 minBytes 1048576 maxBytes 17179869184 step: 4(factor) warmup iters: 5 iters: 20 agg iters: 1 validation: 1 graph: 0
#
# Using devices
#  Rank  0 Group  0 Pid   9814 on node5800-c1 device  0 [0x1b] NVIDIA B200
#  Rank  1 Group  0 Pid   9814 on node5800-c1 device  1 [0x43] NVIDIA B200
#  Rank  2 Group  0 Pid   9814 on node5800-c1 device  2 [0x52] NVIDIA B200
#  Rank  3 Group  0 Pid   9814 on node5800-c1 device  3 [0x61] NVIDIA B200
#  Rank  4 Group  0 Pid   9814 on node5800-c1 device  4 [0x9d] NVIDIA B200
#  Rank  5 Group  0 Pid   9814 on node5800-c1 device  5 [0xc3] NVIDIA B200
#  Rank  6 Group  0 Pid   9814 on node5800-c1 device  6 [0xd1] NVIDIA B200
#  Rank  7 Group  0 Pid   9814 on node5800-c1 device  7 [0xdf] NVIDIA B200
#  Rank  8 Group  0 Pid  12967 on node5801-c1 device  0 [0x1b] NVIDIA B200
#  Rank  9 Group  0 Pid  12967 on node5801-c1 device  1 [0x43] NVIDIA B200
#  Rank 10 Group  0 Pid  12967 on node5801-c1 device  2 [0x52] NVIDIA B200
#  Rank 11 Group  0 Pid  12967 on node5801-c1 device  3 [0x61] NVIDIA B200
#  Rank 12 Group  0 Pid  12967 on node5801-c1 device  4 [0x9d] NVIDIA B200
#  Rank 13 Group  0 Pid  12967 on node5801-c1 device  5 [0xc3] NVIDIA B200
#  Rank 14 Group  0 Pid  12967 on node5801-c1 device  6 [0xd1] NVIDIA B200
#  Rank 15 Group  0 Pid  12967 on node5801-c1 device  7 [0xdf] NVIDIA B200
NCCL version 2.29.2+cuda13.1
#
#                                                              out-of-place                       in-place          
#       size         count      type   redop    root     time   algbw   busbw #wrong     time   algbw   busbw #wrong
#        (B)    (elements)                               (us)  (GB/s)  (GB/s)            (us)  (GB/s)  (GB/s)       
     1048576         16384     float    none      -1    694.8    1.51    1.41      0    653.8    1.60    1.50    N/A
     4194304         65536     float    none      -1    830.8    5.05    4.73      0    778.3    5.39    5.05    N/A
    16777216        262144     float    none      -1   1336.7   12.55   11.77      0    870.4   19.28   18.07    N/A
    67108864       1048576     float    none      -1   2740.0   24.49   22.96      0   2826.3   23.74   22.26    N/A
   268435456       4194304     float    none      -1   9419.6   28.50   26.72      0   8231.7   32.61   30.57    N/A
  1073741824      16777216     float    none      -1    25302   42.44   39.78      0    25180   42.64   39.98    N/A
  4294967296      67108864     float    none      -1    85131   50.45   47.30      0    84930   50.57   47.41    N/A
 17179869184     268435456     float    none      -1   329299   52.17   48.91      0   338490   50.75   47.58    N/A
# Out of bounds values : 0 OK
# Avg bus bandwidth    : 26.0008 
#

%%%%%%%%% gather_perf %%%%%%%%%%
# nThread 1 nGpus 8 minBytes 1048576 maxBytes 17179869184 step: 4(factor) warmup iters: 5 iters: 20 agg iters: 1 validation: 1 graph: 0
#
# Using devices
#  Rank  0 Group  0 Pid   9907 on node5800-c1 device  0 [0x1b] NVIDIA B200
#  Rank  1 Group  0 Pid   9907 on node5800-c1 device  1 [0x43] NVIDIA B200
#  Rank  2 Group  0 Pid   9907 on node5800-c1 device  2 [0x52] NVIDIA B200
#  Rank  3 Group  0 Pid   9907 on node5800-c1 device  3 [0x61] NVIDIA B200
#  Rank  4 Group  0 Pid   9907 on node5800-c1 device  4 [0x9d] NVIDIA B200
#  Rank  5 Group  0 Pid   9907 on node5800-c1 device  5 [0xc3] NVIDIA B200
#  Rank  6 Group  0 Pid   9907 on node5800-c1 device  6 [0xd1] NVIDIA B200
#  Rank  7 Group  0 Pid   9907 on node5800-c1 device  7 [0xdf] NVIDIA B200
#  Rank  8 Group  0 Pid  13518 on node5801-c1 device  0 [0x1b] NVIDIA B200
#  Rank  9 Group  0 Pid  13518 on node5801-c1 device  1 [0x43] NVIDIA B200
#  Rank 10 Group  0 Pid  13518 on node5801-c1 device  2 [0x52] NVIDIA B200
#  Rank 11 Group  0 Pid  13518 on node5801-c1 device  3 [0x61] NVIDIA B200
#  Rank 12 Group  0 Pid  13518 on node5801-c1 device  4 [0x9d] NVIDIA B200
#  Rank 13 Group  0 Pid  13518 on node5801-c1 device  5 [0xc3] NVIDIA B200
#  Rank 14 Group  0 Pid  13518 on node5801-c1 device  6 [0xd1] NVIDIA B200
#  Rank 15 Group  0 Pid  13518 on node5801-c1 device  7 [0xdf] NVIDIA B200
NCCL version 2.29.2+cuda13.1
#
#                                                              out-of-place                       in-place          
#       size         count      type   redop    root     time   algbw   busbw #wrong     time   algbw   busbw #wrong
#        (B)    (elements)                               (us)  (GB/s)  (GB/s)            (us)  (GB/s)  (GB/s)       
     1048576         16384     float    none       0    51.11   20.52   19.24      0    51.68   20.29   19.02      0
     4194304         65536     float    none       0    68.92   60.86   57.06      0    67.29   62.33   58.43      0
    16777216        262144     float    none       0    177.8   94.35   88.45      0    177.7   94.42   88.51      0
    67108864       1048576     float    none       0    677.7   99.03   92.84      0    678.3   98.94   92.75      0
   268435456       4194304     float    none       0   2724.5   98.53   92.37      0   2726.1   98.47   92.32      0
  1073741824      16777216     float    none       0    10911   98.41   92.26      0    10913   98.40   92.25      0
  4294967296      67108864     float    none       0    43659   98.37   92.23      0    43661   98.37   92.22      0
 17179869184     268435456     float    none       0   174650   98.37   92.22      0   174647   98.37   92.22      0
# Out of bounds values : 0 OK
# Avg bus bandwidth    : 78.399 
#

%%%%%%%%% scatter_perf %%%%%%%%%%
# nThread 1 nGpus 8 minBytes 1048576 maxBytes 17179869184 step: 4(factor) warmup iters: 5 iters: 20 agg iters: 1 validation: 1 graph: 0
#
# Using devices
#  Rank  0 Group  0 Pid   9993 on node5800-c1 device  0 [0x1b] NVIDIA B200
#  Rank  1 Group  0 Pid   9993 on node5800-c1 device  1 [0x43] NVIDIA B200
#  Rank  2 Group  0 Pid   9993 on node5800-c1 device  2 [0x52] NVIDIA B200
#  Rank  3 Group  0 Pid   9993 on node5800-c1 device  3 [0x61] NVIDIA B200
#  Rank  4 Group  0 Pid   9993 on node5800-c1 device  4 [0x9d] NVIDIA B200
#  Rank  5 Group  0 Pid   9993 on node5800-c1 device  5 [0xc3] NVIDIA B200
#  Rank  6 Group  0 Pid   9993 on node5800-c1 device  6 [0xd1] NVIDIA B200
#  Rank  7 Group  0 Pid   9993 on node5800-c1 device  7 [0xdf] NVIDIA B200
#  Rank  8 Group  0 Pid  14062 on node5801-c1 device  0 [0x1b] NVIDIA B200
#  Rank  9 Group  0 Pid  14062 on node5801-c1 device  1 [0x43] NVIDIA B200
#  Rank 10 Group  0 Pid  14062 on node5801-c1 device  2 [0x52] NVIDIA B200
#  Rank 11 Group  0 Pid  14062 on node5801-c1 device  3 [0x61] NVIDIA B200
#  Rank 12 Group  0 Pid  14062 on node5801-c1 device  4 [0x9d] NVIDIA B200
#  Rank 13 Group  0 Pid  14062 on node5801-c1 device  5 [0xc3] NVIDIA B200
#  Rank 14 Group  0 Pid  14062 on node5801-c1 device  6 [0xd1] NVIDIA B200
#  Rank 15 Group  0 Pid  14062 on node5801-c1 device  7 [0xdf] NVIDIA B200
NCCL version 2.29.2+cuda13.1
#
#                                                              out-of-place                       in-place          
#       size         count      type   redop    root     time   algbw   busbw #wrong     time   algbw   busbw #wrong
#        (B)    (elements)                               (us)  (GB/s)  (GB/s)            (us)  (GB/s)  (GB/s)       
     1048576         16384     float    none       0    383.4    2.73    2.56      0    304.4    3.44    3.23      0
     4194304         65536     float    none       0    222.5   18.85   17.67      0    220.7   19.01   17.82      0
    16777216        262144     float    none       0    271.2   61.87   58.00      0    260.9   64.29   60.28      0
    67108864       1048576     float    none       0    366.0  183.38  171.92      0    318.5  210.72  197.55      0
   268435456       4194304     float    none       0   1087.8  246.76  231.34      0   1100.2  243.98  228.73      0
  1073741824      16777216     float    none       0   3887.6  276.20  258.93      0   3885.0  276.38  259.11      0
  4294967296      67108864     float    none       0    12988  330.69  310.02      0    12117  354.44  332.29      0
 17179869184     268435456     float    none       0    48464  354.49  332.33      0    48279  355.85  333.61      0
# Out of bounds values : 0 OK
# Avg bus bandwidth    : 175.963 
#

%%%%%%%%% hypercube_perf %%%%%%%%%%
# nThread 1 nGpus 8 minBytes 1048576 maxBytes 17179869184 step: 4(factor) warmup iters: 5 iters: 20 agg iters: 1 validation: 1 graph: 0
#
# Using devices
#  Rank  0 Group  0 Pid  10086 on node5800-c1 device  0 [0x1b] NVIDIA B200
#  Rank  1 Group  0 Pid  10086 on node5800-c1 device  1 [0x43] NVIDIA B200
#  Rank  2 Group  0 Pid  10086 on node5800-c1 device  2 [0x52] NVIDIA B200
#  Rank  3 Group  0 Pid  10086 on node5800-c1 device  3 [0x61] NVIDIA B200
#  Rank  4 Group  0 Pid  10086 on node5800-c1 device  4 [0x9d] NVIDIA B200
#  Rank  5 Group  0 Pid  10086 on node5800-c1 device  5 [0xc3] NVIDIA B200
#  Rank  6 Group  0 Pid  10086 on node5800-c1 device  6 [0xd1] NVIDIA B200
#  Rank  7 Group  0 Pid  10086 on node5800-c1 device  7 [0xdf] NVIDIA B200
#  Rank  8 Group  0 Pid  14614 on node5801-c1 device  0 [0x1b] NVIDIA B200
#  Rank  9 Group  0 Pid  14614 on node5801-c1 device  1 [0x43] NVIDIA B200
#  Rank 10 Group  0 Pid  14614 on node5801-c1 device  2 [0x52] NVIDIA B200
#  Rank 11 Group  0 Pid  14614 on node5801-c1 device  3 [0x61] NVIDIA B200
#  Rank 12 Group  0 Pid  14614 on node5801-c1 device  4 [0x9d] NVIDIA B200
#  Rank 13 Group  0 Pid  14614 on node5801-c1 device  5 [0xc3] NVIDIA B200
#  Rank 14 Group  0 Pid  14614 on node5801-c1 device  6 [0xd1] NVIDIA B200
#  Rank 15 Group  0 Pid  14614 on node5801-c1 device  7 [0xdf] NVIDIA B200
NCCL version 2.29.2+cuda13.1
#
#                                                              out-of-place                       in-place          
#       size         count      type   redop    root     time   algbw   busbw #wrong     time   algbw   busbw #wrong
#        (B)    (elements)                               (us)  (GB/s)  (GB/s)            (us)  (GB/s)  (GB/s)       
     1048576         16384     float              -1    634.6    1.55    1.55  2.22211e+06    351.0    2.80    2.80  2.3383e+06
     4194304         65536     float              -1    474.0    8.30    8.30  8.73523e+06    347.1   11.33   11.33  8.85181e+06
    16777216        262144     float              -1   1030.8   15.26   15.26  2.07136e+07   1048.8   15.00   15.00  2.1733e+07
    67108864       1048576     float              -1   3841.5   16.38   16.38  3.62428e+07   3829.5   16.43   16.43  4.18943e+07
   268435456       4194304     float              -1    12367   20.35   20.35  1.01745e+08    10511   23.94   23.94  1.27011e+08
  1073741824      16777216     float              -1    36559   27.53   27.53  4.00722e+08    36979   27.22   27.22  4.11946e+08
  4294967296      67108864     float              -1   136375   29.53   29.53  1.49014e+09   136308   29.54   29.54  1.45829e+09
 17179869184     268435456     float              -1   541192   29.76   29.76  6.11616e+09   540856   29.78   29.78  6.01458e+09
# Out of bounds values : 32 FAILED
# Avg bus bandwidth    : 19.0432 
#

--------------------------------------------------------------------------
Primary job  terminated normally, but 1 process returned
a non-zero exit code. Per user-direction, the job has been aborted.
--------------------------------------------------------------------------
--------------------------------------------------------------------------
mpirun detected that one or more processes exited with non-zero status, thus causing
the job to be terminated. The first process to do so was:

  Process name: [[31044,1],1]
  Exit code:    1
--------------------------------------------------------------------------
