node5602-c1
node5702-c1
/orcd/software/core/001/pkg/nvhpc/26.1/Linux_x86_64/26.1/comm_libs/mpi/bin/mpirun
Bin dir = /orcd/data/orcd/022/benchmarks/nccl-tests/build-nvhpc-26.1
num_cpu = num_mpi_tasks = 2
num_gpu_per_task = 8
collectives = sendrecv_perf all_reduce_perf all_gather_perf reduce_scatter_perf reduce_perf broadcast_perf alltoall_perf gather_perf scatter_perf hypercube_perf
%%%%%%%%% sendrecv_perf %%%%%%%%%%
# nThread 1 nGpus 8 minBytes 1048576 maxBytes 17179869184 step: 4(factor) warmup iters: 5 iters: 20 agg iters: 1 validation: 1 graph: 0
#
# Using devices
#  Rank  0 Group  0 Pid   9249 on node5602-c1 device  0 [0x1b] NVIDIA B200
#  Rank  1 Group  0 Pid   9249 on node5602-c1 device  1 [0x43] NVIDIA B200
#  Rank  2 Group  0 Pid   9249 on node5602-c1 device  2 [0x52] NVIDIA B200
#  Rank  3 Group  0 Pid   9249 on node5602-c1 device  3 [0x61] NVIDIA B200
#  Rank  4 Group  0 Pid   9249 on node5602-c1 device  4 [0x9d] NVIDIA B200
#  Rank  5 Group  0 Pid   9249 on node5602-c1 device  5 [0xc3] NVIDIA B200
#  Rank  6 Group  0 Pid   9249 on node5602-c1 device  6 [0xd1] NVIDIA B200
#  Rank  7 Group  0 Pid   9249 on node5602-c1 device  7 [0xdf] NVIDIA B200
#  Rank  8 Group  0 Pid   9666 on node5702-c1 device  0 [0x1b] NVIDIA B200
#  Rank  9 Group  0 Pid   9666 on node5702-c1 device  1 [0x43] NVIDIA B200
#  Rank 10 Group  0 Pid   9666 on node5702-c1 device  2 [0x52] NVIDIA B200
#  Rank 11 Group  0 Pid   9666 on node5702-c1 device  3 [0x61] NVIDIA B200
#  Rank 12 Group  0 Pid   9666 on node5702-c1 device  4 [0x9d] NVIDIA B200
#  Rank 13 Group  0 Pid   9666 on node5702-c1 device  5 [0xc3] NVIDIA B200
#  Rank 14 Group  0 Pid   9666 on node5702-c1 device  6 [0xd1] NVIDIA B200
#  Rank 15 Group  0 Pid   9666 on node5702-c1 device  7 [0xdf] NVIDIA B200
NCCL version 2.29.2+cuda13.1
#
#                                                              out-of-place                       in-place          
#       size         count      type   redop    root     time   algbw   busbw #wrong     time   algbw   busbw #wrong
#        (B)    (elements)                               (us)  (GB/s)  (GB/s)            (us)  (GB/s)  (GB/s)       
     1048576        262144     float     sum      -1    52.37   20.02   20.02      0    55.86   18.77   18.77    N/A
     4194304       1048576     float     sum      -1    101.7   41.23   41.23      0    104.0   40.32   40.32    N/A
    16777216       4194304     float     sum      -1    353.4   47.48   47.48      0    353.9   47.41   47.41    N/A
    67108864      16777216     float     sum      -1   1377.6   48.72   48.72      0   1379.9   48.63   48.63    N/A
   268435456      67108864     float     sum      -1   5479.1   48.99   48.99      0   5565.1   48.24   48.24    N/A
  1073741824     268435456     float     sum      -1    22720   47.26   47.26      0    22704   47.29   47.29    N/A
  4294967296    1073741824     float     sum      -1    90680   47.36   47.36      0    90675   47.37   47.37    N/A
 17179869184    4294967296     float     sum      -1   360060   47.71   47.71      0   351340   48.90   48.90    N/A
# Out of bounds values : 0 OK
# Avg bus bandwidth    : 43.4812 
#

%%%%%%%%% all_reduce_perf %%%%%%%%%%
# nThread 1 nGpus 8 minBytes 1048576 maxBytes 17179869184 step: 4(factor) warmup iters: 5 iters: 20 agg iters: 1 validation: 1 graph: 0
#
# Using devices
#  Rank  0 Group  0 Pid   9335 on node5602-c1 device  0 [0x1b] NVIDIA B200
#  Rank  1 Group  0 Pid   9335 on node5602-c1 device  1 [0x43] NVIDIA B200
#  Rank  2 Group  0 Pid   9335 on node5602-c1 device  2 [0x52] NVIDIA B200
#  Rank  3 Group  0 Pid   9335 on node5602-c1 device  3 [0x61] NVIDIA B200
#  Rank  4 Group  0 Pid   9335 on node5602-c1 device  4 [0x9d] NVIDIA B200
#  Rank  5 Group  0 Pid   9335 on node5602-c1 device  5 [0xc3] NVIDIA B200
#  Rank  6 Group  0 Pid   9335 on node5602-c1 device  6 [0xd1] NVIDIA B200
#  Rank  7 Group  0 Pid   9335 on node5602-c1 device  7 [0xdf] NVIDIA B200
#  Rank  8 Group  0 Pid  10210 on node5702-c1 device  0 [0x1b] NVIDIA B200
#  Rank  9 Group  0 Pid  10210 on node5702-c1 device  1 [0x43] NVIDIA B200
#  Rank 10 Group  0 Pid  10210 on node5702-c1 device  2 [0x52] NVIDIA B200
#  Rank 11 Group  0 Pid  10210 on node5702-c1 device  3 [0x61] NVIDIA B200
#  Rank 12 Group  0 Pid  10210 on node5702-c1 device  4 [0x9d] NVIDIA B200
#  Rank 13 Group  0 Pid  10210 on node5702-c1 device  5 [0xc3] NVIDIA B200
#  Rank 14 Group  0 Pid  10210 on node5702-c1 device  6 [0xd1] NVIDIA B200
#  Rank 15 Group  0 Pid  10210 on node5702-c1 device  7 [0xdf] NVIDIA B200
NCCL version 2.29.2+cuda13.1
#
#                                                              out-of-place                       in-place          
#       size         count      type   redop    root     time   algbw   busbw #wrong     time   algbw   busbw #wrong
#        (B)    (elements)                               (us)  (GB/s)  (GB/s)            (us)  (GB/s)  (GB/s)       
     1048576        262144     float     sum      -1    477.6    2.20    4.12      0    460.6    2.28    4.27      0
     4194304       1048576     float     sum      -1   1169.6    3.59    6.72      0    831.7    5.04    9.46      0
    16777216       4194304     float     sum      -1    948.7   17.68   33.16      0    840.9   19.95   37.41      0
    67108864      16777216     float     sum      -1   1565.9   42.86   80.36      0   2030.2   33.06   61.98      0
   268435456      67108864     float     sum      -1   3359.9   79.90  149.80      0   3007.3   89.26  167.37      0
  1073741824     268435456     float     sum      -1    11067   97.03  181.92      0    10486  102.40  192.00      0
  4294967296    1073741824     float     sum      -1    35863  119.76  224.55      0    35660  120.44  225.83      0
 17179869184    4294967296     float     sum      -1   139409  123.23  231.06      0   139404  123.24  231.07      0
# Out of bounds values : 0 OK
# Avg bus bandwidth    : 115.067 
#

%%%%%%%%% all_gather_perf %%%%%%%%%%
# nThread 1 nGpus 8 minBytes 1048576 maxBytes 17179869184 step: 4(factor) warmup iters: 5 iters: 20 agg iters: 1 validation: 1 graph: 0
#
# Using devices
#  Rank  0 Group  0 Pid   9436 on node5602-c1 device  0 [0x1b] NVIDIA B200
#  Rank  1 Group  0 Pid   9436 on node5602-c1 device  1 [0x43] NVIDIA B200
#  Rank  2 Group  0 Pid   9436 on node5602-c1 device  2 [0x52] NVIDIA B200
#  Rank  3 Group  0 Pid   9436 on node5602-c1 device  3 [0x61] NVIDIA B200
#  Rank  4 Group  0 Pid   9436 on node5602-c1 device  4 [0x9d] NVIDIA B200
#  Rank  5 Group  0 Pid   9436 on node5602-c1 device  5 [0xc3] NVIDIA B200
#  Rank  6 Group  0 Pid   9436 on node5602-c1 device  6 [0xd1] NVIDIA B200
#  Rank  7 Group  0 Pid   9436 on node5602-c1 device  7 [0xdf] NVIDIA B200
#  Rank  8 Group  0 Pid  10769 on node5702-c1 device  0 [0x1b] NVIDIA B200
#  Rank  9 Group  0 Pid  10769 on node5702-c1 device  1 [0x43] NVIDIA B200
#  Rank 10 Group  0 Pid  10769 on node5702-c1 device  2 [0x52] NVIDIA B200
#  Rank 11 Group  0 Pid  10769 on node5702-c1 device  3 [0x61] NVIDIA B200
#  Rank 12 Group  0 Pid  10769 on node5702-c1 device  4 [0x9d] NVIDIA B200
#  Rank 13 Group  0 Pid  10769 on node5702-c1 device  5 [0xc3] NVIDIA B200
#  Rank 14 Group  0 Pid  10769 on node5702-c1 device  6 [0xd1] NVIDIA B200
#  Rank 15 Group  0 Pid  10769 on node5702-c1 device  7 [0xdf] NVIDIA B200
NCCL version 2.29.2+cuda13.1
#
#                                                              out-of-place                       in-place          
#       size         count      type   redop    root     time   algbw   busbw #wrong     time   algbw   busbw #wrong
#        (B)    (elements)                               (us)  (GB/s)  (GB/s)            (us)  (GB/s)  (GB/s)       
     1048576         16384     float    none      -1    471.0    2.23    2.09      0    515.0    2.04    1.91      0
     4194304         65536     float    none      -1    584.9    7.17    6.72      0    530.7    7.90    7.41      0
    16777216        262144     float    none      -1    509.0   32.96   30.90      0    493.1   34.02   31.90      0
    67108864       1048576     float    none      -1   1357.8   49.42   46.33      0   1362.1   49.27   46.19      0
   268435456       4194304     float    none      -1   1473.1  182.23  170.84      0   1508.4  177.96  166.84      0
  1073741824      16777216     float    none      -1   3217.4  333.73  312.87      0   3189.2  336.68  315.64      0
  4294967296      67108864     float    none      -1    12198  352.09  330.09      0    11455  374.94  351.51      0
 17179869184     268435456     float    none      -1    43237  397.34  372.50      0    42329  405.87  380.50      0
# Out of bounds values : 0 OK
# Avg bus bandwidth    : 160.89 
#

%%%%%%%%% reduce_scatter_perf %%%%%%%%%%
# nThread 1 nGpus 8 minBytes 1048576 maxBytes 17179869184 step: 4(factor) warmup iters: 5 iters: 20 agg iters: 1 validation: 1 graph: 0
#
# Using devices
#  Rank  0 Group  0 Pid   9529 on node5602-c1 device  0 [0x1b] NVIDIA B200
#  Rank  1 Group  0 Pid   9529 on node5602-c1 device  1 [0x43] NVIDIA B200
#  Rank  2 Group  0 Pid   9529 on node5602-c1 device  2 [0x52] NVIDIA B200
#  Rank  3 Group  0 Pid   9529 on node5602-c1 device  3 [0x61] NVIDIA B200
#  Rank  4 Group  0 Pid   9529 on node5602-c1 device  4 [0x9d] NVIDIA B200
#  Rank  5 Group  0 Pid   9529 on node5602-c1 device  5 [0xc3] NVIDIA B200
#  Rank  6 Group  0 Pid   9529 on node5602-c1 device  6 [0xd1] NVIDIA B200
#  Rank  7 Group  0 Pid   9529 on node5602-c1 device  7 [0xdf] NVIDIA B200
#  Rank  8 Group  0 Pid  11320 on node5702-c1 device  0 [0x1b] NVIDIA B200
#  Rank  9 Group  0 Pid  11320 on node5702-c1 device  1 [0x43] NVIDIA B200
#  Rank 10 Group  0 Pid  11320 on node5702-c1 device  2 [0x52] NVIDIA B200
#  Rank 11 Group  0 Pid  11320 on node5702-c1 device  3 [0x61] NVIDIA B200
#  Rank 12 Group  0 Pid  11320 on node5702-c1 device  4 [0x9d] NVIDIA B200
#  Rank 13 Group  0 Pid  11320 on node5702-c1 device  5 [0xc3] NVIDIA B200
#  Rank 14 Group  0 Pid  11320 on node5702-c1 device  6 [0xd1] NVIDIA B200
#  Rank 15 Group  0 Pid  11320 on node5702-c1 device  7 [0xdf] NVIDIA B200
NCCL version 2.29.2+cuda13.1
#
#                                                              out-of-place                       in-place          
#       size         count      type   redop    root     time   algbw   busbw #wrong     time   algbw   busbw #wrong
#        (B)    (elements)                               (us)  (GB/s)  (GB/s)            (us)  (GB/s)  (GB/s)       
     1048576         16384     float     sum      -1    646.6    1.62    1.52      0    629.7    1.67    1.56      0
     4194304         65536     float     sum      -1    650.8    6.45    6.04      0    589.9    7.11    6.67      0
    16777216        262144     float     sum      -1    595.9   28.15   26.39      0    565.2   29.69   27.83      0
    67108864       1048576     float     sum      -1   1333.0   50.34   47.20      0   1327.5   50.55   47.39      0
   268435456       4194304     float     sum      -1   1473.0  182.23  170.84      0   1474.5  182.05  170.67      0
  1073741824      16777216     float     sum      -1   3148.9  340.99  319.68      0   3191.9  336.39  315.37      0
  4294967296      67108864     float     sum      -1    11501  373.44  350.10      0    10909  393.71  369.10      0
 17179869184     268435456     float     sum      -1    42239  406.73  381.31      0    42221  406.91  381.47      0
# Out of bounds values : 0 OK
# Avg bus bandwidth    : 163.947 
#

%%%%%%%%% reduce_perf %%%%%%%%%%
# nThread 1 nGpus 8 minBytes 1048576 maxBytes 17179869184 step: 4(factor) warmup iters: 5 iters: 20 agg iters: 1 validation: 1 graph: 0
#
# Using devices
#  Rank  0 Group  0 Pid   9622 on node5602-c1 device  0 [0x1b] NVIDIA B200
#  Rank  1 Group  0 Pid   9622 on node5602-c1 device  1 [0x43] NVIDIA B200
#  Rank  2 Group  0 Pid   9622 on node5602-c1 device  2 [0x52] NVIDIA B200
#  Rank  3 Group  0 Pid   9622 on node5602-c1 device  3 [0x61] NVIDIA B200
#  Rank  4 Group  0 Pid   9622 on node5602-c1 device  4 [0x9d] NVIDIA B200
#  Rank  5 Group  0 Pid   9622 on node5602-c1 device  5 [0xc3] NVIDIA B200
#  Rank  6 Group  0 Pid   9622 on node5602-c1 device  6 [0xd1] NVIDIA B200
#  Rank  7 Group  0 Pid   9622 on node5602-c1 device  7 [0xdf] NVIDIA B200
#  Rank  8 Group  0 Pid  11871 on node5702-c1 device  0 [0x1b] NVIDIA B200
#  Rank  9 Group  0 Pid  11871 on node5702-c1 device  1 [0x43] NVIDIA B200
#  Rank 10 Group  0 Pid  11871 on node5702-c1 device  2 [0x52] NVIDIA B200
#  Rank 11 Group  0 Pid  11871 on node5702-c1 device  3 [0x61] NVIDIA B200
#  Rank 12 Group  0 Pid  11871 on node5702-c1 device  4 [0x9d] NVIDIA B200
#  Rank 13 Group  0 Pid  11871 on node5702-c1 device  5 [0xc3] NVIDIA B200
#  Rank 14 Group  0 Pid  11871 on node5702-c1 device  6 [0xd1] NVIDIA B200
#  Rank 15 Group  0 Pid  11871 on node5702-c1 device  7 [0xdf] NVIDIA B200
NCCL version 2.29.2+cuda13.1
#
#                                                              out-of-place                       in-place          
#       size         count      type   redop    root     time   algbw   busbw #wrong     time   algbw   busbw #wrong
#        (B)    (elements)                               (us)  (GB/s)  (GB/s)            (us)  (GB/s)  (GB/s)       
     1048576        262144     float     sum       0    456.7    2.30    2.30      0    412.8    2.54    2.54      0
     4194304       1048576     float     sum       0    261.6   16.03   16.03      0    161.7   25.94   25.94      0
    16777216       4194304     float     sum       0    230.6   72.75   72.75      0    230.5   72.78   72.78      0
    67108864      16777216     float     sum       0    411.1  163.26  163.26      0    395.7  169.58  169.58      0
   268435456      67108864     float     sum       0   1133.0  236.93  236.93      0   1132.6  237.01  237.01      0
  1073741824     268435456     float     sum       0   4110.6  261.21  261.21      0   4190.0  256.27  256.27      0
  4294967296    1073741824     float     sum       0    13195  325.49  325.49      0    12104  354.85  354.85      0
 17179869184    4294967296     float     sum       0    46158  372.19  372.19      0    47649  360.55  360.55      0
# Out of bounds values : 0 OK
# Avg bus bandwidth    : 183.105 
#

%%%%%%%%% broadcast_perf %%%%%%%%%%
# nThread 1 nGpus 8 minBytes 1048576 maxBytes 17179869184 step: 4(factor) warmup iters: 5 iters: 20 agg iters: 1 validation: 1 graph: 0
#
# Using devices
#  Rank  0 Group  0 Pid   9715 on node5602-c1 device  0 [0x1b] NVIDIA B200
#  Rank  1 Group  0 Pid   9715 on node5602-c1 device  1 [0x43] NVIDIA B200
#  Rank  2 Group  0 Pid   9715 on node5602-c1 device  2 [0x52] NVIDIA B200
#  Rank  3 Group  0 Pid   9715 on node5602-c1 device  3 [0x61] NVIDIA B200
#  Rank  4 Group  0 Pid   9715 on node5602-c1 device  4 [0x9d] NVIDIA B200
#  Rank  5 Group  0 Pid   9715 on node5602-c1 device  5 [0xc3] NVIDIA B200
#  Rank  6 Group  0 Pid   9715 on node5602-c1 device  6 [0xd1] NVIDIA B200
#  Rank  7 Group  0 Pid   9715 on node5602-c1 device  7 [0xdf] NVIDIA B200
#  Rank  8 Group  0 Pid  12422 on node5702-c1 device  0 [0x1b] NVIDIA B200
#  Rank  9 Group  0 Pid  12422 on node5702-c1 device  1 [0x43] NVIDIA B200
#  Rank 10 Group  0 Pid  12422 on node5702-c1 device  2 [0x52] NVIDIA B200
#  Rank 11 Group  0 Pid  12422 on node5702-c1 device  3 [0x61] NVIDIA B200
#  Rank 12 Group  0 Pid  12422 on node5702-c1 device  4 [0x9d] NVIDIA B200
#  Rank 13 Group  0 Pid  12422 on node5702-c1 device  5 [0xc3] NVIDIA B200
#  Rank 14 Group  0 Pid  12422 on node5702-c1 device  6 [0xd1] NVIDIA B200
#  Rank 15 Group  0 Pid  12422 on node5702-c1 device  7 [0xdf] NVIDIA B200
NCCL version 2.29.2+cuda13.1
#
#                                                              out-of-place                       in-place          
#       size         count      type   redop    root     time   algbw   busbw #wrong     time   algbw   busbw #wrong
#        (B)    (elements)                               (us)  (GB/s)  (GB/s)            (us)  (GB/s)  (GB/s)       
     1048576        262144     float    none       0    508.1    2.06    2.06      0    484.9    2.16    2.16      0
     4194304       1048576     float    none       0    163.4   25.67   25.67      0    163.2   25.70   25.70      0
    16777216       4194304     float    none       0    181.1   92.66   92.66      0    182.2   92.06   92.06      0
    67108864      16777216     float    none       0    390.1  172.01  172.01      0    398.0  168.63  168.63      0
   268435456      67108864     float    none       0   1269.1  211.52  211.52      0   1264.6  212.26  212.26      0
  1073741824     268435456     float    none       0   4392.9  244.43  244.43      0   4375.6  245.40  245.40      0
  4294967296    1073741824     float    none       0    14212  302.21  302.21      0    13850  310.11  310.11      0
 17179869184    4294967296     float    none       0    48546  353.89  353.89      0    48688  352.86  352.86      0
# Out of bounds values : 0 OK
# Avg bus bandwidth    : 175.852 
#

%%%%%%%%% alltoall_perf %%%%%%%%%%
# nThread 1 nGpus 8 minBytes 1048576 maxBytes 17179869184 step: 4(factor) warmup iters: 5 iters: 20 agg iters: 1 validation: 1 graph: 0
#
# Using devices
#  Rank  0 Group  0 Pid   9808 on node5602-c1 device  0 [0x1b] NVIDIA B200
#  Rank  1 Group  0 Pid   9808 on node5602-c1 device  1 [0x43] NVIDIA B200
#  Rank  2 Group  0 Pid   9808 on node5602-c1 device  2 [0x52] NVIDIA B200
#  Rank  3 Group  0 Pid   9808 on node5602-c1 device  3 [0x61] NVIDIA B200
#  Rank  4 Group  0 Pid   9808 on node5602-c1 device  4 [0x9d] NVIDIA B200
#  Rank  5 Group  0 Pid   9808 on node5602-c1 device  5 [0xc3] NVIDIA B200
#  Rank  6 Group  0 Pid   9808 on node5602-c1 device  6 [0xd1] NVIDIA B200
#  Rank  7 Group  0 Pid   9808 on node5602-c1 device  7 [0xdf] NVIDIA B200
#  Rank  8 Group  0 Pid  12973 on node5702-c1 device  0 [0x1b] NVIDIA B200
#  Rank  9 Group  0 Pid  12973 on node5702-c1 device  1 [0x43] NVIDIA B200
#  Rank 10 Group  0 Pid  12973 on node5702-c1 device  2 [0x52] NVIDIA B200
#  Rank 11 Group  0 Pid  12973 on node5702-c1 device  3 [0x61] NVIDIA B200
#  Rank 12 Group  0 Pid  12973 on node5702-c1 device  4 [0x9d] NVIDIA B200
#  Rank 13 Group  0 Pid  12973 on node5702-c1 device  5 [0xc3] NVIDIA B200
#  Rank 14 Group  0 Pid  12973 on node5702-c1 device  6 [0xd1] NVIDIA B200
#  Rank 15 Group  0 Pid  12973 on node5702-c1 device  7 [0xdf] NVIDIA B200
NCCL version 2.29.2+cuda13.1
#
#                                                              out-of-place                       in-place          
#       size         count      type   redop    root     time   algbw   busbw #wrong     time   algbw   busbw #wrong
#        (B)    (elements)                               (us)  (GB/s)  (GB/s)            (us)  (GB/s)  (GB/s)       
     1048576         16384     float    none      -1    712.0    1.47    1.38      0    580.1    1.81    1.69    N/A
     4194304         65536     float    none      -1    823.8    5.09    4.77      0    810.9    5.17    4.85    N/A
    16777216        262144     float    none      -1   1531.7   10.95   10.27      0   1388.1   12.09   11.33    N/A
    67108864       1048576     float    none      -1   3146.8   21.33   19.99      0   3048.4   22.01   20.64    N/A
   268435456       4194304     float    none      -1   9837.6   27.29   25.58      0   7615.2   35.25   33.05    N/A
  1073741824      16777216     float    none      -1    25617   41.91   39.30      0    23744   45.22   42.40    N/A
  4294967296      67108864     float    none      -1    83771   51.27   48.07      0    82355   52.15   48.89    N/A
 17179869184     268435456     float    none      -1   328449   52.31   49.04      0   329469   52.14   48.89    N/A
# Out of bounds values : 0 OK
# Avg bus bandwidth    : 25.633 
#

%%%%%%%%% gather_perf %%%%%%%%%%
# nThread 1 nGpus 8 minBytes 1048576 maxBytes 17179869184 step: 4(factor) warmup iters: 5 iters: 20 agg iters: 1 validation: 1 graph: 0
#
# Using devices
#  Rank  0 Group  0 Pid   9901 on node5602-c1 device  0 [0x1b] NVIDIA B200
#  Rank  1 Group  0 Pid   9901 on node5602-c1 device  1 [0x43] NVIDIA B200
#  Rank  2 Group  0 Pid   9901 on node5602-c1 device  2 [0x52] NVIDIA B200
#  Rank  3 Group  0 Pid   9901 on node5602-c1 device  3 [0x61] NVIDIA B200
#  Rank  4 Group  0 Pid   9901 on node5602-c1 device  4 [0x9d] NVIDIA B200
#  Rank  5 Group  0 Pid   9901 on node5602-c1 device  5 [0xc3] NVIDIA B200
#  Rank  6 Group  0 Pid   9901 on node5602-c1 device  6 [0xd1] NVIDIA B200
#  Rank  7 Group  0 Pid   9901 on node5602-c1 device  7 [0xdf] NVIDIA B200
#  Rank  8 Group  0 Pid  13524 on node5702-c1 device  0 [0x1b] NVIDIA B200
#  Rank  9 Group  0 Pid  13524 on node5702-c1 device  1 [0x43] NVIDIA B200
#  Rank 10 Group  0 Pid  13524 on node5702-c1 device  2 [0x52] NVIDIA B200
#  Rank 11 Group  0 Pid  13524 on node5702-c1 device  3 [0x61] NVIDIA B200
#  Rank 12 Group  0 Pid  13524 on node5702-c1 device  4 [0x9d] NVIDIA B200
#  Rank 13 Group  0 Pid  13524 on node5702-c1 device  5 [0xc3] NVIDIA B200
#  Rank 14 Group  0 Pid  13524 on node5702-c1 device  6 [0xd1] NVIDIA B200
#  Rank 15 Group  0 Pid  13524 on node5702-c1 device  7 [0xdf] NVIDIA B200
NCCL version 2.29.2+cuda13.1
#
#                                                              out-of-place                       in-place          
#       size         count      type   redop    root     time   algbw   busbw #wrong     time   algbw   busbw #wrong
#        (B)    (elements)                               (us)  (GB/s)  (GB/s)            (us)  (GB/s)  (GB/s)       
     1048576         16384     float    none       0    50.80   20.64   19.35      0    50.08   20.94   19.63      0
     4194304         65536     float    none       0    70.37   59.61   55.88      0    65.41   64.12   60.11      0
    16777216        262144     float    none       0    176.5   95.05   89.11      0    176.0   95.31   89.35      0
    67108864       1048576     float    none       0    668.2  100.44   94.16      0    670.9  100.03   93.78      0
   268435456       4194304     float    none       0   2683.8  100.02   93.77      0   2682.5  100.07   93.82      0
  1073741824      16777216     float    none       0    10746   99.92   93.68      0    10745   99.93   93.68      0
  4294967296      67108864     float    none       0    42991   99.91   93.66      0    42990   99.91   93.66      0
 17179869184     268435456     float    none       0   171969   99.90   93.66      0   171968   99.90   93.66      0
# Out of bounds values : 0 OK
# Avg bus bandwidth    : 79.4349 
#

%%%%%%%%% scatter_perf %%%%%%%%%%
# nThread 1 nGpus 8 minBytes 1048576 maxBytes 17179869184 step: 4(factor) warmup iters: 5 iters: 20 agg iters: 1 validation: 1 graph: 0
#
# Using devices
#  Rank  0 Group  0 Pid   9987 on node5602-c1 device  0 [0x1b] NVIDIA B200
#  Rank  1 Group  0 Pid   9987 on node5602-c1 device  1 [0x43] NVIDIA B200
#  Rank  2 Group  0 Pid   9987 on node5602-c1 device  2 [0x52] NVIDIA B200
#  Rank  3 Group  0 Pid   9987 on node5602-c1 device  3 [0x61] NVIDIA B200
#  Rank  4 Group  0 Pid   9987 on node5602-c1 device  4 [0x9d] NVIDIA B200
#  Rank  5 Group  0 Pid   9987 on node5602-c1 device  5 [0xc3] NVIDIA B200
#  Rank  6 Group  0 Pid   9987 on node5602-c1 device  6 [0xd1] NVIDIA B200
#  Rank  7 Group  0 Pid   9987 on node5602-c1 device  7 [0xdf] NVIDIA B200
#  Rank  8 Group  0 Pid  14068 on node5702-c1 device  0 [0x1b] NVIDIA B200
#  Rank  9 Group  0 Pid  14068 on node5702-c1 device  1 [0x43] NVIDIA B200
#  Rank 10 Group  0 Pid  14068 on node5702-c1 device  2 [0x52] NVIDIA B200
#  Rank 11 Group  0 Pid  14068 on node5702-c1 device  3 [0x61] NVIDIA B200
#  Rank 12 Group  0 Pid  14068 on node5702-c1 device  4 [0x9d] NVIDIA B200
#  Rank 13 Group  0 Pid  14068 on node5702-c1 device  5 [0xc3] NVIDIA B200
#  Rank 14 Group  0 Pid  14068 on node5702-c1 device  6 [0xd1] NVIDIA B200
#  Rank 15 Group  0 Pid  14068 on node5702-c1 device  7 [0xdf] NVIDIA B200
NCCL version 2.29.2+cuda13.1
#
#                                                              out-of-place                       in-place          
#       size         count      type   redop    root     time   algbw   busbw #wrong     time   algbw   busbw #wrong
#        (B)    (elements)                               (us)  (GB/s)  (GB/s)            (us)  (GB/s)  (GB/s)       
     1048576         16384     float    none       0    295.5    3.55    3.33      0    209.1    5.02    4.70      0
     4194304         65536     float    none       0    177.0   23.70   22.22      0    91.77   45.71   42.85      0
    16777216        262144     float    none       0    130.7  128.40  120.37      0    131.5  127.62  119.64      0
    67108864       1048576     float    none       0    313.7  213.92  200.55      0    315.3  212.82  199.52      0
   268435456       4194304     float    none       0   1093.0  245.60  230.25      0   1073.5  250.05  234.42      0
  1073741824      16777216     float    none       0   4045.5  265.42  248.83      0   4050.5  265.09  248.52      0
  4294967296      67108864     float    none       0    12838  334.55  313.64      0    12798  335.59  314.62      0
 17179869184     268435456     float    none       0    47564  361.20  338.62      0    47350  362.83  340.15      0
# Out of bounds values : 0 OK
# Avg bus bandwidth    : 186.389 
#

%%%%%%%%% hypercube_perf %%%%%%%%%%
# nThread 1 nGpus 8 minBytes 1048576 maxBytes 17179869184 step: 4(factor) warmup iters: 5 iters: 20 agg iters: 1 validation: 1 graph: 0
#
# Using devices
#  Rank  0 Group  0 Pid  10081 on node5602-c1 device  0 [0x1b] NVIDIA B200
#  Rank  1 Group  0 Pid  10081 on node5602-c1 device  1 [0x43] NVIDIA B200
#  Rank  2 Group  0 Pid  10081 on node5602-c1 device  2 [0x52] NVIDIA B200
#  Rank  3 Group  0 Pid  10081 on node5602-c1 device  3 [0x61] NVIDIA B200
#  Rank  4 Group  0 Pid  10081 on node5602-c1 device  4 [0x9d] NVIDIA B200
#  Rank  5 Group  0 Pid  10081 on node5602-c1 device  5 [0xc3] NVIDIA B200
#  Rank  6 Group  0 Pid  10081 on node5602-c1 device  6 [0xd1] NVIDIA B200
#  Rank  7 Group  0 Pid  10081 on node5602-c1 device  7 [0xdf] NVIDIA B200
#  Rank  8 Group  0 Pid  14620 on node5702-c1 device  0 [0x1b] NVIDIA B200
#  Rank  9 Group  0 Pid  14620 on node5702-c1 device  1 [0x43] NVIDIA B200
#  Rank 10 Group  0 Pid  14620 on node5702-c1 device  2 [0x52] NVIDIA B200
#  Rank 11 Group  0 Pid  14620 on node5702-c1 device  3 [0x61] NVIDIA B200
#  Rank 12 Group  0 Pid  14620 on node5702-c1 device  4 [0x9d] NVIDIA B200
#  Rank 13 Group  0 Pid  14620 on node5702-c1 device  5 [0xc3] NVIDIA B200
#  Rank 14 Group  0 Pid  14620 on node5702-c1 device  6 [0xd1] NVIDIA B200
#  Rank 15 Group  0 Pid  14620 on node5702-c1 device  7 [0xdf] NVIDIA B200
NCCL version 2.29.2+cuda13.1
#
#                                                              out-of-place                       in-place          
#       size         count      type   redop    root     time   algbw   busbw #wrong     time   algbw   busbw #wrong
#        (B)    (elements)                               (us)  (GB/s)  (GB/s)            (us)  (GB/s)  (GB/s)       
     1048576         16384     float              -1    414.7    2.37    2.37  2.25984e+06    279.1    3.52    3.52  2.39072e+06
     4194304         65536     float              -1    453.2    8.68    8.68  8.11622e+06    411.5    9.56    9.56  8.37763e+06
    16777216        262144     float              -1   1177.3   13.36   13.36  2.02801e+07   1124.4   13.99   13.99  2.01679e+07
    67108864       1048576     float              -1   3987.6   15.78   15.78  3.93228e+07   3562.7   17.66   17.66  4.38111e+07
   268435456       4194304     float              -1    11568   21.75   21.75  9.56855e+07    10062   25.01   25.01  1.2934e+08
  1073741824      16777216     float              -1    34564   29.12   29.12  3.98114e+08    34004   29.60   29.60  3.96083e+08
  4294967296      67108864     float              -1   133654   30.13   30.13  1.57024e+09   133145   30.24   30.24  1.57518e+09
 17179869184     268435456     float              -1   532750   30.23   30.23  6.14139e+09   547976   29.39   29.39  6.01932e+09
# Out of bounds values : 32 FAILED
# Avg bus bandwidth    : 19.3996 
#

--------------------------------------------------------------------------
Primary job  terminated normally, but 1 process returned
a non-zero exit code. Per user-direction, the job has been aborted.
--------------------------------------------------------------------------
--------------------------------------------------------------------------
mpirun detected that one or more processes exited with non-zero status, thus causing
the job to be terminated. The first process to do so was:

  Process name: [[53489,1],0]
  Exit code:    1
--------------------------------------------------------------------------
