server=node5501 client=node5502
=== allocated GPU ===
0, NVIDIA B200, 00000000:1B:00.0
=== GPU <-> NIC topology (nvidia-smi topo -m) ===
	[4mGPU0	NIC0	NIC1	NIC2	NIC3	NIC4	NIC5	NIC6	NIC7	NIC8	NIC9	NIC10	NIC11	NIC12	NIC13	NIC14	NIC15	CPU Affinity	NUMA Affinity	GPU NUMA ID[0m
GPU0	 X 	NODE	NODE	NODE	NODE	PXB	NODE	NODE	NODE	NODE	NODE	NODE	NODE	NODE	NODE	NODE	NODE	0,112	0		N/A
NIC0	NODE	 X 	PIX	PIX	PIX	NODE	NODE	NODE	NODE	NODE	NODE	NODE	NODE	NODE	NODE	NODE	NODE				
NIC1	NODE	PIX	 X 	PIX	PIX	NODE	NODE	NODE	NODE	NODE	NODE	NODE	NODE	NODE	NODE	NODE	NODE				
NIC2	NODE	PIX	PIX	 X 	PIX	NODE	NODE	NODE	NODE	NODE	NODE	NODE	NODE	NODE	NODE	NODE	NODE				
NIC3	NODE	PIX	PIX	PIX	 X 	NODE	NODE	NODE	NODE	NODE	NODE	NODE	NODE	NODE	NODE	NODE	NODE				
NIC4	PXB	NODE	NODE	NODE	NODE	 X 	NODE	NODE	NODE	NODE	NODE	NODE	NODE	NODE	NODE	NODE	NODE				
NIC5	NODE	NODE	NODE	NODE	NODE	NODE	 X 	PIX	NODE	NODE	NODE	NODE	NODE	NODE	NODE	NODE	NODE				
NIC6	NODE	NODE	NODE	NODE	NODE	NODE	PIX	 X 	NODE	NODE	NODE	NODE	NODE	NODE	NODE	NODE	NODE				
NIC7	NODE	NODE	NODE	NODE	NODE	NODE	NODE	NODE	 X 	NODE	NODE	NODE	NODE	NODE	NODE	NODE	NODE				
NIC8	NODE	NODE	NODE	NODE	NODE	NODE	NODE	NODE	NODE	 X 	NODE	NODE	NODE	NODE	NODE	NODE	NODE				
NIC9	NODE	NODE	NODE	NODE	NODE	NODE	NODE	NODE	NODE	NODE	 X 	NODE	NODE	NODE	NODE	NODE	NODE				
NIC10	NODE	NODE	NODE	NODE	NODE	NODE	NODE	NODE	NODE	NODE	NODE	 X 	NODE	NODE	NODE	NODE	NODE				
NIC11	NODE	NODE	NODE	NODE	NODE	NODE	NODE	NODE	NODE	NODE	NODE	NODE	 X 	PIX	NODE	NODE	NODE				
NIC12	NODE	NODE	NODE	NODE	NODE	NODE	NODE	NODE	NODE	NODE	NODE	NODE	PIX	 X 	NODE	NODE	NODE				
NIC13	NODE	NODE	NODE	NODE	NODE	NODE	NODE	NODE	NODE	NODE	NODE	NODE	NODE	NODE	 X 	NODE	NODE				
NIC14	NODE	NODE	NODE	NODE	NODE	NODE	NODE	NODE	NODE	NODE	NODE	NODE	NODE	NODE	NODE	 X 	NODE				
NIC15	NODE	NODE	NODE	NODE	NODE	NODE	NODE	NODE	NODE	NODE	NODE	NODE	NODE	NODE	NODE	NODE	 X 				

Legend:
=== mlx5 device -> PCI BDF map ===
mlx5_0  bdf=0000:05:00.0  rate=100
mlx5_1  bdf=0000:05:00.1  rate=100
mlx5_10  bdf=0000:9a:00.0  rate=400
mlx5_11  bdf=0000:aa:00.0  rate=10
mlx5_12  bdf=0000:aa:00.1  rate=10
mlx5_13  bdf=0000:c0:00.0  rate=400
mlx5_14  bdf=0000:ce:00.0  rate=400
mlx5_15  bdf=0000:dc:00.0  rate=400
mlx5_2  bdf=0000:05:00.2  rate=100
mlx5_3  bdf=0000:05:00.3  rate=100
mlx5_4  bdf=0000:18:00.0  rate=400
mlx5_5  bdf=0000:29:00.0  rate=10
mlx5_6  bdf=0000:29:00.1  rate=10
mlx5_7  bdf=0000:40:00.0  rate=400
mlx5_8  bdf=0000:4f:00.0  rate=400
mlx5_9  bdf=0000:5e:00.0  rate=400
=== GPU-memory RDMA on each 400 Gb/s rail (unidirectional) ===
########## mlx5_4 ##########
 8388608    2000             395.55             395.55 		     0.005894
########## mlx5_7 ##########
 8388608    2000             148.55             148.55 		     0.002214
########## mlx5_8 ##########
 8388608    2000             148.52             148.52 		     0.002213
########## mlx5_9 ##########
srun: error: node5502: task 0: Exited with exit code 1
[2026-08-07T16:54:25.018] error: *** JOB 19884230 ON node5501 CANCELLED AT 2026-08-07T16:54:25 DUE TO TIME LIMIT ***
