==============================================================
ib_write_bw GPUDirect RDMA — B300, single node
  date        : 2026-10-01 12:13:24
  job         : 24550230
  node        : node5900-c1
  client      : mlx5_0 + GPU0   (the GPU-read path under test)
  server      : mlx5_6 + GPU1
  message     : 67108864 bytes, 200 iterations
==============================================================

---------- system configuration: node5900-c1 ----------
os           : "Rocky Linux 8.10 (Green Obsidian)"
kernel       : 6.12.0-211.47.1.el10_2.x86_64
cmdline      : BOOT_IMAGE=(md/md0)/boot/vmlinuz-6.12.0-211.47.1.el10_2.x86_64 root=UUID=36b93e02-0b6c-4897-9489-9d3b16478ab3 ro crashkernel=2G-64G:256M,64G-:512M resume=UUID=2a5c4de8-ca4b-4721-a5f0-83c60a377abb rd.md.uuid=a71bd285:6b5ad466:b96ded7c:0749e625 rd.md.uuid=4ce6bae2:9657393f:f8e0f6fc:21905b48 console=ttyS0,115200 selinux=0 rd.driver.blacklist=nouveau iommu=off rd.driver.blacklist=nova-core init_on_alloc=0 pci=disable_acs_redir=pci:0:0 iommu=pt intel_iommu=on console=tty0 console=ttyS0,115200n8 pci=realloc=off
iommu groups : 0  (0 => IOMMU off)
governor     : performance
cpu          : Intel(R) Xeon(R) 6776P
driver       : NVRM version: NVIDIA UNIX Open Kernel Module for x86_64  590.48.01  Release Build  (root@node5900)  Mon Sep 28 04:08:59 PM EDT 2026
mofed        : OFED-internal-26.04-0.8.6:
hca fw       : 40.49.1120
link rate    : mlx5_0 400 Gb/sec (4X NDR), mlx5_6 400 Gb/sec (4X NDR)
peermem      : 3 module(s)

	[4mGPU0	GPU1	GPU2	GPU3	GPU4	GPU5	GPU6	GPU7	NIC0	NIC1	NIC2	NIC3	NIC4	NIC5	NIC6	NIC7	NIC8	NIC9	NIC10	NIC11	NIC12	NIC13	NIC14	NIC15	NIC16	NIC17	NIC18	NIC19	NIC20	NIC21	NIC22	NIC23	CPU Affinity	NUMA Affinity	GPU NUMA ID[0m
GPU0	 X 	NV18	NV18	NV18	NV18	NV18	NV18	NV18	PXB	PXB	NODE	NODE	NODE	NODE	NODE	NODE	NODE	NODE	NODE	NODE	NODE	NODE	SYS	SYS	SYS	SYS	SYS	SYS	SYS	SYS	SYS	SYS	0-3,128-131	0		N/A
GPU1	NV18	 X 	NV18	NV18	NV18	NV18	NV18	NV18	NODE	NODE	NODE	NODE	NODE	NODE	PXB	PXB	NODE	NODE	NODE	NODE	NODE	NODE	SYS	SYS	SYS	SYS	SYS	SYS	SYS	SYS	SYS	SYS	0-3,128-131	0		N/A
GPU2	NV18	NV18	 X 	NV18	NV18	NV18	NV18	NV18	NODE	NODE	NODE	NODE	NODE	NODE	NODE	NODE	NODE	NODE	PXB	PXB	NODE	NODE	SYS	SYS	SYS	SYS	SYS	SYS	SYS	SYS	SYS	SYS	0-3,128-131	0		N/A
GPU3	NV18	NV18	NV18	 X 	NV18	NV18	NV18	NV18	NODE	NODE	NODE	NODE	NODE	NODE	NODE	NODE	NODE	NODE	NODE	NODE	PXB	PXB	SYS	SYS	SYS	SYS	SYS	SYS	SYS	SYS	SYS	SYS	0-3,128-131	0		N/A
GPU4	NV18	NV18	NV18	NV18	 X 	NV18	NV18	NV18	SYS	SYS	SYS	SYS	SYS	SYS	SYS	SYS	SYS	SYS	SYS	SYS	SYS	SYS	PXB	PXB	NODE	NODE	NODE	NODE	NODE	NODE	NODE	NODE	64-67,192-195	1		N/A
GPU5	NV18	NV18	NV18	NV18	NV18	 X 	NV18	NV18	SYS	SYS	SYS	SYS	SYS	SYS	SYS	SYS	SYS	SYS	SYS	SYS	SYS	SYS	NODE	NODE	PXB	PXB	NODE	NODE	NODE	NODE	NODE	NODE	64-67,192-195	1		N/A
GPU6	NV18	NV18	NV18	NV18	NV18	NV18	 X 	NV18	SYS	SYS	SYS	SYS	SYS	SYS	SYS	SYS	SYS	SYS	SYS	SYS	SYS	SYS	NODE	NODE	NODE	NODE	NODE	NODE	PXB	PXB	NODE	NODE	64-67,192-195	1		N/A
GPU7	NV18	NV18	NV18	NV18	NV18	NV18	NV18	 X 	SYS	SYS	SYS	SYS	SYS	SYS	SYS	SYS	SYS	SYS	SYS	SYS	SYS	SYS	NODE	NODE	NODE	NODE	NODE	NODE	NODE	NODE	PXB	PXB	64-67,192-195	1		N/A
NIC0	PXB	NODE	NODE	NODE	SYS	SYS	SYS	SYS	 X 	PIX	NODE	NODE	NODE	NODE	NODE	NODE	NODE	NODE	NODE	NODE	NODE	NODE	SYS	SYS	SYS	SYS	SYS	SYS	SYS	SYS	SYS	SYS				
NIC1	PXB	NODE	NODE	NODE	SYS	SYS	SYS	SYS	PIX	 X 	NODE	NODE	NODE	NODE	NODE	NODE	NODE	NODE	NODE	NODE	NODE	NODE	SYS	SYS	SYS	SYS	SYS	SYS	SYS	SYS	SYS	SYS				
NIC2	NODE	NODE	NODE	NODE	SYS	SYS	SYS	SYS	NODE	NODE	 X 	PIX	PIX	PIX	NODE	NODE	NODE	NODE	NODE	NODE	NODE	NODE	SYS	SYS	SYS	SYS	SYS	SYS	SYS	SYS	SYS	SYS				
NIC3	NODE	NODE	NODE	NODE	SYS	SYS	SYS	SYS	NODE	NODE	PIX	 X 	PIX	PIX	NODE	NODE	NODE	NODE	NODE	NODE	NODE	NODE	SYS	SYS	SYS	SYS	SYS	SYS	SYS	SYS	SYS	SYS				
NIC4	NODE	NODE	NODE	NODE	SYS	SYS	SYS	SYS	NODE	NODE	PIX	PIX	 X 	PIX	NODE	NODE	NODE	NODE	NODE	NODE	NODE	NODE	SYS	SYS	SYS	SYS	SYS	SYS	SYS	SYS	SYS	SYS				
NIC5	NODE	NODE	NODE	NODE	SYS	SYS	SYS	SYS	NODE	NODE	PIX	PIX	PIX	 X 	NODE	NODE	NODE	NODE	NODE	NODE	NODE	NODE	SYS	SYS	SYS	SYS	SYS	SYS	SYS	SYS	SYS	SYS				
NIC6	NODE	PXB	NODE	NODE	SYS	SYS	SYS	SYS	NODE	NODE	NODE	NODE	NODE	NODE	 X 	PIX	NODE	NODE	NODE	NODE	NODE	NODE	SYS	SYS	SYS	SYS	SYS	SYS	SYS	SYS	SYS	SYS				
NIC7	NODE	PXB	NODE	NODE	SYS	SYS	SYS	SYS	NODE	NODE	NODE	NODE	NODE	NODE	PIX	 X 	NODE	NODE	NODE	NODE	NODE	NODE	SYS	SYS	SYS	SYS	SYS	SYS	SYS	SYS	SYS	SYS				
NIC8	NODE	NODE	NODE	NODE	SYS	SYS	SYS	SYS	NODE	NODE	NODE	NODE	NODE	NODE	NODE	NODE	 X 	PIX	NODE	NODE	NODE	NODE	SYS	SYS	SYS	SYS	SYS	SYS	SYS	SYS	SYS	SYS				
NIC9	NODE	NODE	NODE	NODE	SYS	SYS	SYS	SYS	NODE	NODE	NODE	NODE	NODE	NODE	NODE	NODE	PIX	 X 	NODE	NODE	NODE	NODE	SYS	SYS	SYS	SYS	SYS	SYS	SYS	SYS	SYS	SYS				
NIC10	NODE	NODE	PXB	NODE	SYS	SYS	SYS	SYS	NODE	NODE	NODE	NODE	NODE	NODE	NODE	NODE	NODE	NODE	 X 	PIX	NODE	NODE	SYS	SYS	SYS	SYS	SYS	SYS	SYS	SYS	SYS	SYS				
NIC11	NODE	NODE	PXB	NODE	SYS	SYS	SYS	SYS	NODE	NODE	NODE	NODE	NODE	NODE	NODE	NODE	NODE	NODE	PIX	 X 	NODE	NODE	SYS	SYS	SYS	SYS	SYS	SYS	SYS	SYS	SYS	SYS				
NIC12	NODE	NODE	NODE	PXB	SYS	SYS	SYS	SYS	NODE	NODE	NODE	NODE	NODE	NODE	NODE	NODE	NODE	NODE	NODE	NODE	 X 	PIX	SYS	SYS	SYS	SYS	SYS	SYS	SYS	SYS	SYS	SYS				
NIC13	NODE	NODE	NODE	PXB	SYS	SYS	SYS	SYS	NODE	NODE	NODE	NODE	NODE	NODE	NODE	NODE	NODE	NODE	NODE	NODE	PIX	 X 	SYS	SYS	SYS	SYS	SYS	SYS	SYS	SYS	SYS	SYS				
NIC14	SYS	SYS	SYS	SYS	PXB	NODE	NODE	NODE	SYS	SYS	SYS	SYS	SYS	SYS	SYS	SYS	SYS	SYS	SYS	SYS	SYS	SYS	 X 	PIX	NODE	NODE	NODE	NODE	NODE	NODE	NODE	NODE				
NIC15	SYS	SYS	SYS	SYS	PXB	NODE	NODE	NODE	SYS	SYS	SYS	SYS	SYS	SYS	SYS	SYS	SYS	SYS	SYS	SYS	SYS	SYS	PIX	 X 	NODE	NODE	NODE	NODE	NODE	NODE	NODE	NODE				
NIC16	SYS	SYS	SYS	SYS	NODE	PXB	NODE	NODE	SYS	SYS	SYS	SYS	SYS	SYS	SYS	SYS	SYS	SYS	SYS	SYS	SYS	SYS	NODE	NODE	 X 	PIX	NODE	NODE	NODE	NODE	NODE	NODE				
NIC17	SYS	SYS	SYS	SYS	NODE	PXB	NODE	NODE	SYS	SYS	SYS	SYS	SYS	SYS	SYS	SYS	SYS	SYS	SYS	SYS	SYS	SYS	NODE	NODE	PIX	 X 	NODE	NODE	NODE	NODE	NODE	NODE				
NIC18	SYS	SYS	SYS	SYS	NODE	NODE	NODE	NODE	SYS	SYS	SYS	SYS	SYS	SYS	SYS	SYS	SYS	SYS	SYS	SYS	SYS	SYS	NODE	NODE	NODE	NODE	 X 	PIX	NODE	NODE	NODE	NODE				
NIC19	SYS	SYS	SYS	SYS	NODE	NODE	NODE	NODE	SYS	SYS	SYS	SYS	SYS	SYS	SYS	SYS	SYS	SYS	SYS	SYS	SYS	SYS	NODE	NODE	NODE	NODE	PIX	 X 	NODE	NODE	NODE	NODE				
NIC20	SYS	SYS	SYS	SYS	NODE	NODE	PXB	NODE	SYS	SYS	SYS	SYS	SYS	SYS	SYS	SYS	SYS	SYS	SYS	SYS	SYS	SYS	NODE	NODE	NODE	NODE	NODE	NODE	 X 	PIX	NODE	NODE				
NIC21	SYS	SYS	SYS	SYS	NODE	NODE	PXB	NODE	SYS	SYS	SYS	SYS	SYS	SYS	SYS	SYS	SYS	SYS	SYS	SYS	SYS	SYS	NODE	NODE	NODE	NODE	NODE	NODE	PIX	 X 	NODE	NODE				
NIC22	SYS	SYS	SYS	SYS	NODE	NODE	NODE	PXB	SYS	SYS	SYS	SYS	SYS	SYS	SYS	SYS	SYS	SYS	SYS	SYS	SYS	SYS	NODE	NODE	NODE	NODE	NODE	NODE	NODE	NODE	 X 	PIX				
NIC23	SYS	SYS	SYS	SYS	NODE	NODE	NODE	PXB	SYS	SYS	SYS	SYS	SYS	SYS	SYS	SYS	SYS	SYS	SYS	SYS	SYS	SYS	NODE	NODE	NODE	NODE	NODE	NODE	NODE	NODE	PIX	 X 				

Legend:

  X    = Self
  SYS  = Connection traversing PCIe as well as the SMP interconnect between NUMA nodes (e.g., QPI/UPI)
  NODE = Connection traversing PCIe as well as the interconnect between PCIe Host Bridges within a NUMA node
  PHB  = Connection traversing PCIe as well as a PCIe Host Bridge (typically the CPU)
  PXB  = Connection traversing multiple PCIe bridges (without traversing the PCIe Host Bridge)
  PIX  = Connection traversing at most a single PCIe bridge
  NV#  = Connection traversing a bonded set of # NVLinks

NIC Legend:

  NIC0: mlx5_0
  NIC1: mlx5_1
  NIC2: mlx5_2
  NIC3: mlx5_3
  NIC4: mlx5_4
  NIC5: mlx5_5
  NIC6: mlx5_6
  NIC7: mlx5_7
  NIC8: mlx5_8
  NIC9: mlx5_9
  NIC10: mlx5_10
  NIC11: mlx5_11
  NIC12: mlx5_12
  NIC13: mlx5_13
  NIC14: mlx5_14
  NIC15: mlx5_15
  NIC16: mlx5_16
  NIC17: mlx5_17
  NIC18: mlx5_18
  NIC19: mlx5_19
  NIC20: mlx5_20
  NIC21: mlx5_21
  NIC22: mlx5_22
  NIC23: mlx5_23

---------- 64 MiB RDMA write ----------
host mem -> host mem         404.94 Gb/s
NIC reads from GPU           373.56 Gb/s
NIC writes into GPU          373.70 Gb/s
GPU -> GPU                   403.46 Gb/s

---------- size sweep, NIC reads from GPU ----------
  2              0.074322 Gb/s  4.645156Conflicting Mpps
  4                  0.16 Gb/s  4.888168Conflicting Mpps
  8                  0.31 Gb/s  4.834224Conflicting Mpps
  16                 0.57 Gb/s  4.460454Conflicting Mpps
  32                 1.23 Gb/s  4.785818Conflicting Mpps
  64                 2.45 Gb/s  4.778796Conflicting Mpps
  128                4.56 Gb/s  4.449889Conflicting Mpps
  256                9.78 Gb/s  4.777428Conflicting Mpps
  512               18.19 Gb/s  4.441649Conflicting Mpps
  1024              39.82 Gb/s  4.861350Conflicting Mpps
  2048              79.84 Gb/s  4.873265Conflicting Mpps
  4096             162.81 Gb/s  4.968626Conflicting Mpps
  8192             324.00 Gb/s  4.943824Conflicting Mpps
  16384            398.86 Gb/s  3.043076Conflicting Mpps
  32768            401.21 Gb/s  1.530490Conflicting Mpps
  65536            402.64 Gb/s  0.767980Conflicting Mpps
  131072           403.15 Gb/s  0.384470Conflicting Mpps
  262144           403.56 Gb/s  0.192431Conflicting Mpps
  524288           403.72 Gb/s  0.096254Conflicting Mpps
  1048576          403.75 Gb/s  0.048131Conflicting Mpps
  2097152          403.82 Gb/s  0.024070Conflicting Mpps
  4194304          403.84 Gb/s  0.012035Conflicting Mpps
  8388608          403.84 Gb/s    0.006018 Mpps

raw perftest output: out-ibwrite/raw-24550230/
done: 2026-10-01 12:14:19
