==============================================================
ib_write_bw — all 8 rails concurrently
  date    : 2026-08-24 17:23:08
  job     : 21142207
  server  : node5602-c1
  client  : node5802-c1
  mode    : gpu
  message : 67108864 bytes, 500 iterations
==============================================================

rail                 Gb/s
---------- --------------
mlx5_4             199.42
mlx5_7             393.06
mlx5_8             392.96
mlx5_9             205.05
mlx5_10            198.21
mlx5_13            391.26
mlx5_14            395.67
mlx5_15            204.58
AGGREGATE         2380.21

raw perftest output: out-ibwrite/concurrent-21142207/
done: 2026-08-24 17:23:29
