==============================================================
ib_write_bw — all 8 rails concurrently
  date    : 2026-08-24 17:24:03
  job     : 21142210
  server  : node5602-c1
  client  : node5702-c1
  mode    : gpu
  message : 67108864 bytes, 500 iterations
==============================================================

rail                 Gb/s
---------- --------------
mlx5_4             394.03
mlx5_7             395.66
mlx5_8             395.68
mlx5_9             395.62
mlx5_10            395.74
mlx5_13            395.74
mlx5_14            395.69
mlx5_15            395.53
AGGREGATE         3163.69

raw perftest output: out-ibwrite/concurrent-21142210/
done: 2026-08-24 17:24:23
